Archive member included to satisfy reference by file (symbol)

lib/blinky/libblinky.a(blinky.c.obj)
                              CMakeFiles/button_poc.dir/main.c.obj (blinky_init)
lib/button/libbutton.a(button.c.obj)
                              lib/blinky/libblinky.a(blinky.c.obj) (button_init)
lib/led/libled.a(led.c.obj)   lib/blinky/libblinky.a(blinky.c.obj) (led_init)
/usr/lib/gcc/arm-none-eabi/13.2.0/thumb/v6-m/nofp/libgcc.a(_dvmd_tls.o)
                              CMakeFiles/button_poc.dir/home/agr/EmbeddedDesign/RP2040/pico-sdk/src/rp2_common/pico_divider/divider.S.obj (__aeabi_idiv0)
/usr/lib/gcc/arm-none-eabi/13.2.0/../../../../arm-none-eabi/lib/thumb/v6-m/nofp/libg.a(libc_a-atexit.o)
                              /usr/lib/gcc/arm-none-eabi/13.2.0/../../../../arm-none-eabi/lib/thumb/v6-m/nofp/crt0.o (atexit)
/usr/lib/gcc/arm-none-eabi/13.2.0/../../../../arm-none-eabi/lib/thumb/v6-m/nofp/libg.a(libc_a-calloc.o)
                              CMakeFiles/button_poc.dir/home/agr/EmbeddedDesign/RP2040/pico-sdk/src/rp2_common/pico_malloc/pico_malloc.c.obj (calloc)
/usr/lib/gcc/arm-none-eabi/13.2.0/../../../../arm-none-eabi/lib/thumb/v6-m/nofp/libg.a(libc_a-callocr.o)
                              /usr/lib/gcc/arm-none-eabi/13.2.0/../../../../arm-none-eabi/lib/thumb/v6-m/nofp/libg.a(libc_a-calloc.o) (_calloc_r)
/usr/lib/gcc/arm-none-eabi/13.2.0/../../../../arm-none-eabi/lib/thumb/v6-m/nofp/libg.a(libc_a-malloc.o)
                              CMakeFiles/button_poc.dir/home/agr/EmbeddedDesign/RP2040/pico-sdk/src/rp2_common/pico_malloc/pico_malloc.c.obj (malloc)
/usr/lib/gcc/arm-none-eabi/13.2.0/../../../../arm-none-eabi/lib/thumb/v6-m/nofp/libg.a(libc_a-mallocr.o)
                              /usr/lib/gcc/arm-none-eabi/13.2.0/../../../../arm-none-eabi/lib/thumb/v6-m/nofp/libg.a(libc_a-callocr.o) (_malloc_r)
/usr/lib/gcc/arm-none-eabi/13.2.0/../../../../arm-none-eabi/lib/thumb/v6-m/nofp/libg.a(libc_a-mlock.o)
                              /usr/lib/gcc/arm-none-eabi/13.2.0/../../../../arm-none-eabi/lib/thumb/v6-m/nofp/libg.a(libc_a-mallocr.o) (__malloc_lock)
/usr/lib/gcc/arm-none-eabi/13.2.0/../../../../arm-none-eabi/lib/thumb/v6-m/nofp/libg.a(libc_a-realloc.o)
                              CMakeFiles/button_poc.dir/home/agr/EmbeddedDesign/RP2040/pico-sdk/src/rp2_common/pico_malloc/pico_malloc.c.obj (realloc)
/usr/lib/gcc/arm-none-eabi/13.2.0/../../../../arm-none-eabi/lib/thumb/v6-m/nofp/libg.a(libc_a-reallocr.o)
                              /usr/lib/gcc/arm-none-eabi/13.2.0/../../../../arm-none-eabi/lib/thumb/v6-m/nofp/libg.a(libc_a-realloc.o) (_realloc_r)
/usr/lib/gcc/arm-none-eabi/13.2.0/../../../../arm-none-eabi/lib/thumb/v6-m/nofp/libg.a(libc_a-memmove.o)
                              /usr/lib/gcc/arm-none-eabi/13.2.0/../../../../arm-none-eabi/lib/thumb/v6-m/nofp/libg.a(libc_a-reallocr.o) (memmove)
/usr/lib/gcc/arm-none-eabi/13.2.0/../../../../arm-none-eabi/lib/thumb/v6-m/nofp/libg.a(libc_a-impure.o)
                              /usr/lib/gcc/arm-none-eabi/13.2.0/../../../../arm-none-eabi/lib/thumb/v6-m/nofp/libg.a(libc_a-calloc.o) (_impure_ptr)
/usr/lib/gcc/arm-none-eabi/13.2.0/../../../../arm-none-eabi/lib/thumb/v6-m/nofp/libg.a(libc_a-sbrkr.o)
                              /usr/lib/gcc/arm-none-eabi/13.2.0/../../../../arm-none-eabi/lib/thumb/v6-m/nofp/libg.a(libc_a-mallocr.o) (_sbrk_r)
/usr/lib/gcc/arm-none-eabi/13.2.0/../../../../arm-none-eabi/lib/thumb/v6-m/nofp/libg.a(libc_a-errno.o)
                              /usr/lib/gcc/arm-none-eabi/13.2.0/../../../../arm-none-eabi/lib/thumb/v6-m/nofp/libg.a(libc_a-callocr.o) (__errno)
/usr/lib/gcc/arm-none-eabi/13.2.0/../../../../arm-none-eabi/lib/thumb/v6-m/nofp/libg.a(libc_a-init.o)
                              /usr/lib/gcc/arm-none-eabi/13.2.0/../../../../arm-none-eabi/lib/thumb/v6-m/nofp/crt0.o (__libc_init_array)
/usr/lib/gcc/arm-none-eabi/13.2.0/../../../../arm-none-eabi/lib/thumb/v6-m/nofp/libg.a(libc_a-fini.o)
                              /usr/lib/gcc/arm-none-eabi/13.2.0/../../../../arm-none-eabi/lib/thumb/v6-m/nofp/crt0.o (__libc_fini_array)
/usr/lib/gcc/arm-none-eabi/13.2.0/../../../../arm-none-eabi/lib/thumb/v6-m/nofp/libg.a(libc_a-lock.o)
                              /usr/lib/gcc/arm-none-eabi/13.2.0/../../../../arm-none-eabi/lib/thumb/v6-m/nofp/libg.a(libc_a-mlock.o) (__retarget_lock_acquire_recursive)
/usr/lib/gcc/arm-none-eabi/13.2.0/../../../../arm-none-eabi/lib/thumb/v6-m/nofp/libg.a(libc_a-sysconf.o)
                              /usr/lib/gcc/arm-none-eabi/13.2.0/../../../../arm-none-eabi/lib/thumb/v6-m/nofp/libg.a(libc_a-mallocr.o) (sysconf)
/usr/lib/gcc/arm-none-eabi/13.2.0/../../../../arm-none-eabi/lib/thumb/v6-m/nofp/libg.a(libc_a-strlen-stub.o)
                              CMakeFiles/button_poc.dir/home/agr/EmbeddedDesign/RP2040/pico-sdk/src/rp2_common/pico_stdio/stdio.c.obj (strlen)
/usr/lib/gcc/arm-none-eabi/13.2.0/../../../../arm-none-eabi/lib/thumb/v6-m/nofp/libg.a(libc_a-__atexit.o)
[...]
Memory Configuration

Name             Origin             Length             Attributes
FLASH            0x10000000         0x00200000         xr
RAM              0x20000000         0x00040000         xrw
SCRATCH_X        0x20040000         0x00001000         xrw
SCRATCH_Y        0x20041000         0x00001000         xrw
*default*        0x00000000         0xffffffff

Linker script and memory map

LOAD /usr/lib/gcc/arm-none-eabi/13.2.0/thumb/v6-m/nofp/crti.o
LOAD /usr/lib/gcc/arm-none-eabi/13.2.0/thumb/v6-m/nofp/crtbegin.o
LOAD /usr/lib/gcc/arm-none-eabi/13.2.0/../../../../arm-none-eabi/lib/thumb/v6-m/nofp/crt0.o

.flash_begin    0x10000000        0x0
                0x10000000                        __flash_binary_start = .

.boot2          0x10000000      0x100
                0x10000000                        __boot2_start__ = .
 *(.boot2)
 .boot2         0x10000000      0x100 /tmp/ccXqKo8T.o
                0x10000100                        __boot2_end__ = .
                0x00000001                        ASSERT (((__boot2_end__ - __boot2_start__) == 0x100), ERROR: Pico second stage bootloader must be 256 bytes in size)

.text           0x10000100     0x4258
                0x10000100                        __logical_binary_start = .
 *(.vectors)
 .vectors       0x10000100       0xd4 CMakeFiles/button_poc.dir/home/agr/EmbeddedDesign/RP2040/pico-sdk/src/rp2_common/pico_standard_link/crt0.S.obj
                0x10000100                __vectors
                0x10000100                __VECTOR_TABLE
                0x100001c0                isr_invalid
                0x100001c0                __default_isrs_start
                0x100001c2                isr_nmi
                0x100001c4                isr_hardfault
                0x100001c6                isr_svcall
                0x100001c8                isr_pendsv
                0x100001ca                isr_systick
                0x100001cc                isr_irq30
                0x100001cc                __unhandled_user_irq
                0x100001cc                isr_irq13
                0x100001cc                isr_irq27
                0x100001cc                isr_irq31
                0x100001cc                isr_irq5
                0x100001cc                isr_irq11
                0x100001cc                isr_irq23
                0x100001cc                isr_irq18
                0x100001cc                isr_irq28
                0x100001cc                isr_irq19
                0x100001cc                isr_irq0
                0x100001cc                isr_irq6
                0x100001cc                isr_irq22
                0x100001cc                isr_irq17
                0x100001cc                isr_irq14
                0x100001cc                isr_irq2
                0x100001cc                isr_irq10
                0x100001cc                isr_irq8
                0x100001cc                isr_irq24
                0x100001cc                isr_irq1
                0x100001cc                isr_irq7
                0x100001cc                isr_irq21
                0x100001cc                isr_irq20
                0x100001cc                isr_irq15
                0x100001cc                isr_irq25
                0x100001cc                isr_irq4
                0x100001cc                isr_irq16
                0x100001cc                isr_irq29
                0x100001cc                isr_irq26
                0x100001cc                __default_isrs_end
                0x100001cc                isr_irq3
                0x100001cc                isr_irq12
                0x100001cc                isr_irq9
                0x100001d2                unhandled_user_irq_num_in_r0
 *(.binary_info_header)
 .binary_info_header
                0x100001d4       0x14 CMakeFiles/button_poc.dir/home/agr/EmbeddedDesign/RP2040/pico-sdk/src/rp2_common/pico_standard_link/crt0.S.obj
                0x100001e8                        __binary_info_header_end = .
 *(.reset)
 .reset         0x100001e8       0xa0 CMakeFiles/button_poc.dir/home/agr/EmbeddedDesign/RP2040/pico-sdk/src/rp2_common/pico_standard_link/crt0.S.obj
                0x100001e8                _entry_point
 .reset         0x10000288       0x30 CMakeFiles/button_poc.dir/home/agr/EmbeddedDesign/RP2040/pico-sdk/src/rp2_common/pico_standard_link/binary_info.c.obj
 *(.init)
 .init          0x100002b8        0x4 /usr/lib/gcc/arm-none-eabi/13.2.0/thumb/v6-m/nofp/crti.o
                0x100002b8                _init
 *(EXCLUDE_FILE(*libm.a: *libc.a:*lib_a-mem*.o *libgcc.a:) .text*)
 .text.frame_dummy
                0x100002bc       0x20 /usr/lib/gcc/arm-none-eabi/13.2.0/thumb/v6-m/nofp/crtbegin.o
 .text.main     0x100002dc       0x24 CMakeFiles/button_poc.dir/main.c.obj
                0x100002dc                main
 .text.gpio_set_function
                0x10000300       0x30 CMakeFiles/button_poc.dir/home/agr/EmbeddedDesign/RP2040/pico-sdk/src/rp2_common/hardware_gpio/gpio.c.obj
                0x10000300                gpio_set_function
 .text.gpio_set_pulls
                0x10000330       0x34 CMakeFiles/button_poc.dir/home/agr/EmbeddedDesign/RP2040/pico-sdk/src/rp2_common/hardware_gpio/gpio.c.obj
                0x10000330                gpio_set_pulls
 .text.gpio_set_irq_callback
                0x10000364       0x48 CMakeFiles/button_poc.dir/home/agr/EmbeddedDesign/RP2040/pico-sdk/src/rp2_common/hardware_gpio/gpio.c.obj
                0x10000364                gpio_set_irq_callback
 .text.gpio_acknowledge_irq
                0x100003ac       0x18 CMakeFiles/button_poc.dir/home/agr/EmbeddedDesign/RP2040/pico-sdk/src/rp2_common/hardware_gpio/gpio.c.obj
                0x100003ac                gpio_acknowledge_irq
 .text._gpio_set_irq_enabled
                0x100003c4       0x34 CMakeFiles/button_poc.dir/home/agr/EmbeddedDesign/RP2040/pico-sdk/src/rp2_common/hardware_gpio/gpio.c.obj
 .text.gpio_set_irq_enabled
                0x100003f8       0x20 CMakeFiles/button_poc.dir/home/agr/EmbeddedDesign/RP2040/pico-sdk/src/rp2_common/hardware_gpio/gpio.c.obj
                0x100003f8                gpio_set_irq_enabled
 .text.gpio_set_irq_enabled_with_callback
                0x10000418       0x20 CMakeFiles/button_poc.dir/home/agr/EmbeddedDesign/RP2040/pico-sdk/src/rp2_common/hardware_gpio/gpio.c.obj
                0x10000418                gpio_set_irq_enabled_with_callback
 .text.gpio_default_irq_handler
                0x10000438       0x98 CMakeFiles/button_poc.dir/home/agr/EmbeddedDesign/RP2040/pico-sdk/src/rp2_common/hardware_gpio/gpio.c.obj
 .text.gpio_init
                0x100004d0       0x16 CMakeFiles/button_poc.dir/home/agr/EmbeddedDesign/RP2040/pico-sdk/src/rp2_common/hardware_gpio/gpio.c.obj
                0x100004d0                gpio_init
 *fill*         0x100004e6        0x2 
 .text.running_on_fpga
                0x100004e8       0x14 CMakeFiles/button_poc.dir/home/agr/EmbeddedDesign/RP2040/pico-sdk/src/rp2_common/pico_platform/platform.c.obj
                0x100004e8                running_on_fpga
 .text.hw_claim_lock
                0x100004fc       0x18 CMakeFiles/button_poc.dir/home/agr/EmbeddedDesign/RP2040/pico-sdk/src/rp2_common/hardware_claim/claim.c.obj
                0x100004fc                hw_claim_lock
 .text.hw_claim_unlock
                0x10000514       0x14 CMakeFiles/button_poc.dir/home/agr/EmbeddedDesign/RP2040/pico-sdk/src/rp2_common/hardware_claim/claim.c.obj
                0x10000514                hw_claim_unlock
 .text.hw_claim_or_assert
                0x10000528       0x32 CMakeFiles/button_poc.dir/home/agr/EmbeddedDesign/RP2040/pico-sdk/src/rp2_common/hardware_claim/claim.c.obj
                0x10000528                hw_claim_or_assert
 *fill*         0x1000055a        0x2 
 .text.spin_locks_reset
                0x1000055c       0x20 CMakeFiles/button_poc.dir/home/agr/EmbeddedDesign/RP2040/pico-sdk/src/rp2_common/hardware_sync/sync.c.obj
                0x1000055c                spin_locks_reset
 .text.next_striped_spin_lock_num
                0x1000057c       0x1c CMakeFiles/button_poc.dir/home/agr/EmbeddedDesign/RP2040/pico-sdk/src/rp2_common/hardware_sync/sync.c.obj
                0x1000057c                next_striped_spin_lock_num
 .text.set_raw_irq_handler_and_unlock
                0x10000598       0x28 CMakeFiles/button_poc.dir/home/agr/EmbeddedDesign/RP2040/pico-sdk/src/rp2_common/hardware_irq/irq.c.obj
 .text.resolve_branch
                0x100005c0       0x30 CMakeFiles/button_poc.dir/home/agr/EmbeddedDesign/RP2040/pico-sdk/src/rp2_common/hardware_irq/irq.c.obj
 .text.make_branch
                0x100005f0       0x48 CMakeFiles/button_poc.dir/home/agr/EmbeddedDesign/RP2040/pico-sdk/src/rp2_common/hardware_irq/irq.c.obj
 .text.insert_branch_and_link
                0x10000638       0x40 CMakeFiles/button_poc.dir/home/agr/EmbeddedDesign/RP2040/pico-sdk/src/rp2_common/hardware_irq/irq.c.obj
 .text.irq_is_enabled
                0x10000678       0x18 CMakeFiles/button_poc.dir/home/agr/EmbeddedDesign/RP2040/pico-sdk/src/rp2_common/hardware_irq/irq.c.obj
                0x10000678                irq_is_enabled
 .text.irq_set_mask_enabled
                0x10000690       0x20 CMakeFiles/button_poc.dir/home/agr/EmbeddedDesign/RP2040/pico-sdk/src/rp2_common/hardware_irq/irq.c.obj
                0x10000690                irq_set_mask_enabled
 .text.irq_set_enabled
                0x100006b0        0xe CMakeFiles/button_poc.dir/home/agr/EmbeddedDesign/RP2040/pico-sdk/src/rp2_common/hardware_irq/irq.c.obj
                0x100006b0                irq_set_enabled
 *fill*         0x100006be        0x2 
 .text.irq_get_vtable_handler
                0x100006c0       0x10 CMakeFiles/button_poc.dir/home/agr/EmbeddedDesign/RP2040/pico-sdk/src/rp2_common/hardware_irq/irq.c.obj
                0x100006c0                irq_get_vtable_handler
 .text.irq_set_exclusive_handler
                0x100006d0       0x54 CMakeFiles/button_poc.dir/home/agr/EmbeddedDesign/RP2040/pico-sdk/src/rp2_common/hardware_irq/irq.c.obj
                0x100006d0                irq_set_exclusive_handler
 .text.irq_add_shared_handler
                0x10000724      0x210 CMakeFiles/button_poc.dir/home/agr/EmbeddedDesign/RP2040/pico-sdk/src/rp2_common/hardware_irq/irq.c.obj
                0x10000724                irq_add_shared_handler
 .text.irq_remove_handler
                0x10000934      0x188 CMakeFiles/button_poc.dir/home/agr/EmbeddedDesign/RP2040/pico-sdk/src/rp2_common/hardware_irq/irq.c.obj
                0x10000934                irq_remove_handler
 .text.irq_add_tail_to_free_list
                0x10000abc       0xf0 CMakeFiles/button_poc.dir/home/agr/EmbeddedDesign/RP2040/pico-sdk/src/rp2_common/hardware_irq/irq.c.obj
                0x10000abc                irq_add_tail_to_free_list
 .text.irq_init_priorities
                0x10000bac       0x1c CMakeFiles/button_poc.dir/home/agr/EmbeddedDesign/RP2040/pico-sdk/src/rp2_common/hardware_irq/irq.c.obj
                0x10000bac                irq_init_priorities
 .text.lock_init
                0x10000bc8       0x10 CMakeFiles/button_poc.dir/home/agr/EmbeddedDesign/RP2040/pico-sdk/src/common/pico_sync/lock_core.c.obj
                0x10000bc8                lock_init
 .text.mutex_init
                0x10000bd8       0x1a CMakeFiles/button_poc.dir/home/agr/EmbeddedDesign/RP2040/pico-sdk/src/common/pico_sync/mutex.c.obj
                0x10000bd8                mutex_init
 .text.recursive_mutex_init
                0x10000bf2       0x1e CMakeFiles/button_poc.dir/home/agr/EmbeddedDesign/RP2040/pico-sdk/src/common/pico_sync/mutex.c.obj
                0x10000bf2                recursive_mutex_init
 .text.time_reached
                0x10000c10       0x28 CMakeFiles/button_poc.dir/home/agr/EmbeddedDesign/RP2040/pico-sdk/src/common/pico_time/time.c.obj
 .text.get_entry
                0x10000c38       0x38 CMakeFiles/button_poc.dir/home/agr/EmbeddedDesign/RP2040/pico-sdk/src/common/pico_time/time.c.obj
 .text.timer_pool_entry_comparator
                0x10000c70       0x2e CMakeFiles/button_poc.dir/home/agr/EmbeddedDesign/RP2040/pico-sdk/src/common/pico_time/time.c.obj
                0x10000c70                timer_pool_entry_comparator
 *fill*         0x10000c9e        0x2 
 .text.update_us_since_boot
                0x10000ca0       0x24 CMakeFiles/button_poc.dir/home/agr/EmbeddedDesign/RP2040/pico-sdk/src/common/pico_time/time.c.obj
 .text.delayed_by_us
                0x10000cc4       0x34 CMakeFiles/button_poc.dir/home/agr/EmbeddedDesign/RP2040/pico-sdk/src/common/pico_time/time.c.obj
 .text.ph_get_node
                0x10000cf8       0x30 CMakeFiles/button_poc.dir/home/agr/EmbeddedDesign/RP2040/pico-sdk/src/common/pico_time/time.c.obj
 .text.ph_contains_node
                0x10000d28       0x1e CMakeFiles/button_poc.dir/home/agr/EmbeddedDesign/RP2040/pico-sdk/src/common/pico_time/time.c.obj
 .text.ph_new_node
                0x10000d46       0x28 CMakeFiles/button_poc.dir/home/agr/EmbeddedDesign/RP2040/pico-sdk/src/common/pico_time/time.c.obj
 *fill*         0x10000d6e        0x2 
 .text.ph_add_child_node
                0x10000d70       0x6c CMakeFiles/button_poc.dir/home/agr/EmbeddedDesign/RP2040/pico-sdk/src/common/pico_time/time.c.obj
 .text.ph_merge_nodes
                0x10000ddc       0x3e CMakeFiles/button_poc.dir/home/agr/EmbeddedDesign/RP2040/pico-sdk/src/common/pico_time/time.c.obj
 *fill*         0x10000e1a        0x2 
 .text.ph_insert_node
                0x10000e1c       0x3c CMakeFiles/button_poc.dir/home/agr/EmbeddedDesign/RP2040/pico-sdk/src/common/pico_time/time.c.obj
 .text.ph_free_node
                0x10000e58       0x5c CMakeFiles/button_poc.dir/home/agr/EmbeddedDesign/RP2040/pico-sdk/src/common/pico_time/time.c.obj
 .text.get_entry_id_high
                0x10000eb4       0x30 CMakeFiles/button_poc.dir/home/agr/EmbeddedDesign/RP2040/pico-sdk/src/common/pico_time/time.c.obj
 .text.alarm_pool_post_alloc_init
                0x10000ee4       0x40 CMakeFiles/button_poc.dir/home/agr/EmbeddedDesign/RP2040/pico-sdk/src/common/pico_time/time.c.obj
 .text.sleep_until_callback
                0x10000f24       0x30 CMakeFiles/button_poc.dir/home/agr/EmbeddedDesign/RP2040/pico-sdk/src/common/pico_time/time.c.obj
 .text.get_absolute_time
                0x10000f54       0x22 CMakeFiles/button_poc.dir/home/agr/EmbeddedDesign/RP2040/pico-sdk/src/common/pico_time/time.c.obj
 *fill*         0x10000f76        0x2 
 .text.add_alarm_under_lock
                0x10000f78       0x94 CMakeFiles/button_poc.dir/home/agr/EmbeddedDesign/RP2040/pico-sdk/src/common/pico_time/time.c.obj
 .text.alarm_pool_alarm_callback
                0x1000100c      0x210 CMakeFiles/button_poc.dir/home/agr/EmbeddedDesign/RP2040/pico-sdk/src/common/pico_time/time.c.obj
 .text.alarm_pool_init_default
                0x1000121c       0x40 CMakeFiles/button_poc.dir/home/agr/EmbeddedDesign/RP2040/pico-sdk/src/common/pico_time/time.c.obj
                0x1000121c                alarm_pool_init_default
 .text.alarm_pool_get_default
                0x1000125c       0x2c CMakeFiles/button_poc.dir/home/agr/EmbeddedDesign/RP2040/pico-sdk/src/common/pico_time/time.c.obj
                0x1000125c                alarm_pool_get_default
 .text.alarm_pool_add_alarm_at
                0x10001288      0x10e CMakeFiles/button_poc.dir/home/agr/EmbeddedDesign/RP2040/pico-sdk/src/common/pico_time/time.c.obj
                0x10001288                alarm_pool_add_alarm_at
 .text.add_alarm_at
                0x10001396       0x2e CMakeFiles/button_poc.dir/home/agr/EmbeddedDesign/RP2040/pico-sdk/src/common/pico_time/time.c.obj
 .text.alarm_pool_cancel_alarm
                0x100013c4       0xa8 CMakeFiles/button_poc.dir/home/agr/EmbeddedDesign/RP2040/pico-sdk/src/common/pico_time/time.c.obj
                0x100013c4                alarm_pool_cancel_alarm
 .text.cancel_alarm
                0x1000146c       0x10 CMakeFiles/button_poc.dir/home/agr/EmbeddedDesign/RP2040/pico-sdk/src/common/pico_time/time.c.obj
 .text.best_effort_wfe_or_timeout
                0x1000147c       0x44 CMakeFiles/button_poc.dir/home/agr/EmbeddedDesign/RP2040/pico-sdk/src/common/pico_time/time.c.obj
                0x1000147c                best_effort_wfe_or_timeout
 .text.update_us_since_boot
                0x100014c0       0x24 CMakeFiles/button_poc.dir/home/agr/EmbeddedDesign/RP2040/pico-sdk/src/rp2_common/hardware_timer/timer.c.obj
 .text.hardware_alarm_irq_handler
                0x100014e4       0x8c CMakeFiles/button_poc.dir/home/agr/EmbeddedDesign/RP2040/pico-sdk/src/rp2_common/hardware_timer/timer.c.obj
 .text.hardware_alarm_claim
                0x10001570       0x18 CMakeFiles/button_poc.dir/home/agr/EmbeddedDesign/RP2040/pico-sdk/src/rp2_common/hardware_timer/timer.c.obj
                0x10001570                hardware_alarm_claim
 .text.time_us_64
                0x10001588       0x18 CMakeFiles/button_poc.dir/home/agr/EmbeddedDesign/RP2040/pico-sdk/src/rp2_common/hardware_timer/timer.c.obj
                0x10001588                time_us_64
 .text.busy_wait_until
                0x100015a0       0x28 CMakeFiles/button_poc.dir/home/agr/EmbeddedDesign/RP2040/pico-sdk/src/rp2_common/hardware_timer/timer.c.obj
                0x100015a0                busy_wait_until
 .text.busy_wait_us
                0x100015c8       0x3a CMakeFiles/button_poc.dir/home/agr/EmbeddedDesign/RP2040/pico-sdk/src/rp2_common/hardware_timer/timer.c.obj
                0x100015c8                busy_wait_us
 *fill*         0x10001602        0x2 
 .text.hardware_alarm_set_callback
                0x10001604       0x90 CMakeFiles/button_poc.dir/home/agr/EmbeddedDesign/RP2040/pico-sdk/src/rp2_common/hardware_timer/timer.c.obj
                0x10001604                hardware_alarm_set_callback
 .text.hardware_alarm_set_target
                0x10001694       0xe8 CMakeFiles/button_poc.dir/home/agr/EmbeddedDesign/RP2040/pico-sdk/src/rp2_common/hardware_timer/timer.c.obj
                0x10001694                hardware_alarm_set_target
 .text.hardware_alarm_cancel
                0x1000177c       0x40 CMakeFiles/button_poc.dir/home/agr/EmbeddedDesign/RP2040/pico-sdk/src/rp2_common/hardware_timer/timer.c.obj
                0x1000177c                hardware_alarm_cancel
 .text.ph_get_node
                0x100017bc       0x30 CMakeFiles/button_poc.dir/home/agr/EmbeddedDesign/RP2040/pico-sdk/src/common/pico_util/pheap.c.obj
 .text.ph_add_child_node
                0x100017ec       0x6c CMakeFiles/button_poc.dir/home/agr/EmbeddedDesign/RP2040/pico-sdk/src/common/pico_util/pheap.c.obj
 .text.ph_merge_nodes
                0x10001858       0x3e CMakeFiles/button_poc.dir/home/agr/EmbeddedDesign/RP2040/pico-sdk/src/common/pico_util/pheap.c.obj
 .text.ph_clear
                0x10001896       0x34 CMakeFiles/button_poc.dir/home/agr/EmbeddedDesign/RP2040/pico-sdk/src/common/pico_util/pheap.c.obj
                0x10001896                ph_clear
 .text.ph_post_alloc_init
                0x100018ca        0xe CMakeFiles/button_poc.dir/home/agr/EmbeddedDesign/RP2040/pico-sdk/src/common/pico_util/pheap.c.obj
                0x100018ca                ph_post_alloc_init
 .text.ph_merge_two_pass
                0x100018d8       0x5c CMakeFiles/button_poc.dir/home/agr/EmbeddedDesign/RP2040/pico-sdk/src/common/pico_util/pheap.c.obj
                0x100018d8                ph_merge_two_pass
 .text.ph_remove_any_head
                0x10001934       0xc0 CMakeFiles/button_poc.dir/home/agr/EmbeddedDesign/RP2040/pico-sdk/src/common/pico_util/pheap.c.obj
 .text.ph_remove_head
                0x100019f4       0x14 CMakeFiles/button_poc.dir/home/agr/EmbeddedDesign/RP2040/pico-sdk/src/common/pico_util/pheap.c.obj
                0x100019f4                ph_remove_head
 .text.ph_remove_and_free_node
                0x10001a08       0xa0 CMakeFiles/button_poc.dir/home/agr/EmbeddedDesign/RP2040/pico-sdk/src/common/pico_util/pheap.c.obj
                0x10001a08                ph_remove_and_free_node
 .text.uart_disable_before_lcr_write
                0x10001aa8       0x48 CMakeFiles/button_poc.dir/home/agr/EmbeddedDesign/RP2040/pico-sdk/src/rp2_common/hardware_uart/uart.c.obj
 .text.uart_write_lcr_bits_masked
                0x10001af0       0x22 CMakeFiles/button_poc.dir/home/agr/EmbeddedDesign/RP2040/pico-sdk/src/rp2_common/hardware_uart/uart.c.obj
 *fill*         0x10001b12        0x2 
 .text.uart_set_baudrate
                0x10001b14       0x5c CMakeFiles/button_poc.dir/home/agr/EmbeddedDesign/RP2040/pico-sdk/src/rp2_common/hardware_uart/uart.c.obj
                0x10001b14                uart_set_baudrate
 .text.uart_set_format
                0x10001b70       0x2c CMakeFiles/button_poc.dir/home/agr/EmbeddedDesign/RP2040/pico-sdk/src/rp2_common/hardware_uart/uart.c.obj
                0x10001b70                uart_set_format
 .text.uart_set_translate_crlf
                0x10001b9c       0x28 CMakeFiles/button_poc.dir/home/agr/EmbeddedDesign/RP2040/pico-sdk/src/rp2_common/hardware_uart/uart.c.obj
                0x10001b9c                uart_set_translate_crlf
 .text.uart_init
                0x10001bc4       0x80 CMakeFiles/button_poc.dir/home/agr/EmbeddedDesign/RP2040/pico-sdk/src/rp2_common/hardware_uart/uart.c.obj
                0x10001bc4                uart_init
 .text.clock_configure
                0x10001c44      0x108 CMakeFiles/button_poc.dir/home/agr/EmbeddedDesign/RP2040/pico-sdk/src/rp2_common/hardware_clocks/clocks.c.obj
                0x10001c44                clock_configure
 .text.clocks_init
                0x10001d4c      0x100 CMakeFiles/button_poc.dir/home/agr/EmbeddedDesign/RP2040/pico-sdk/src/rp2_common/hardware_clocks/clocks.c.obj
                0x10001d4c                clocks_init
 .text.clock_get_hz
                0x10001e4c        0xc CMakeFiles/button_poc.dir/home/agr/EmbeddedDesign/RP2040/pico-sdk/src/rp2_common/hardware_clocks/clocks.c.obj
                0x10001e4c                clock_get_hz
 .text.pll_init
                0x10001e58      0x120 CMakeFiles/button_poc.dir/home/agr/EmbeddedDesign/RP2040/pico-sdk/src/rp2_common/hardware_pll/pll.c.obj
                0x10001e58                pll_init
 .text.watchdog_start_tick
                0x10001f78       0x10 CMakeFiles/button_poc.dir/home/agr/EmbeddedDesign/RP2040/pico-sdk/src/rp2_common/hardware_watchdog/watchdog.c.obj
                0x10001f78                watchdog_start_tick
 .text.xosc_init
                0x10001f88       0x2c CMakeFiles/button_poc.dir/home/agr/EmbeddedDesign/RP2040/pico-sdk/src/rp2_common/hardware_xosc/xosc.c.obj
                0x10001f88                xosc_init
 .text._exit    0x10001fb4        0x4 CMakeFiles/button_poc.dir/home/agr/EmbeddedDesign/RP2040/pico-sdk/src/rp2_common/pico_runtime/runtime.c.obj
                0x10001fb4                _exit
 .text.exit     0x10001fb8        0x6 CMakeFiles/button_poc.dir/home/agr/EmbeddedDesign/RP2040/pico-sdk/src/rp2_common/pico_runtime/runtime.c.obj
                0x10001fb8                exit
 *fill*         0x10001fbe        0x2 
 .text.__assert_func
                0x10001fc0       0x38 CMakeFiles/button_poc.dir/home/agr/EmbeddedDesign/RP2040/pico-sdk/src/rp2_common/pico_runtime/runtime.c.obj
                0x10001fc0                __assert_func
 .text.runtime_init
                0x10001ff8       0xf8 CMakeFiles/button_poc.dir/home/agr/EmbeddedDesign/RP2040/pico-sdk/src/rp2_common/pico_runtime/runtime.c.obj
                0x10001ff8                runtime_init
 .text.panic    0x100020f0       0x30 CMakeFiles/button_poc.dir/home/agr/EmbeddedDesign/RP2040/pico-sdk/src/rp2_common/pico_runtime/runtime.c.obj
                0x100020f0                panic
 .text._out_null
                0x10002120        0x2 CMakeFiles/button_poc.dir/home/agr/EmbeddedDesign/RP2040/pico-sdk/src/rp2_common/pico_printf/printf.c.obj
 .text._out_fct
                0x10002122        0xe CMakeFiles/button_poc.dir/home/agr/EmbeddedDesign/RP2040/pico-sdk/src/rp2_common/pico_printf/printf.c.obj
 .text._atoi    0x10002130       0x24 CMakeFiles/button_poc.dir/home/agr/EmbeddedDesign/RP2040/pico-sdk/src/rp2_common/pico_printf/printf.c.obj
 .text._out_rev
                0x10002154       0xae CMakeFiles/button_poc.dir/home/agr/EmbeddedDesign/RP2040/pico-sdk/src/rp2_common/pico_printf/printf.c.obj
 .text._ntoa_format
                0x10002202      0x110 CMakeFiles/button_poc.dir/home/agr/EmbeddedDesign/RP2040/pico-sdk/src/rp2_common/pico_printf/printf.c.obj
 .text._ntoa_long
                0x10002312       0xbc CMakeFiles/button_poc.dir/home/agr/EmbeddedDesign/RP2040/pico-sdk/src/rp2_common/pico_printf/printf.c.obj
 .text._ntoa_long_long
                0x100023ce      0x10e CMakeFiles/button_poc.dir/home/agr/EmbeddedDesign/RP2040/pico-sdk/src/rp2_common/pico_printf/printf.c.obj
 .text._etoa    0x100024dc      0x420 CMakeFiles/button_poc.dir/home/agr/EmbeddedDesign/RP2040/pico-sdk/src/rp2_common/pico_printf/printf.c.obj
 .text._ftoa    0x100028fc      0x354 CMakeFiles/button_poc.dir/home/agr/EmbeddedDesign/RP2040/pico-sdk/src/rp2_common/pico_printf/printf.c.obj
 .text._vsnprintf
                0x10002c50      0x668 CMakeFiles/button_poc.dir/home/agr/EmbeddedDesign/RP2040/pico-sdk/src/rp2_common/pico_printf/printf.c.obj
 .text.vfctprintf
                0x100032b8       0x20 CMakeFiles/button_poc.dir/home/agr/EmbeddedDesign/RP2040/pico-sdk/src/rp2_common/pico_printf/printf.c.obj
                0x100032b8                vfctprintf
 .text          0x100032d8       0x10 CMakeFiles/button_poc.dir/home/agr/EmbeddedDesign/RP2040/pico-sdk/src/rp2_common/pico_bit_ops/bit_ops_aeabi.S.obj
 .text.rom_func_lookup
                0x100032e8       0x10 CMakeFiles/button_poc.dir/home/agr/EmbeddedDesign/RP2040/pico-sdk/src/rp2_common/pico_bootrom/bootrom.c.obj
                0x100032e8                rom_func_lookup
 .text.rom_data_lookup
                0x100032f8       0x10 CMakeFiles/button_poc.dir/home/agr/EmbeddedDesign/RP2040/pico-sdk/src/rp2_common/pico_bootrom/bootrom.c.obj
                0x100032f8                rom_data_lookup
 .text.rom_funcs_lookup
                0x10003308       0x36 CMakeFiles/button_poc.dir/home/agr/EmbeddedDesign/RP2040/pico-sdk/src/rp2_common/pico_bootrom/bootrom.c.obj
                0x10003308                rom_funcs_lookup
 *fill*         0x1000333e        0x2 
 .text.__wrap___aeabi_idiv
                0x10003340       0x50 CMakeFiles/button_poc.dir/home/agr/EmbeddedDesign/RP2040/pico-sdk/src/rp2_common/pico_divider/divider.S.obj
                0x10003340                __wrap___aeabi_idivmod
                0x10003340                divmod_s32s32
                0x10003340                div_s32s32
                0x10003340                __wrap___aeabi_idiv
                0x10003348                divmod_s32s32_unsafe
                0x10003374                divmod_s32s32_savestate
 .text.__wrap___aeabi_uidiv
                0x10003390       0x4c CMakeFiles/button_poc.dir/home/agr/EmbeddedDesign/RP2040/pico-sdk/src/rp2_common/pico_divider/divider.S.obj
                0x10003390                __wrap___aeabi_uidiv
                0x10003390                __wrap___aeabi_uidivmod
                0x10003390                div_u32u32
                0x10003390                divmod_u32u32
                0x10003398                divmod_u32u32_unsafe
                0x100033c0                divmod_u32u32_savestate
 .text.__wrap___aeabi_ldiv
                0x100033dc      0x424 CMakeFiles/button_poc.dir/home/agr/EmbeddedDesign/RP2040/pico-sdk/src/rp2_common/pico_divider/divider.S.obj
                0x100033dc                div_s64s64
                0x100033dc                divmod_s64s64
                0x100033dc                __wrap___aeabi_ldivmod
                0x1000340c                div_u64u64
                0x1000340c                divmod_u64u64
                0x1000340c                __wrap___aeabi_uldivmod
                0x1000341c                divmod_u64u64_savestate
                0x1000343c                divmod_s64s64_unsafe
                0x100034c4                divmod_u64u64_unsafe
 .text.__wrap___aeabi_darithmetic
                0x10003800       0x60 CMakeFiles/button_poc.dir/home/agr/EmbeddedDesign/RP2040/pico-sdk/src/rp2_common/pico_double/double_aeabi.S.obj
                0x10003800                __wrap___aeabi_drsub
                0x10003806                __wrap___aeabi_dsub
                0x10003810                __wrap___aeabi_dadd
                0x1000381a                __wrap___aeabi_ddiv
                0x1000384e                __wrap___aeabi_dmul
 .text.__wrap___aeabi_cdcmple
                0x10003860       0x6c CMakeFiles/button_poc.dir/home/agr/EmbeddedDesign/RP2040/pico-sdk/src/rp2_common/pico_double/double_aeabi.S.obj
                0x10003860                __wrap___aeabi_cdrcmple
                0x10003870                __wrap___aeabi_cdcmple
                0x10003870                __wrap___aeabi_cdcmpeq
 .text.__wrap___aeabi_dcmplt
                0x100038cc        0xc CMakeFiles/button_poc.dir/home/agr/EmbeddedDesign/RP2040/pico-sdk/src/rp2_common/pico_double/double_aeabi.S.obj
                0x100038cc                __wrap___aeabi_dcmplt
 .text.__wrap___aeabi_dcmple
                0x100038d8       0x10 CMakeFiles/button_poc.dir/home/agr/EmbeddedDesign/RP2040/pico-sdk/src/rp2_common/pico_double/double_aeabi.S.obj
                0x100038d8                __wrap___aeabi_dcmple
 .text.__wrap___aeabi_dcmpge
                0x100038e8       0x10 CMakeFiles/button_poc.dir/home/agr/EmbeddedDesign/RP2040/pico-sdk/src/rp2_common/pico_double/double_aeabi.S.obj
                0x100038e8                __wrap___aeabi_dcmpge
 .text.__wrap___aeabi_dcmpgt
                0x100038f8        0xa CMakeFiles/button_poc.dir/home/agr/EmbeddedDesign/RP2040/pico-sdk/src/rp2_common/pico_double/double_aeabi.S.obj
                0x100038f8                __wrap___aeabi_dcmpgt
 .text.__wrap___aeabi_dcmpun
                0x10003902       0x1c CMakeFiles/button_poc.dir/home/agr/EmbeddedDesign/RP2040/pico-sdk/src/rp2_common/pico_double/double_aeabi.S.obj
                0x10003902                __wrap___aeabi_dcmpun
 *fill*         0x1000391e        0x2 
 .text.__wrap___aeabi_i2d
                0x10003920       0x38 CMakeFiles/button_poc.dir/home/agr/EmbeddedDesign/RP2040/pico-sdk/src/rp2_common/pico_double/double_aeabi.S.obj
                0x10003920                __wrap___aeabi_ui2d
                0x10003928                __wrap___aeabi_i2d
 .text.__wrap___aeabi_d2iz
                0x10003958       0x48 CMakeFiles/button_poc.dir/home/agr/EmbeddedDesign/RP2040/pico-sdk/src/rp2_common/pico_double/double_aeabi.S.obj
                0x10003958                __wrap___aeabi_d2iz
                0x10003958                double2int_z
 .text.__wrap___aeabi_d2uiz
                0x100039a0       0x10 CMakeFiles/button_poc.dir/home/agr/EmbeddedDesign/RP2040/pico-sdk/src/rp2_common/pico_double/double_aeabi.S.obj
                0x100039a0                double2uint
                0x100039a0                __wrap___aeabi_d2uiz
 .text.missing_double_func_shim
                0x100039b0        0xc CMakeFiles/button_poc.dir/home/agr/EmbeddedDesign/RP2040/pico-sdk/src/rp2_common/pico_double/double_init_rom.c.obj
 .text.__aeabi_double_init
                0x100039bc       0xd0 CMakeFiles/button_poc.dir/home/agr/EmbeddedDesign/RP2040/pico-sdk/src/rp2_common/pico_double/double_init_rom.c.obj
                0x100039bc                __aeabi_double_init
 .text.double_table_shim_on_use_helper
                0x10003a8c       0x34 CMakeFiles/button_poc.dir/home/agr/EmbeddedDesign/RP2040/pico-sdk/src/rp2_common/pico_double/double_v1_rom_shim.S.obj
                0x10003a8c                double_table_shim_on_use_helper
 .text.__aeabi_lmul
                0x10003ac0       0x32 CMakeFiles/button_poc.dir/home/agr/EmbeddedDesign/RP2040/pico-sdk/src/rp2_common/pico_int64_ops/pico_int64_ops_aeabi.S.obj
                0x10003ac0                __wrap___aeabi_lmul
 *fill*         0x10003af2        0x2 
 .text.missing_float_func_shim
                0x10003af4        0xc CMakeFiles/button_poc.dir/home/agr/EmbeddedDesign/RP2040/pico-sdk/src/rp2_common/pico_float/float_init_rom.c.obj
 .text.__aeabi_float_init
                0x10003b00       0x88 CMakeFiles/button_poc.dir/home/agr/EmbeddedDesign/RP2040/pico-sdk/src/rp2_common/pico_float/float_init_rom.c.obj
                0x10003b00                __aeabi_float_init
 .text          0x10003b88       0x10 CMakeFiles/button_poc.dir/home/agr/EmbeddedDesign/RP2040/pico-sdk/src/rp2_common/pico_mem_ops/mem_ops_aeabi.S.obj
                0x10003b88                __aeabi_mem_init
 .text.memcpy   0x10003b98        0xc CMakeFiles/button_poc.dir/home/agr/EmbeddedDesign/RP2040/pico-sdk/src/rp2_common/pico_mem_ops/mem_ops_aeabi.S.obj
                0x10003b98                __wrap___aeabi_memcpy
                0x10003b98                __wrap_memcpy
 .text.stdio_out_chars_no_crlf
                0x10003ba4        0xe CMakeFiles/button_poc.dir/home/agr/EmbeddedDesign/RP2040/pico-sdk/src/rp2_common/pico_stdio/stdio.c.obj
 *fill*         0x10003bb2        0x2 
 .text.stdio_out_chars_crlf
                0x10003bb4       0x80 CMakeFiles/button_poc.dir/home/agr/EmbeddedDesign/RP2040/pico-sdk/src/rp2_common/pico_stdio/stdio.c.obj
 .text.stdio_stack_buffer_flush
                0x10003c34       0x44 CMakeFiles/button_poc.dir/home/agr/EmbeddedDesign/RP2040/pico-sdk/src/rp2_common/pico_stdio/stdio.c.obj
 .text.stdio_buffered_printer
                0x10003c78       0x20 CMakeFiles/button_poc.dir/home/agr/EmbeddedDesign/RP2040/pico-sdk/src/rp2_common/pico_stdio/stdio.c.obj
 .text.update_us_since_boot
                0x10003c98       0x24 CMakeFiles/button_poc.dir/home/agr/EmbeddedDesign/RP2040/pico-sdk/src/rp2_common/pico_stdio/stdio.c.obj
 .text.get_absolute_time
                0x10003cbc       0x22 CMakeFiles/button_poc.dir/home/agr/EmbeddedDesign/RP2040/pico-sdk/src/rp2_common/pico_stdio/stdio.c.obj
 *fill*         0x10003cde        0x2 
 .text.delayed_by_ms
                0x10003ce0       0x44 CMakeFiles/button_poc.dir/home/agr/EmbeddedDesign/RP2040/pico-sdk/src/rp2_common/pico_stdio/stdio.c.obj
 .text.make_timeout_time_ms
                0x10003d24       0x20 CMakeFiles/button_poc.dir/home/agr/EmbeddedDesign/RP2040/pico-sdk/src/rp2_common/pico_stdio/stdio.c.obj
 .text.stdout_serialize_begin
                0x10003d44       0x20 CMakeFiles/button_poc.dir/home/agr/EmbeddedDesign/RP2040/pico-sdk/src/rp2_common/pico_stdio/stdio.c.obj
                0x10003d44                stdout_serialize_begin
 .text.stdout_serialize_end
                0x10003d64       0x10 CMakeFiles/button_poc.dir/home/agr/EmbeddedDesign/RP2040/pico-sdk/src/rp2_common/pico_stdio/stdio.c.obj
                0x10003d64                stdout_serialize_end
 .text.stdio_put_string
                0x10003d74       0x98 CMakeFiles/button_poc.dir/home/agr/EmbeddedDesign/RP2040/pico-sdk/src/rp2_common/pico_stdio/stdio.c.obj
 .text.stdio_set_driver_enabled
                0x10003e0c       0x2c CMakeFiles/button_poc.dir/home/agr/EmbeddedDesign/RP2040/pico-sdk/src/rp2_common/pico_stdio/stdio.c.obj
                0x10003e0c                stdio_set_driver_enabled
 .text.stdio_flush
                0x10003e38       0x20 CMakeFiles/button_poc.dir/home/agr/EmbeddedDesign/RP2040/pico-sdk/src/rp2_common/pico_stdio/stdio.c.obj
                0x10003e38                stdio_flush
 .text.__wrap_puts
                0x10003e58       0x1e CMakeFiles/button_poc.dir/home/agr/EmbeddedDesign/RP2040/pico-sdk/src/rp2_common/pico_stdio/stdio.c.obj
                0x10003e58                __wrap_puts
 *fill*         0x10003e76        0x2 
 .text.__wrap_vprintf
                0x10003e78       0x40 CMakeFiles/button_poc.dir/home/agr/EmbeddedDesign/RP2040/pico-sdk/src/rp2_common/pico_stdio/stdio.c.obj
                0x10003e78                __wrap_vprintf
 .text.__wrap_printf
                0x10003eb8       0x18 CMakeFiles/button_poc.dir/home/agr/EmbeddedDesign/RP2040/pico-sdk/src/rp2_common/pico_stdio/stdio.c.obj
                0x10003eb8                __wrap_printf
 .text.stdio_init_all
                0x10003ed0        0xa CMakeFiles/button_poc.dir/home/agr/EmbeddedDesign/RP2040/pico-sdk/src/rp2_common/pico_stdio/stdio.c.obj
                0x10003ed0                stdio_init_all
 *fill*         0x10003eda        0x2 
 .text.uart_putc
                0x10003edc       0x60 CMakeFiles/button_poc.dir/home/agr/EmbeddedDesign/RP2040/pico-sdk/src/rp2_common/pico_stdio_uart/stdio_uart.c.obj
 .text.uart_getc
                0x10003f3c       0x24 CMakeFiles/button_poc.dir/home/agr/EmbeddedDesign/RP2040/pico-sdk/src/rp2_common/pico_stdio_uart/stdio_uart.c.obj
 .text.stdio_uart_out_chars
                0x10003f60       0x20 CMakeFiles/button_poc.dir/home/agr/EmbeddedDesign/RP2040/pico-sdk/src/rp2_common/pico_stdio_uart/stdio_uart.c.obj
 .text.stdio_uart_in_chars
                0x10003f80       0x5c CMakeFiles/button_poc.dir/home/agr/EmbeddedDesign/RP2040/pico-sdk/src/rp2_common/pico_stdio_uart/stdio_uart.c.obj
                0x10003f80                stdio_uart_in_chars
 .text.on_uart_rx
                0x10003fdc       0x28 CMakeFiles/button_poc.dir/home/agr/EmbeddedDesign/RP2040/pico-sdk/src/rp2_common/pico_stdio_uart/stdio_uart.c.obj
 .text.stdio_uart_set_chars_available_callback
                0x10004004       0x8c CMakeFiles/button_poc.dir/home/agr/EmbeddedDesign/RP2040/pico-sdk/src/rp2_common/pico_stdio_uart/stdio_uart.c.obj
 .text.stdio_uart_init_full
                0x10004090       0x44 CMakeFiles/button_poc.dir/home/agr/EmbeddedDesign/RP2040/pico-sdk/src/rp2_common/pico_stdio_uart/stdio_uart.c.obj
                0x10004090                stdio_uart_init_full
 .text.stdio_uart_init
                0x100040d4       0x28 CMakeFiles/button_poc.dir/home/agr/EmbeddedDesign/RP2040/pico-sdk/src/rp2_common/pico_stdio_uart/stdio_uart.c.obj
                0x100040d4                stdio_uart_init
 .text.blinky_callback
                0x100040fc        0x8 lib/blinky/libblinky.a(blinky.c.obj)
                0x100040fc                blinky_callback
 .text.enable_interrupt
                0x10004104       0x14 lib/blinky/libblinky.a(blinky.c.obj)
                0x10004104                enable_interrupt
 .text.blinky_init
                0x10004118       0x1a lib/blinky/libblinky.a(blinky.c.obj)
                0x10004118                blinky_init
 .text.blinky_loop
                0x10004132        0x2 lib/blinky/libblinky.a(blinky.c.obj)
                0x10004132                blinky_loop
 .text.button_init
                0x10004134       0x22 lib/button/libbutton.a(button.c.obj)
                0x10004134                button_init
 *fill*         0x10004156        0x2 
 .text.led_init
                0x10004158       0x24 lib/led/libled.a(led.c.obj)
                0x10004158                led_init
 .text.led_on   0x1000417c        0xc lib/led/libled.a(led.c.obj)
                0x1000417c                led_on
 .text.led_off  0x10004188        0xc lib/led/libled.a(led.c.obj)
                0x10004188                led_off
 .text.led_toggle
                0x10004194       0x24 lib/led/libled.a(led.c.obj)
                0x10004194                led_toggle
 .text.atexit   0x100041b8       0x10 /usr/lib/gcc/arm-none-eabi/13.2.0/../../../../arm-none-eabi/lib/thumb/v6-m/nofp/libg.a(libc_a-atexit.o)
                0x100041b8                atexit
 .text.__libc_fini_array
                0x100041c8       0x28 /usr/lib/gcc/arm-none-eabi/13.2.0/../../../../arm-none-eabi/lib/thumb/v6-m/nofp/libg.a(libc_a-fini.o)
                0x100041c8                __libc_fini_array
 .text.__retarget_lock_acquire_recursive
                0x100041f0        0x4 /usr/lib/gcc/arm-none-eabi/13.2.0/../../../../arm-none-eabi/lib/thumb/v6-m/nofp/libg.a(libc_a-lock.o)
                0x100041f0                __retarget_lock_acquire_recursive
 .text.__retarget_lock_release_recursive
                0x100041f4        0x4 /usr/lib/gcc/arm-none-eabi/13.2.0/../../../../arm-none-eabi/lib/thumb/v6-m/nofp/libg.a(libc_a-lock.o)
                0x100041f4                __retarget_lock_release_recursive
 .text.strlen   0x100041f8       0x5c /usr/lib/gcc/arm-none-eabi/13.2.0/../../../../arm-none-eabi/lib/thumb/v6-m/nofp/libg.a(libc_a-strlen-stub.o)
                0x100041f8                strlen
 .text.__register_exitproc
                0x10004254       0xa8 /usr/lib/gcc/arm-none-eabi/13.2.0/../../../../arm-none-eabi/lib/thumb/v6-m/nofp/libg.a(libc_a-__atexit.o)
                0x10004254                __register_exitproc
 .text.startup.register_fini
                0x100042fc       0x18 /usr/lib/gcc/arm-none-eabi/13.2.0/../../../../arm-none-eabi/lib/thumb/v6-m/nofp/libg.a(libc_a-__call_atexit.o)
 *(.fini)
 .fini          0x10004314        0x4 /usr/lib/gcc/arm-none-eabi/13.2.0/thumb/v6-m/nofp/crti.o
                0x10004314                _fini
 .fini.__stub   0x10004318       0x40 linker stubs
 *crtbegin.o(.ctors)
 *crtbegin?.o(.ctors)
 *(EXCLUDE_FILE(*crtend.o *crtend?.o) .ctors)
 *(SORT_BY_NAME(.ctors.*))
 *(.ctors)
 *crtbegin.o(.dtors)
 *crtbegin?.o(.dtors)
 *(EXCLUDE_FILE(*crtend.o *crtend?.o) .dtors)
 *(SORT_BY_NAME(.dtors.*))
 *(.dtors)
 *(.eh_frame*)
 .eh_frame      0x10004358        0x0 /usr/lib/gcc/arm-none-eabi/13.2.0/thumb/v6-m/nofp/crtbegin.o
                0x10004358                        . = ALIGN (0x4)

.glue_7         0x10004358        0x0
 .glue_7        0x10004358        0x0 linker stubs

.glue_7t        0x10004358        0x0
 .glue_7t       0x10004358        0x0 linker stubs

.vfp11_veneer   0x10004358        0x0
 .vfp11_veneer  0x10004358        0x0 linker stubs

.v4_bx          0x10004358        0x0
 .v4_bx         0x10004358        0x0 linker stubs

.iplt           0x10004358        0x0
 .iplt          0x10004358        0x0 /usr/lib/gcc/arm-none-eabi/13.2.0/thumb/v6-m/nofp/crtbegin.o

.rodata         0x10004358      0xf8c
 *(EXCLUDE_FILE(*libm.a: *libc.a:*lib_a-mem*.o *libgcc.a:) .rodata*)
 .rodata        0x10004358        0x2 CMakeFiles/button_poc.dir/main.c.obj
 *fill*         0x1000435a        0x2 
 .rodata.resolve_branch.str1.4
                0x1000435c      0xad8 CMakeFiles/button_poc.dir/home/agr/EmbeddedDesign/RP2040/pico-sdk/src/rp2_common/hardware_irq/irq.c.obj
                                 0x63 (size before relaxing)
 .rodata.make_branch.str1.4
                0x10004e34       0x30 CMakeFiles/button_poc.dir/home/agr/EmbeddedDesign/RP2040/pico-sdk/src/rp2_common/hardware_irq/irq.c.obj
 .rodata.insert_branch_and_link.str1.4
                0x10004e34       0x10 CMakeFiles/button_poc.dir/home/agr/EmbeddedDesign/RP2040/pico-sdk/src/rp2_common/hardware_irq/irq.c.obj
 .rodata.irq_set_exclusive_handler.str1.4
                0x10004e34       0x36 CMakeFiles/button_poc.dir/home/agr/EmbeddedDesign/RP2040/pico-sdk/src/rp2_common/hardware_irq/irq.c.obj
 .rodata.irq_add_shared_handler.str1.4
                0x10004e34       0xc2 CMakeFiles/button_poc.dir/home/agr/EmbeddedDesign/RP2040/pico-sdk/src/rp2_common/hardware_irq/irq.c.obj
 .rodata.irq_remove_handler.str1.4
                0x10004e34       0x3a CMakeFiles/button_poc.dir/home/agr/EmbeddedDesign/RP2040/pico-sdk/src/rp2_common/hardware_irq/irq.c.obj
 .rodata.irq_add_tail_to_free_list.str1.4
                0x10004e34       0x3a CMakeFiles/button_poc.dir/home/agr/EmbeddedDesign/RP2040/pico-sdk/src/rp2_common/hardware_irq/irq.c.obj
 .rodata.__func__.0
                0x10004e34       0x1a CMakeFiles/button_poc.dir/home/agr/EmbeddedDesign/RP2040/pico-sdk/src/rp2_common/hardware_irq/irq.c.obj
 *fill*         0x10004e4e        0x2 
 .rodata.__func__.1
                0x10004e50       0x17 CMakeFiles/button_poc.dir/home/agr/EmbeddedDesign/RP2040/pico-sdk/src/rp2_common/hardware_irq/irq.c.obj
 *fill*         0x10004e67        0x1 
 .rodata.__func__.2
                0x10004e68       0x13 CMakeFiles/button_poc.dir/home/agr/EmbeddedDesign/RP2040/pico-sdk/src/rp2_common/hardware_irq/irq.c.obj
 *fill*         0x10004e7b        0x1 
 .rodata.__func__.3
                0x10004e7c        0xc CMakeFiles/button_poc.dir/home/agr/EmbeddedDesign/RP2040/pico-sdk/src/rp2_common/hardware_irq/irq.c.obj
 .rodata.__func__.4
                0x10004e88        0xf CMakeFiles/button_poc.dir/home/agr/EmbeddedDesign/RP2040/pico-sdk/src/rp2_common/hardware_irq/irq.c.obj
 *fill*         0x10004e97        0x1 
 .rodata.__func__.5
                0x10004e98       0x17 CMakeFiles/button_poc.dir/home/agr/EmbeddedDesign/RP2040/pico-sdk/src/rp2_common/hardware_irq/irq.c.obj
 *fill*         0x10004eaf        0x1 
 .rodata.__func__.6
                0x10004eb0       0x1a CMakeFiles/button_poc.dir/home/agr/EmbeddedDesign/RP2040/pico-sdk/src/rp2_common/hardware_irq/irq.c.obj
 .rodata.str1.4
                0x10004eca       0x99 CMakeFiles/button_poc.dir/home/agr/EmbeddedDesign/RP2040/pico-sdk/src/common/pico_sync/mutex.c.obj
 *fill*         0x10004eca        0x2 
 .rodata.__func__.1
                0x10004ecc        0xb CMakeFiles/button_poc.dir/home/agr/EmbeddedDesign/RP2040/pico-sdk/src/common/pico_sync/mutex.c.obj
 *fill*         0x10004ed7        0x1 
 .rodata.__func__.3
                0x10004ed8       0x18 CMakeFiles/button_poc.dir/home/agr/EmbeddedDesign/RP2040/pico-sdk/src/common/pico_sync/mutex.c.obj
 .rodata.get_entry.str1.4
                0x10004ef0       0x69 CMakeFiles/button_poc.dir/home/agr/EmbeddedDesign/RP2040/pico-sdk/src/common/pico_time/time.c.obj
 .rodata.update_us_since_boot.str1.4
                0x10004ef0       0x6f CMakeFiles/button_poc.dir/home/agr/EmbeddedDesign/RP2040/pico-sdk/src/common/pico_time/time.c.obj
 .rodata.ph_get_node.str1.4
                0x10004ef0       0x74 CMakeFiles/button_poc.dir/home/agr/EmbeddedDesign/RP2040/pico-sdk/src/common/pico_time/time.c.obj
 .rodata.ph_add_child_node.str1.4
                0x10004ef0       0x2e CMakeFiles/button_poc.dir/home/agr/EmbeddedDesign/RP2040/pico-sdk/src/common/pico_time/time.c.obj
 .rodata.ph_insert_node.str1.4
                0x10004ef0        0x3 CMakeFiles/button_poc.dir/home/agr/EmbeddedDesign/RP2040/pico-sdk/src/common/pico_time/time.c.obj
 .rodata.ph_free_node.str1.4
                0x10004ef0       0x38 CMakeFiles/button_poc.dir/home/agr/EmbeddedDesign/RP2040/pico-sdk/src/common/pico_time/time.c.obj
 .rodata.add_alarm_under_lock.str1.4
                0x10004ef0       0x28 CMakeFiles/button_poc.dir/home/agr/EmbeddedDesign/RP2040/pico-sdk/src/common/pico_time/time.c.obj
 .rodata.alarm_pool_alarm_callback.str1.4
                0x10004ef0       0x60 CMakeFiles/button_poc.dir/home/agr/EmbeddedDesign/RP2040/pico-sdk/src/common/pico_time/time.c.obj
 .rodata.alarm_pool_get_default.str1.4
                0x10004ef0       0x21 CMakeFiles/button_poc.dir/home/agr/EmbeddedDesign/RP2040/pico-sdk/src/common/pico_time/time.c.obj
 .rodata.alarm_pool_cancel_alarm.str1.4
                0x10004ef0       0x27 CMakeFiles/button_poc.dir/home/agr/EmbeddedDesign/RP2040/pico-sdk/src/common/pico_time/time.c.obj
 .rodata.__func__.1
                0x10004ef0       0x18 CMakeFiles/button_poc.dir/home/agr/EmbeddedDesign/RP2040/pico-sdk/src/common/pico_time/time.c.obj
 .rodata.__func__.3
                0x10004f08       0x17 CMakeFiles/button_poc.dir/home/agr/EmbeddedDesign/RP2040/pico-sdk/src/common/pico_time/time.c.obj
 *fill*         0x10004f1f        0x1 
 .rodata.__func__.4
                0x10004f20       0x12 CMakeFiles/button_poc.dir/home/agr/EmbeddedDesign/RP2040/pico-sdk/src/common/pico_time/time.c.obj
 *fill*         0x10004f32        0x2 
 .rodata.__func__.5
                0x10004f34        0xd CMakeFiles/button_poc.dir/home/agr/EmbeddedDesign/RP2040/pico-sdk/src/common/pico_time/time.c.obj
 *fill*         0x10004f41        0x3 
 .rodata.__func__.6
                0x10004f44       0x12 CMakeFiles/button_poc.dir/home/agr/EmbeddedDesign/RP2040/pico-sdk/src/common/pico_time/time.c.obj
 *fill*         0x10004f56        0x2 
 .rodata.__func__.7
                0x10004f58        0xf CMakeFiles/button_poc.dir/home/agr/EmbeddedDesign/RP2040/pico-sdk/src/common/pico_time/time.c.obj
 *fill*         0x10004f67        0x1 
 .rodata.__func__.8
                0x10004f68        0xc CMakeFiles/button_poc.dir/home/agr/EmbeddedDesign/RP2040/pico-sdk/src/common/pico_time/time.c.obj
 .rodata.__func__.9
                0x10004f74       0x15 CMakeFiles/button_poc.dir/home/agr/EmbeddedDesign/RP2040/pico-sdk/src/common/pico_time/time.c.obj
 *fill*         0x10004f89        0x3 
 .rodata.__func__.10
                0x10004f8c       0x15 CMakeFiles/button_poc.dir/home/agr/EmbeddedDesign/RP2040/pico-sdk/src/common/pico_time/time.c.obj
 *fill*         0x10004fa1        0x3 
 .rodata.__func__.11
                0x10004fa4       0x1a CMakeFiles/button_poc.dir/home/agr/EmbeddedDesign/RP2040/pico-sdk/src/common/pico_time/time.c.obj
 *fill*         0x10004fbe        0x2 
 .rodata.__func__.12
                0x10004fc0        0xa CMakeFiles/button_poc.dir/home/agr/EmbeddedDesign/RP2040/pico-sdk/src/common/pico_time/time.c.obj
 .rodata.update_us_since_boot.str1.4
                0x10004fca       0x6f CMakeFiles/button_poc.dir/home/agr/EmbeddedDesign/RP2040/pico-sdk/src/rp2_common/hardware_timer/timer.c.obj
 .rodata.hardware_alarm_claim.str1.4
                0x10004fca       0x22 CMakeFiles/button_poc.dir/home/agr/EmbeddedDesign/RP2040/pico-sdk/src/rp2_common/hardware_timer/timer.c.obj
 .rodata.hardware_alarm_set_target.str1.4
                0x10004fca       0x73 CMakeFiles/button_poc.dir/home/agr/EmbeddedDesign/RP2040/pico-sdk/src/rp2_common/hardware_timer/timer.c.obj
 *fill*         0x10004fca        0x2 
 .rodata.__func__.0
                0x10004fcc       0x1a CMakeFiles/button_poc.dir/home/agr/EmbeddedDesign/RP2040/pico-sdk/src/rp2_common/hardware_timer/timer.c.obj
 *fill*         0x10004fe6        0x2 
 .rodata.__func__.1
                0x10004fe8       0x15 CMakeFiles/button_poc.dir/home/agr/EmbeddedDesign/RP2040/pico-sdk/src/rp2_common/hardware_timer/timer.c.obj
 .rodata.ph_get_node.str1.4
                0x10004ffd       0x74 CMakeFiles/button_poc.dir/home/agr/EmbeddedDesign/RP2040/pico-sdk/src/common/pico_util/pheap.c.obj
 .rodata.ph_add_child_node.str1.4
                0x10004ffd       0x2e CMakeFiles/button_poc.dir/home/agr/EmbeddedDesign/RP2040/pico-sdk/src/common/pico_util/pheap.c.obj
 .rodata.ph_remove_any_head.str1.4
                0x10004ffd       0xb0 CMakeFiles/button_poc.dir/home/agr/EmbeddedDesign/RP2040/pico-sdk/src/common/pico_util/pheap.c.obj
 .rodata.ph_remove_and_free_node.str1.4
                0x10004ffd       0x26 CMakeFiles/button_poc.dir/home/agr/EmbeddedDesign/RP2040/pico-sdk/src/common/pico_util/pheap.c.obj
 *fill*         0x10004ffd        0x3 
 .rodata.__func__.0
                0x10005000       0x18 CMakeFiles/button_poc.dir/home/agr/EmbeddedDesign/RP2040/pico-sdk/src/common/pico_util/pheap.c.obj
 .rodata.__func__.1
                0x10005018       0x13 CMakeFiles/button_poc.dir/home/agr/EmbeddedDesign/RP2040/pico-sdk/src/common/pico_util/pheap.c.obj
 *fill*         0x1000502b        0x1 
 .rodata.__func__.2
                0x1000502c       0x12 CMakeFiles/button_poc.dir/home/agr/EmbeddedDesign/RP2040/pico-sdk/src/common/pico_util/pheap.c.obj
 *fill*         0x1000503e        0x2 
 .rodata.__func__.3
                0x10005040        0xc CMakeFiles/button_poc.dir/home/agr/EmbeddedDesign/RP2040/pico-sdk/src/common/pico_util/pheap.c.obj
 .rodata.clock_configure.str1.4
                0x1000504c       0x65 CMakeFiles/button_poc.dir/home/agr/EmbeddedDesign/RP2040/pico-sdk/src/rp2_common/hardware_clocks/clocks.c.obj
 .rodata.__func__.1
                0x1000504c       0x10 CMakeFiles/button_poc.dir/home/agr/EmbeddedDesign/RP2040/pico-sdk/src/rp2_common/hardware_clocks/clocks.c.obj
 .rodata.pll_init.str1.4
                0x1000505c      0x130 CMakeFiles/button_poc.dir/home/agr/EmbeddedDesign/RP2040/pico-sdk/src/rp2_common/hardware_pll/pll.c.obj
 .rodata.__func__.0
                0x1000505c        0x9 CMakeFiles/button_poc.dir/home/agr/EmbeddedDesign/RP2040/pico-sdk/src/rp2_common/hardware_pll/pll.c.obj
 .rodata.__assert_func.str1.4
                0x10005065       0x43 CMakeFiles/button_poc.dir/home/agr/EmbeddedDesign/RP2040/pico-sdk/src/rp2_common/pico_runtime/runtime.c.obj
 .rodata.runtime_init.str1.4
                0x10005065       0x6f CMakeFiles/button_poc.dir/home/agr/EmbeddedDesign/RP2040/pico-sdk/src/rp2_common/pico_runtime/runtime.c.obj
 .rodata.panic.str1.4
                0x10005065       0x12 CMakeFiles/button_poc.dir/home/agr/EmbeddedDesign/RP2040/pico-sdk/src/rp2_common/pico_runtime/runtime.c.obj
 *fill*         0x10005065        0x3 
 .rodata.__func__.2
                0x10005068        0xd CMakeFiles/button_poc.dir/home/agr/EmbeddedDesign/RP2040/pico-sdk/src/rp2_common/pico_runtime/runtime.c.obj
 .rodata._ftoa.str1.4
                0x10005075       0x15 CMakeFiles/button_poc.dir/home/agr/EmbeddedDesign/RP2040/pico-sdk/src/rp2_common/pico_printf/printf.c.obj
 *fill*         0x10005075        0x3 
 .rodata._vsnprintf
                0x10005078      0x19c CMakeFiles/button_poc.dir/home/agr/EmbeddedDesign/RP2040/pico-sdk/src/rp2_common/pico_printf/printf.c.obj
 *fill*         0x10005214        0x4 
 .rodata.pow10.0
                0x10005218       0x50 CMakeFiles/button_poc.dir/home/agr/EmbeddedDesign/RP2040/pico-sdk/src/rp2_common/pico_printf/printf.c.obj
 .rodata.missing_double_func_shim.str1.4
                0x10005268       0x18 CMakeFiles/button_poc.dir/home/agr/EmbeddedDesign/RP2040/pico-sdk/src/rp2_common/pico_double/double_init_rom.c.obj
 .rodata.__aeabi_double_init.str1.4
                0x10005268       0xaa CMakeFiles/button_poc.dir/home/agr/EmbeddedDesign/RP2040/pico-sdk/src/rp2_common/pico_double/double_init_rom.c.obj
 .rodata.__func__.0
                0x10005268       0x14 CMakeFiles/button_poc.dir/home/agr/EmbeddedDesign/RP2040/pico-sdk/src/rp2_common/pico_double/double_init_rom.c.obj
 .rodata.missing_float_func_shim.str1.4
                0x1000527c        0x1 CMakeFiles/button_poc.dir/home/agr/EmbeddedDesign/RP2040/pico-sdk/src/rp2_common/pico_float/float_init_rom.c.obj
 .rodata.__aeabi_float_init.str1.4
                0x1000527c       0x88 CMakeFiles/button_poc.dir/home/agr/EmbeddedDesign/RP2040/pico-sdk/src/rp2_common/pico_float/float_init_rom.c.obj
 .rodata.__func__.0
                0x1000527c       0x13 CMakeFiles/button_poc.dir/home/agr/EmbeddedDesign/RP2040/pico-sdk/src/rp2_common/pico_float/float_init_rom.c.obj
 .rodata.str1.4
                0x1000528f       0x54 CMakeFiles/button_poc.dir/home/agr/EmbeddedDesign/RP2040/pico-sdk/src/rp2_common/pico_standard_link/binary_info.c.obj
 *fill*         0x1000528f        0x1 
 .rodata.__bi_81
                0x10005290        0xc CMakeFiles/button_poc.dir/home/agr/EmbeddedDesign/RP2040/pico-sdk/src/rp2_common/pico_standard_link/binary_info.c.obj
 .rodata.__bi_75
                0x1000529c        0xc CMakeFiles/button_poc.dir/home/agr/EmbeddedDesign/RP2040/pico-sdk/src/rp2_common/pico_standard_link/binary_info.c.obj
 .rodata.__bi_44
                0x100052a8        0xc CMakeFiles/button_poc.dir/home/agr/EmbeddedDesign/RP2040/pico-sdk/src/rp2_common/pico_standard_link/binary_info.c.obj
 .rodata.update_us_since_boot.str1.4
                0x100052b4       0x6f CMakeFiles/button_poc.dir/home/agr/EmbeddedDesign/RP2040/pico-sdk/src/rp2_common/pico_stdio/stdio.c.obj
 .rodata.crlf_str.2
                0x100052b4        0x2 CMakeFiles/button_poc.dir/home/agr/EmbeddedDesign/RP2040/pico-sdk/src/rp2_common/pico_stdio/stdio.c.obj
 *fill*         0x100052b6        0x2 
 .rodata.__func__.3
                0x100052b8       0x15 CMakeFiles/button_poc.dir/home/agr/EmbeddedDesign/RP2040/pico-sdk/src/rp2_common/pico_stdio/stdio.c.obj
 .rodata.str1.4
                0x100052cd       0x2c CMakeFiles/button_poc.dir/home/agr/EmbeddedDesign/RP2040/pico-sdk/src/rp2_common/pico_stdio_uart/stdio_uart.c.obj
 *fill*         0x100052cd        0x3 
 .rodata.__bi_33.4
                0x100052d0        0xc CMakeFiles/button_poc.dir/home/agr/EmbeddedDesign/RP2040/pico-sdk/src/rp2_common/pico_stdio_uart/stdio_uart.c.obj
 .rodata.__bi_34.5
                0x100052dc        0x8 CMakeFiles/button_poc.dir/home/agr/EmbeddedDesign/RP2040/pico-sdk/src/rp2_common/pico_stdio_uart/stdio_uart.c.obj
                0x100052e4                        . = ALIGN (0x4)
 *(SORT_BY_ALIGNMENT(SORT_BY_NAME(.flashdata*)))
                0x100052e4                        . = ALIGN (0x4)

.ARM.extab
 *(.ARM.extab* .gnu.linkonce.armextab.*)
                0x100052e4                        __exidx_start = .

.ARM.exidx
 *(.ARM.exidx* .gnu.linkonce.armexidx.*)
                0x100052e4                        __exidx_end = .
                0x100052e4                        . = ALIGN (0x4)
                0x100052e4                        __binary_info_start = .

.binary_info    0x100052e4       0x24
 *(.binary_info.keep.*)
 .binary_info.keep.__bi_ptr81
                0x100052e4        0x4 CMakeFiles/button_poc.dir/home/agr/EmbeddedDesign/RP2040/pico-sdk/src/rp2_common/pico_standard_link/binary_info.c.obj
 .binary_info.keep.__bi_ptr75
                0x100052e8        0x4 CMakeFiles/button_poc.dir/home/agr/EmbeddedDesign/RP2040/pico-sdk/src/rp2_common/pico_standard_link/binary_info.c.obj
 .binary_info.keep.__bi_ptr50
                0x100052ec        0x4 CMakeFiles/button_poc.dir/home/agr/EmbeddedDesign/RP2040/pico-sdk/src/rp2_common/pico_standard_link/binary_info.c.obj
 .binary_info.keep.__bi_ptr44
                0x100052f0        0x4 CMakeFiles/button_poc.dir/home/agr/EmbeddedDesign/RP2040/pico-sdk/src/rp2_common/pico_standard_link/binary_info.c.obj
 .binary_info.keep.__bi_ptr38
                0x100052f4        0x4 CMakeFiles/button_poc.dir/home/agr/EmbeddedDesign/RP2040/pico-sdk/src/rp2_common/pico_standard_link/binary_info.c.obj
 .binary_info.keep.__bi_ptr30
                0x100052f8        0x4 CMakeFiles/button_poc.dir/home/agr/EmbeddedDesign/RP2040/pico-sdk/src/rp2_common/pico_standard_link/binary_info.c.obj
 .binary_info.keep.__bi_ptr22
                0x100052fc        0x4 CMakeFiles/button_poc.dir/home/agr/EmbeddedDesign/RP2040/pico-sdk/src/rp2_common/pico_standard_link/binary_info.c.obj
 *(.binary_info.*)
 .binary_info.__bi_ptr34
                0x10005300        0x4 CMakeFiles/button_poc.dir/home/agr/EmbeddedDesign/RP2040/pico-sdk/src/rp2_common/pico_stdio_uart/stdio_uart.c.obj
 .binary_info.__bi_ptr33
                0x10005304        0x4 CMakeFiles/button_poc.dir/home/agr/EmbeddedDesign/RP2040/pico-sdk/src/rp2_common/pico_stdio_uart/stdio_uart.c.obj
                0x10005308                        __binary_info_end = .

.rel.dyn        0x10005308        0x0
 .rel.iplt      0x10005308        0x0 /usr/lib/gcc/arm-none-eabi/13.2.0/thumb/v6-m/nofp/crtbegin.o
                0x10005308                        . = ALIGN (0x4)

.ram_vector_table
                0x20000000       0xc0
 *(.ram_vector_table)
 .ram_vector_table
                0x20000000       0xc0 CMakeFiles/button_poc.dir/home/agr/EmbeddedDesign/RP2040/pico-sdk/src/rp2_common/pico_runtime/runtime.c.obj
                0x20000000                ram_vector_table

.data           0x200000c0      0x24c load address 0x10005308
                0x200000c0                        __data_start__ = .
 *(vtable)
 *(.time_critical*)
 .time_critical.mutex_try_enter
                0x200000c0       0x46 CMakeFiles/button_poc.dir/home/agr/EmbeddedDesign/RP2040/pico-sdk/src/common/pico_sync/mutex.c.obj
                0x200000c0                mutex_try_enter
 *fill*         0x20000106        0x2 
 .time_critical.mutex_enter_block_until
                0x20000108       0x8c CMakeFiles/button_poc.dir/home/agr/EmbeddedDesign/RP2040/pico-sdk/src/common/pico_sync/mutex.c.obj
                0x20000108                mutex_enter_block_until
 .time_critical.mutex_try_enter_block_until
                0x20000194       0x34 CMakeFiles/button_poc.dir/home/agr/EmbeddedDesign/RP2040/pico-sdk/src/common/pico_sync/mutex.c.obj
                0x20000194                mutex_try_enter_block_until
 .time_critical.mutex_exit
                0x200001c8       0x4c CMakeFiles/button_poc.dir/home/agr/EmbeddedDesign/RP2040/pico-sdk/src/common/pico_sync/mutex.c.obj
                0x200001c8                mutex_exit
 *(.text*)
 .text          0x20000214        0x4 /usr/lib/gcc/arm-none-eabi/13.2.0/thumb/v6-m/nofp/libgcc.a(_dvmd_tls.o)
                0x20000214                __aeabi_ldiv0
                0x20000214                __aeabi_idiv0
 .text.__stub   0x20000218       0x20 linker stubs
                0x20000238                        . = ALIGN (0x4)
 *(.rodata*)
                0x20000238                        . = ALIGN (0x4)
 *(.data*)
 .data.striped_spin_lock_num
                0x20000238        0x1 CMakeFiles/button_poc.dir/home/agr/EmbeddedDesign/RP2040/pico-sdk/src/rp2_common/hardware_sync/sync.c.obj
 *fill*         0x20000239        0x3 
 .data          0x2000023c       0x48 CMakeFiles/button_poc.dir/home/agr/EmbeddedDesign/RP2040/pico-sdk/src/rp2_common/hardware_irq/irq_handler_chain.S.obj
                0x2000023c                irq_handler_chain_slots
                0x2000026c                irq_handler_chain_first_slot
                0x20000276                irq_handler_chain_remove_tail
 .data.default_alarm_pool
                0x20000284       0x18 CMakeFiles/button_poc.dir/home/agr/EmbeddedDesign/RP2040/pico-sdk/src/common/pico_time/time.c.obj
 .data.default_alarm_pool_heap
                0x2000029c       0x10 CMakeFiles/button_poc.dir/home/agr/EmbeddedDesign/RP2040/pico-sdk/src/common/pico_time/time.c.obj
 *fill*         0x200002ac        0x4 
 .data.aeabi_bits_funcs
                0x200002b0       0x10 CMakeFiles/button_poc.dir/home/agr/EmbeddedDesign/RP2040/pico-sdk/src/rp2_common/pico_bit_ops/bit_ops_aeabi.S.obj
                0x200002b0                aeabi_bits_funcs
                0x200002c0                aeabi_bits_funcs_end
 .data.aeabi_mem_funcs
                0x200002c0       0x10 CMakeFiles/button_poc.dir/home/agr/EmbeddedDesign/RP2040/pico-sdk/src/rp2_common/pico_mem_ops/mem_ops_aeabi.S.obj
                0x200002c0                aeabi_mem_funcs
                0x200002d0                aeabi_mem_funcs_end
 .data.stdio_uart
                0x200002d0       0x18 CMakeFiles/button_poc.dir/home/agr/EmbeddedDesign/RP2040/pico-sdk/src/rp2_common/pico_stdio_uart/stdio_uart.c.obj
                0x200002d0                stdio_uart
 .data.__atexit_recursive_mutex
                0x200002e8        0x4 /usr/lib/gcc/arm-none-eabi/13.2.0/../../../../arm-none-eabi/lib/thumb/v6-m/nofp/libg.a(libc_a-__call_atexit.o)
                0x200002e8                __atexit_recursive_mutex
                0x200002ec                        . = ALIGN (0x4)
 *(.after_data.*)
                0x200002ec                        . = ALIGN (0x4)
                0x200002ec                        PROVIDE (__mutex_array_start = .)
 *(SORT_BY_NAME(.mutex_array.*))
 *(.mutex_array)
 .mutex_array   0x200002ec        0x8 CMakeFiles/button_poc.dir/home/agr/EmbeddedDesign/RP2040/pico-sdk/src/rp2_common/pico_stdio/stdio.c.obj
                0x200002f4                        PROVIDE (__mutex_array_end = .)
                0x200002f4                        . = ALIGN (0x4)
                0x200002f4                        PROVIDE (__preinit_array_start = .)
 *(SORT_BY_NAME(.preinit_array.*))
 .preinit_array.00001
                0x200002f4        0x4 CMakeFiles/button_poc.dir/home/agr/EmbeddedDesign/RP2040/pico-sdk/src/rp2_common/pico_mem_ops/mem_ops_aeabi.S.obj
 .preinit_array.00010
                0x200002f8        0x4 CMakeFiles/button_poc.dir/home/agr/EmbeddedDesign/RP2040/pico-sdk/src/rp2_common/pico_bit_ops/bit_ops_aeabi.S.obj
 .preinit_array.00020
                0x200002fc        0x4 CMakeFiles/button_poc.dir/home/agr/EmbeddedDesign/RP2040/pico-sdk/src/rp2_common/pico_double/double_aeabi.S.obj
 .preinit_array.00020
                0x20000300        0x4 CMakeFiles/button_poc.dir/home/agr/EmbeddedDesign/RP2040/pico-sdk/src/rp2_common/pico_float/float_aeabi.S.obj
 *(.preinit_array)
                0x20000304                        PROVIDE (__preinit_array_end = .)
                0x20000304                        . = ALIGN (0x4)
                0x20000304                        PROVIDE (__init_array_start = .)
 *(SORT_BY_NAME(.init_array.*))
 .init_array.00000
                0x20000304        0x4 /usr/lib/gcc/arm-none-eabi/13.2.0/../../../../arm-none-eabi/lib/thumb/v6-m/nofp/libg.a(libc_a-__call_atexit.o)
 *(.init_array)
 .init_array    0x20000308        0x4 /usr/lib/gcc/arm-none-eabi/13.2.0/thumb/v6-m/nofp/crtbegin.o
                0x2000030c                        PROVIDE (__init_array_end = .)
                0x2000030c                        . = ALIGN (0x4)
                0x2000030c                        PROVIDE (__fini_array_start = .)
 *(SORT_BY_NAME(.fini_array.*))
 *(.fini_array)
                0x2000030c                        PROVIDE (__fini_array_end = .)
 *(.jcr)
                0x2000030c                        . = ALIGN (0x4)
                0x2000030c                        __data_end__ = .
                0x10005308                        __etext = LOADADDR (.data)

.igot.plt       0x2000030c        0x0 load address 0x10005554
 .igot.plt      0x2000030c        0x0 /usr/lib/gcc/arm-none-eabi/13.2.0/thumb/v6-m/nofp/crtbegin.o

.uninitialized_data
                0x2000030c        0x0 load address 0x10005554
                0x2000030c                        . = ALIGN (0x4)
 *(.uninitialized_data*)

.scratch_x      0x20040000        0x0 load address 0x10005554
                0x20040000                        __scratch_x_start__ = .
 *(.scratch_x.*)
                0x20040000                        . = ALIGN (0x4)
                0x20040000                        __scratch_x_end__ = .
                0x10005554                        __scratch_x_source__ = LOADADDR (.scratch_x)

.scratch_y      0x20041000        0x0 load address 0x10005554
                0x20041000                        __scratch_y_start__ = .
 *(.scratch_y.*)
                0x20041000                        . = ALIGN (0x4)
                0x20041000                        __scratch_y_end__ = .
                0x10005554                        __scratch_y_source__ = LOADADDR (.scratch_y)

.bss            0x20000310      0x57c
                0x20000310                        . = ALIGN (0x4)
                0x20000310                        __bss_start__ = .
 *(SORT_BY_ALIGNMENT(SORT_BY_NAME(.bss*)))
 .bss.default_alarm_pool_entries
                0x20000310      0x100 CMakeFiles/button_poc.dir/home/agr/EmbeddedDesign/RP2040/pico-sdk/src/common/pico_time/time.c.obj
 .bss.__atexit  0x20000410        0x4 /usr/lib/gcc/arm-none-eabi/13.2.0/../../../../arm-none-eabi/lib/thumb/v6-m/nofp/libg.a(libc_a-__call_atexit.o)
                0x20000410                __atexit
 .bss.__atexit0
                0x20000414      0x190 /usr/lib/gcc/arm-none-eabi/13.2.0/../../../../arm-none-eabi/lib/thumb/v6-m/nofp/libg.a(libc_a-__atexit.o)
                0x20000414                __atexit0
 .bss.__lock___atexit_recursive_mutex
                0x200005a4        0x1 /usr/lib/gcc/arm-none-eabi/13.2.0/../../../../arm-none-eabi/lib/thumb/v6-m/nofp/libg.a(libc_a-lock.o)
                0x200005a4                __lock___atexit_recursive_mutex
 *fill*         0x200005a5        0x3 
 .bss.alarm_callbacks
                0x200005a8       0x10 CMakeFiles/button_poc.dir/home/agr/EmbeddedDesign/RP2040/pico-sdk/src/rp2_common/hardware_timer/timer.c.obj
 .bss.callbacks
                0x200005b8        0x8 CMakeFiles/button_poc.dir/home/agr/EmbeddedDesign/RP2040/pico-sdk/src/rp2_common/hardware_gpio/gpio.c.obj
 .bss.chars_available_callback
                0x200005c0        0x4 CMakeFiles/button_poc.dir/home/agr/EmbeddedDesign/RP2040/pico-sdk/src/rp2_common/pico_stdio_uart/stdio_uart.c.obj
 .bss.chars_available_param
                0x200005c4        0x4 CMakeFiles/button_poc.dir/home/agr/EmbeddedDesign/RP2040/pico-sdk/src/rp2_common/pico_stdio_uart/stdio_uart.c.obj
 .bss.configured_freq
                0x200005c8       0x28 CMakeFiles/button_poc.dir/home/agr/EmbeddedDesign/RP2040/pico-sdk/src/rp2_common/hardware_clocks/clocks.c.obj
 .bss.default_alarm_pool_entry_ids_high
                0x200005f0       0x10 CMakeFiles/button_poc.dir/home/agr/EmbeddedDesign/RP2040/pico-sdk/src/common/pico_time/time.c.obj
 .bss.default_alarm_pool_heap_nodes
                0x20000600       0x30 CMakeFiles/button_poc.dir/home/agr/EmbeddedDesign/RP2040/pico-sdk/src/common/pico_time/time.c.obj
 .bss.drivers   0x20000630        0x4 CMakeFiles/button_poc.dir/home/agr/EmbeddedDesign/RP2040/pico-sdk/src/rp2_common/pico_stdio/stdio.c.obj
 .bss.filter    0x20000634        0x4 CMakeFiles/button_poc.dir/home/agr/EmbeddedDesign/RP2040/pico-sdk/src/rp2_common/pico_stdio/stdio.c.obj
 .bss.object.0  0x20000638       0x18 /usr/lib/gcc/arm-none-eabi/13.2.0/thumb/v6-m/nofp/crtbegin.o
 .bss.pools     0x20000650       0x10 CMakeFiles/button_poc.dir/home/agr/EmbeddedDesign/RP2040/pico-sdk/src/common/pico_time/time.c.obj
 .bss.raw_irq_mask
                0x20000660        0x8 CMakeFiles/button_poc.dir/home/agr/EmbeddedDesign/RP2040/pico-sdk/src/rp2_common/hardware_gpio/gpio.c.obj
 .bss.sd_table  0x20000668      0x100 CMakeFiles/button_poc.dir/home/agr/EmbeddedDesign/RP2040/pico-sdk/src/rp2_common/pico_double/double_init_rom.c.obj
                0x20000668                sd_table
 .bss.sf_clz_func
                0x20000768        0x4 CMakeFiles/button_poc.dir/home/agr/EmbeddedDesign/RP2040/pico-sdk/src/rp2_common/pico_double/double_init_rom.c.obj
                0x20000768                sf_clz_func
 .bss.sf_table  0x2000076c      0x100 CMakeFiles/button_poc.dir/home/agr/EmbeddedDesign/RP2040/pico-sdk/src/rp2_common/pico_float/float_init_rom.c.obj
                0x2000076c                sf_table
 .bss.sleep_notifier
                0x2000086c        0x4 CMakeFiles/button_poc.dir/home/agr/EmbeddedDesign/RP2040/pico-sdk/src/common/pico_time/time.c.obj
 .bss.target_hi
                0x20000870       0x10 CMakeFiles/button_poc.dir/home/agr/EmbeddedDesign/RP2040/pico-sdk/src/rp2_common/hardware_timer/timer.c.obj
 .bss.uart_char_to_line_feed
                0x20000880        0x4 CMakeFiles/button_poc.dir/home/agr/EmbeddedDesign/RP2040/pico-sdk/src/rp2_common/hardware_uart/uart.c.obj
                0x20000880                uart_char_to_line_feed
 .bss.uart_instance
                0x20000884        0x4 CMakeFiles/button_poc.dir/home/agr/EmbeddedDesign/RP2040/pico-sdk/src/rp2_common/pico_stdio_uart/stdio_uart.c.obj
 .bss.chosen_led_pin
                0x20000888        0x1 lib/led/libled.a(led.c.obj)
                0x20000888                chosen_led_pin
 .bss.claimed   0x20000889        0x1 CMakeFiles/button_poc.dir/home/agr/EmbeddedDesign/RP2040/pico-sdk/src/rp2_common/hardware_timer/timer.c.obj
 .bss.irq_hander_chain_free_slot_head
                0x2000088a        0x1 CMakeFiles/button_poc.dir/home/agr/EmbeddedDesign/RP2040/pico-sdk/src/rp2_common/hardware_irq/irq.c.obj
 .bss.timer_callbacks_pending
                0x2000088b        0x1 CMakeFiles/button_poc.dir/home/agr/EmbeddedDesign/RP2040/pico-sdk/src/rp2_common/hardware_timer/timer.c.obj
 *(COMMON)
                0x2000088c                        . = ALIGN (0x4)
                0x2000088c                        __bss_end__ = .

.heap           0x2000088c      0x800
                0x2000088c                        __end__ = .
                0x2000088c                        end = __end__
 *(.heap*)
 .heap          0x2000088c      0x800 CMakeFiles/button_poc.dir/home/agr/EmbeddedDesign/RP2040/pico-sdk/src/rp2_common/pico_standard_link/crt0.S.obj
                0x2000108c                        __HeapLimit = .

.stack1_dummy
 *(.stack1*)

.stack_dummy    0x20041000      0x800
 *(.stack*)
 .stack         0x20041000      0x800 CMakeFiles/button_poc.dir/home/agr/EmbeddedDesign/RP2040/pico-sdk/src/rp2_common/pico_standard_link/crt0.S.obj

.flash_end      0x10005554        0x0
                0x10005554                        PROVIDE (__flash_binary_end = .)
                0x20040000                        __StackLimit = (ORIGIN (RAM) + LENGTH (RAM))
                0x20041000                        __StackOneTop = (ORIGIN (SCRATCH_X) + LENGTH (SCRATCH_X))
                0x20042000                        __StackTop = (ORIGIN (SCRATCH_Y) + LENGTH (SCRATCH_Y))
                0x20041000                        __StackOneBottom = (__StackOneTop - SIZEOF (.stack1_dummy))
                0x20041800                        __StackBottom = (__StackTop - SIZEOF (.stack_dummy))
                0x20042000                        PROVIDE (__stack = __StackTop)
                0x00000001                        ASSERT ((__StackLimit >= __HeapLimit), region RAM overflowed)
                0x00000001                        ASSERT (((__binary_info_header_end - __logical_binary_start) <= 0x100), Binary info must be in first 256 bytes of the binary)
LOAD CMakeFiles/button_poc.dir/main.c.obj
LOAD CMakeFiles/button_poc.dir/home/agr/EmbeddedDesign/RP2040/pico-sdk/src/rp2_common/pico_stdlib/stdlib.c.obj
LOAD CMakeFiles/button_poc.dir/home/agr/EmbeddedDesign/RP2040/pico-sdk/src/rp2_common/hardware_gpio/gpio.c.obj
LOAD CMakeFiles/button_poc.dir/home/agr/EmbeddedDesign/RP2040/pico-sdk/src/rp2_common/pico_platform/platform.c.obj
LOAD CMakeFiles/button_poc.dir/home/agr/EmbeddedDesign/RP2040/pico-sdk/src/rp2_common/hardware_claim/claim.c.obj
LOAD CMakeFiles/button_poc.dir/home/agr/EmbeddedDesign/RP2040/pico-sdk/src/rp2_common/hardware_sync/sync.c.obj
LOAD CMakeFiles/button_poc.dir/home/agr/EmbeddedDesign/RP2040/pico-sdk/src/rp2_common/hardware_irq/irq.c.obj
LOAD CMakeFiles/button_poc.dir/home/agr/EmbeddedDesign/RP2040/pico-sdk/src/rp2_common/hardware_irq/irq_handler_chain.S.obj
LOAD CMakeFiles/button_poc.dir/home/agr/EmbeddedDesign/RP2040/pico-sdk/src/common/pico_sync/sem.c.obj
LOAD CMakeFiles/button_poc.dir/home/agr/EmbeddedDesign/RP2040/pico-sdk/src/common/pico_sync/lock_core.c.obj
LOAD CMakeFiles/button_poc.dir/home/agr/EmbeddedDesign/RP2040/pico-sdk/src/common/pico_sync/mutex.c.obj
LOAD CMakeFiles/button_poc.dir/home/agr/EmbeddedDesign/RP2040/pico-sdk/src/common/pico_sync/critical_section.c.obj
LOAD CMakeFiles/button_poc.dir/home/agr/EmbeddedDesign/RP2040/pico-sdk/src/common/pico_time/time.c.obj
LOAD CMakeFiles/button_poc.dir/home/agr/EmbeddedDesign/RP2040/pico-sdk/src/common/pico_time/timeout_helper.c.obj
LOAD CMakeFiles/button_poc.dir/home/agr/EmbeddedDesign/RP2040/pico-sdk/src/rp2_common/hardware_timer/timer.c.obj
LOAD CMakeFiles/button_poc.dir/home/agr/EmbeddedDesign/RP2040/pico-sdk/src/common/pico_util/datetime.c.obj
LOAD CMakeFiles/button_poc.dir/home/agr/EmbeddedDesign/RP2040/pico-sdk/src/common/pico_util/pheap.c.obj
LOAD CMakeFiles/button_poc.dir/home/agr/EmbeddedDesign/RP2040/pico-sdk/src/common/pico_util/queue.c.obj
LOAD CMakeFiles/button_poc.dir/home/agr/EmbeddedDesign/RP2040/pico-sdk/src/rp2_common/hardware_uart/uart.c.obj
LOAD CMakeFiles/button_poc.dir/home/agr/EmbeddedDesign/RP2040/pico-sdk/src/rp2_common/hardware_clocks/clocks.c.obj
LOAD CMakeFiles/button_poc.dir/home/agr/EmbeddedDesign/RP2040/pico-sdk/src/rp2_common/hardware_pll/pll.c.obj
LOAD CMakeFiles/button_poc.dir/home/agr/EmbeddedDesign/RP2040/pico-sdk/src/rp2_common/hardware_vreg/vreg.c.obj
LOAD CMakeFiles/button_poc.dir/home/agr/EmbeddedDesign/RP2040/pico-sdk/src/rp2_common/hardware_watchdog/watchdog.c.obj
LOAD CMakeFiles/button_poc.dir/home/agr/EmbeddedDesign/RP2040/pico-sdk/src/rp2_common/hardware_xosc/xosc.c.obj
LOAD CMakeFiles/button_poc.dir/home/agr/EmbeddedDesign/RP2040/pico-sdk/src/rp2_common/hardware_divider/divider.S.obj
LOAD CMakeFiles/button_poc.dir/home/agr/EmbeddedDesign/RP2040/pico-sdk/src/rp2_common/pico_runtime/runtime.c.obj
LOAD CMakeFiles/button_poc.dir/home/agr/EmbeddedDesign/RP2040/pico-sdk/src/rp2_common/pico_printf/printf.c.obj
LOAD CMakeFiles/button_poc.dir/home/agr/EmbeddedDesign/RP2040/pico-sdk/src/rp2_common/pico_bit_ops/bit_ops_aeabi.S.obj
LOAD CMakeFiles/button_poc.dir/home/agr/EmbeddedDesign/RP2040/pico-sdk/src/rp2_common/pico_bootrom/bootrom.c.obj
LOAD CMakeFiles/button_poc.dir/home/agr/EmbeddedDesign/RP2040/pico-sdk/src/rp2_common/pico_divider/divider.S.obj
LOAD CMakeFiles/button_poc.dir/home/agr/EmbeddedDesign/RP2040/pico-sdk/src/rp2_common/pico_double/double_aeabi.S.obj
LOAD CMakeFiles/button_poc.dir/home/agr/EmbeddedDesign/RP2040/pico-sdk/src/rp2_common/pico_double/double_init_rom.c.obj
LOAD CMakeFiles/button_poc.dir/home/agr/EmbeddedDesign/RP2040/pico-sdk/src/rp2_common/pico_double/double_math.c.obj
LOAD CMakeFiles/button_poc.dir/home/agr/EmbeddedDesign/RP2040/pico-sdk/src/rp2_common/pico_double/double_v1_rom_shim.S.obj
LOAD CMakeFiles/button_poc.dir/home/agr/EmbeddedDesign/RP2040/pico-sdk/src/rp2_common/pico_int64_ops/pico_int64_ops_aeabi.S.obj
LOAD CMakeFiles/button_poc.dir/home/agr/EmbeddedDesign/RP2040/pico-sdk/src/rp2_common/pico_float/float_aeabi.S.obj
LOAD CMakeFiles/button_poc.dir/home/agr/EmbeddedDesign/RP2040/pico-sdk/src/rp2_common/pico_float/float_init_rom.c.obj
LOAD CMakeFiles/button_poc.dir/home/agr/EmbeddedDesign/RP2040/pico-sdk/src/rp2_common/pico_float/float_math.c.obj
LOAD CMakeFiles/button_poc.dir/home/agr/EmbeddedDesign/RP2040/pico-sdk/src/rp2_common/pico_float/float_v1_rom_shim.S.obj
LOAD CMakeFiles/button_poc.dir/home/agr/EmbeddedDesign/RP2040/pico-sdk/src/rp2_common/pico_malloc/pico_malloc.c.obj
LOAD CMakeFiles/button_poc.dir/home/agr/EmbeddedDesign/RP2040/pico-sdk/src/rp2_common/pico_mem_ops/mem_ops_aeabi.S.obj
LOAD CMakeFiles/button_poc.dir/home/agr/EmbeddedDesign/RP2040/pico-sdk/src/rp2_common/pico_standard_link/crt0.S.obj
LOAD CMakeFiles/button_poc.dir/home/agr/EmbeddedDesign/RP2040/pico-sdk/src/rp2_common/pico_standard_link/new_delete.cpp.obj
LOAD CMakeFiles/button_poc.dir/home/agr/EmbeddedDesign/RP2040/pico-sdk/src/rp2_common/pico_standard_link/binary_info.c.obj
LOAD CMakeFiles/button_poc.dir/home/agr/EmbeddedDesign/RP2040/pico-sdk/src/rp2_common/pico_stdio/stdio.c.obj
LOAD CMakeFiles/button_poc.dir/home/agr/EmbeddedDesign/RP2040/pico-sdk/src/rp2_common/pico_stdio_uart/stdio_uart.c.obj
LOAD lib/blinky/libblinky.a
LOAD lib/button/libbutton.a
LOAD lib/led/libled.a
LOAD /tmp/ccXqKo8T.o
LOAD /usr/lib/gcc/arm-none-eabi/13.2.0/../../../../arm-none-eabi/lib/thumb/v6-m/nofp/libstdc++.a
LOAD /usr/lib/gcc/arm-none-eabi/13.2.0/../../../../arm-none-eabi/lib/thumb/v6-m/nofp/libm.a
START GROUP
LOAD /usr/lib/gcc/arm-none-eabi/13.2.0/thumb/v6-m/nofp/libgcc.a
LOAD /usr/lib/gcc/arm-none-eabi/13.2.0/../../../../arm-none-eabi/lib/thumb/v6-m/nofp/libg.a
LOAD /usr/lib/gcc/arm-none-eabi/13.2.0/../../../../arm-none-eabi/lib/thumb/v6-m/nofp/libc.a
END GROUP
START GROUP
LOAD /usr/lib/gcc/arm-none-eabi/13.2.0/thumb/v6-m/nofp/libgcc.a
LOAD /usr/lib/gcc/arm-none-eabi/13.2.0/../../../../arm-none-eabi/lib/thumb/v6-m/nofp/libc.a
LOAD /usr/lib/gcc/arm-none-eabi/13.2.0/../../../../arm-none-eabi/lib/thumb/v6-m/nofp/libnosys.a
END GROUP
LOAD /usr/lib/gcc/arm-none-eabi/13.2.0/thumb/v6-m/nofp/crtend.o
LOAD /usr/lib/gcc/arm-none-eabi/13.2.0/thumb/v6-m/nofp/crtn.o
OUTPUT(button_poc.elf elf32-littlearm)
LOAD linker stubs

.ARM.attributes
                0x00000000       0x28
 .ARM.attributes
                0x00000000       0x1e /usr/lib/gcc/arm-none-eabi/13.2.0/thumb/v6-m/nofp/crti.o
 .ARM.attributes
                0x0000001e       0x2c /usr/lib/gcc/arm-none-eabi/13.2.0/thumb/v6-m/nofp/crtbegin.o
 .ARM.attributes
                0x0000004a       0x2c CMakeFiles/button_poc.dir/main.c.obj
 .ARM.attributes
                0x00000076       0x2c CMakeFiles/button_poc.dir/home/agr/EmbeddedDesign/RP2040/pico-sdk/src/rp2_common/hardware_gpio/gpio.c.obj
 .ARM.attributes
                0x000000a2       0x2c CMakeFiles/button_poc.dir/home/agr/EmbeddedDesign/RP2040/pico-sdk/src/rp2_common/pico_platform/platform.c.obj
 .ARM.attributes
                0x000000ce       0x2c CMakeFiles/button_poc.dir/home/agr/EmbeddedDesign/RP2040/pico-sdk/src/rp2_common/hardware_claim/claim.c.obj
 .ARM.attributes
                0x000000fa       0x2c CMakeFiles/button_poc.dir/home/agr/EmbeddedDesign/RP2040/pico-sdk/src/rp2_common/hardware_sync/sync.c.obj
 .ARM.attributes
                0x00000126       0x2c CMakeFiles/button_poc.dir/home/agr/EmbeddedDesign/RP2040/pico-sdk/src/rp2_common/hardware_irq/irq.c.obj
 .ARM.attributes
                0x00000152       0x22 CMakeFiles/button_poc.dir/home/agr/EmbeddedDesign/RP2040/pico-sdk/src/rp2_common/hardware_irq/irq_handler_chain.S.obj
 .ARM.attributes
                0x00000174       0x2c CMakeFiles/button_poc.dir/home/agr/EmbeddedDesign/RP2040/pico-sdk/src/common/pico_sync/lock_core.c.obj
 .ARM.attributes
                0x000001a0       0x2c CMakeFiles/button_poc.dir/home/agr/EmbeddedDesign/RP2040/pico-sdk/src/common/pico_sync/mutex.c.obj
 .ARM.attributes
                0x000001cc       0x2c CMakeFiles/button_poc.dir/home/agr/EmbeddedDesign/RP2040/pico-sdk/src/common/pico_time/time.c.obj
 .ARM.attributes
                0x000001f8       0x2c CMakeFiles/button_poc.dir/home/agr/EmbeddedDesign/RP2040/pico-sdk/src/rp2_common/hardware_timer/timer.c.obj
 .ARM.attributes
                0x00000224       0x2c CMakeFiles/button_poc.dir/home/agr/EmbeddedDesign/RP2040/pico-sdk/src/common/pico_util/pheap.c.obj
 .ARM.attributes
                0x00000250       0x2c CMakeFiles/button_poc.dir/home/agr/EmbeddedDesign/RP2040/pico-sdk/src/rp2_common/hardware_uart/uart.c.obj
 .ARM.attributes
                0x0000027c       0x2c CMakeFiles/button_poc.dir/home/agr/EmbeddedDesign/RP2040/pico-sdk/src/rp2_common/hardware_clocks/clocks.c.obj
 .ARM.attributes
                0x000002a8       0x2c CMakeFiles/button_poc.dir/home/agr/EmbeddedDesign/RP2040/pico-sdk/src/rp2_common/hardware_pll/pll.c.obj
 .ARM.attributes
                0x000002d4       0x2c CMakeFiles/button_poc.dir/home/agr/EmbeddedDesign/RP2040/pico-sdk/src/rp2_common/hardware_watchdog/watchdog.c.obj
 .ARM.attributes
                0x00000300       0x2c CMakeFiles/button_poc.dir/home/agr/EmbeddedDesign/RP2040/pico-sdk/src/rp2_common/hardware_xosc/xosc.c.obj
 .ARM.attributes
                0x0000032c       0x2c CMakeFiles/button_poc.dir/home/agr/EmbeddedDesign/RP2040/pico-sdk/src/rp2_common/pico_runtime/runtime.c.obj
 .ARM.attributes
                0x00000358       0x2c CMakeFiles/button_poc.dir/home/agr/EmbeddedDesign/RP2040/pico-sdk/src/rp2_common/pico_printf/printf.c.obj
 .ARM.attributes
                0x00000384       0x22 CMakeFiles/button_poc.dir/home/agr/EmbeddedDesign/RP2040/pico-sdk/src/rp2_common/pico_bit_ops/bit_ops_aeabi.S.obj
 .ARM.attributes
                0x000003a6       0x2c CMakeFiles/button_poc.dir/home/agr/EmbeddedDesign/RP2040/pico-sdk/src/rp2_common/pico_bootrom/bootrom.c.obj
 .ARM.attributes
                0x000003d2       0x22 CMakeFiles/button_poc.dir/home/agr/EmbeddedDesign/RP2040/pico-sdk/src/rp2_common/pico_divider/divider.S.obj
 .ARM.attributes
                0x000003f4       0x22 CMakeFiles/button_poc.dir/home/agr/EmbeddedDesign/RP2040/pico-sdk/src/rp2_common/pico_double/double_aeabi.S.obj
 .ARM.attributes
                0x00000416       0x2c CMakeFiles/button_poc.dir/home/agr/EmbeddedDesign/RP2040/pico-sdk/src/rp2_common/pico_double/double_init_rom.c.obj
 .ARM.attributes
                0x00000442       0x22 CMakeFiles/button_poc.dir/home/agr/EmbeddedDesign/RP2040/pico-sdk/src/rp2_common/pico_double/double_v1_rom_shim.S.obj
 .ARM.attributes
                0x00000464       0x22 CMakeFiles/button_poc.dir/home/agr/EmbeddedDesign/RP2040/pico-sdk/src/rp2_common/pico_int64_ops/pico_int64_ops_aeabi.S.obj
 .ARM.attributes
                0x00000486       0x22 CMakeFiles/button_poc.dir/home/agr/EmbeddedDesign/RP2040/pico-sdk/src/rp2_common/pico_float/float_aeabi.S.obj
 .ARM.attributes
                0x000004a8       0x2c CMakeFiles/button_poc.dir/home/agr/EmbeddedDesign/RP2040/pico-sdk/src/rp2_common/pico_float/float_init_rom.c.obj
 .ARM.attributes
                0x000004d4       0x22 CMakeFiles/button_poc.dir/home/agr/EmbeddedDesign/RP2040/pico-sdk/src/rp2_common/pico_mem_ops/mem_ops_aeabi.S.obj
 .ARM.attributes
                0x000004f6       0x22 CMakeFiles/button_poc.dir/home/agr/EmbeddedDesign/RP2040/pico-sdk/src/rp2_common/pico_standard_link/crt0.S.obj
 .ARM.attributes
                0x00000518       0x2c CMakeFiles/button_poc.dir/home/agr/EmbeddedDesign/RP2040/pico-sdk/src/rp2_common/pico_standard_link/binary_info.c.obj
 .ARM.attributes
                0x00000544       0x2c CMakeFiles/button_poc.dir/home/agr/EmbeddedDesign/RP2040/pico-sdk/src/rp2_common/pico_stdio/stdio.c.obj
 .ARM.attributes
                0x00000570       0x2c CMakeFiles/button_poc.dir/home/agr/EmbeddedDesign/RP2040/pico-sdk/src/rp2_common/pico_stdio_uart/stdio_uart.c.obj
 .ARM.attributes
                0x0000059c       0x2c lib/blinky/libblinky.a(blinky.c.obj)
 .ARM.attributes
                0x000005c8       0x2c lib/button/libbutton.a(button.c.obj)
 .ARM.attributes
                0x000005f4       0x2c lib/led/libled.a(led.c.obj)
 .ARM.attributes
                0x00000620       0x22 /tmp/ccXqKo8T.o
 .ARM.attributes
                0x00000642       0x1e /usr/lib/gcc/arm-none-eabi/13.2.0/thumb/v6-m/nofp/libgcc.a(_dvmd_tls.o)
 .ARM.attributes
                0x00000660       0x2c /usr/lib/gcc/arm-none-eabi/13.2.0/../../../../arm-none-eabi/lib/thumb/v6-m/nofp/libg.a(libc_a-atexit.o)
 .ARM.attributes
                0x0000068c       0x2c /usr/lib/gcc/arm-none-eabi/13.2.0/../../../../arm-none-eabi/lib/thumb/v6-m/nofp/libg.a(libc_a-fini.o)
 .ARM.attributes
                0x000006b8       0x2c /usr/lib/gcc/arm-none-eabi/13.2.0/../../../../arm-none-eabi/lib/thumb/v6-m/nofp/libg.a(libc_a-lock.o)
 .ARM.attributes
                0x000006e4       0x2c /usr/lib/gcc/arm-none-eabi/13.2.0/../../../../arm-none-eabi/lib/thumb/v6-m/nofp/libg.a(libc_a-strlen-stub.o)
 .ARM.attributes
                0x00000710       0x2c /usr/lib/gcc/arm-none-eabi/13.2.0/../../../../arm-none-eabi/lib/thumb/v6-m/nofp/libg.a(libc_a-__atexit.o)
 .ARM.attributes
                0x0000073c       0x2c /usr/lib/gcc/arm-none-eabi/13.2.0/../../../../arm-none-eabi/lib/thumb/v6-m/nofp/libg.a(libc_a-__call_atexit.o)

.comment        0x00000000       0x3c
 .comment       0x00000000       0x3c CMakeFiles/button_poc.dir/main.c.obj
                                 0x1f (size before relaxing)
 .comment       0x0000003c       0x1f CMakeFiles/button_poc.dir/home/agr/EmbeddedDesign/RP2040/pico-sdk/src/rp2_common/hardware_gpio/gpio.c.obj
 .comment       0x0000003c       0x1f CMakeFiles/button_poc.dir/home/agr/EmbeddedDesign/RP2040/pico-sdk/src/rp2_common/pico_platform/platform.c.obj
 .comment       0x0000003c       0x1f CMakeFiles/button_poc.dir/home/agr/EmbeddedDesign/RP2040/pico-sdk/src/rp2_common/hardware_claim/claim.c.obj
 .comment       0x0000003c       0x1f CMakeFiles/button_poc.dir/home/agr/EmbeddedDesign/RP2040/pico-sdk/src/rp2_common/hardware_sync/sync.c.obj
 .comment       0x0000003c       0x1f CMakeFiles/button_poc.dir/home/agr/EmbeddedDesign/RP2040/pico-sdk/src/rp2_common/hardware_irq/irq.c.obj
 .comment       0x0000003c       0x1f CMakeFiles/button_poc.dir/home/agr/EmbeddedDesign/RP2040/pico-sdk/src/common/pico_sync/lock_core.c.obj
 .comment       0x0000003c       0x1f CMakeFiles/button_poc.dir/home/agr/EmbeddedDesign/RP2040/pico-sdk/src/common/pico_sync/mutex.c.obj
 .comment       0x0000003c       0x1f CMakeFiles/button_poc.dir/home/agr/EmbeddedDesign/RP2040/pico-sdk/src/common/pico_time/time.c.obj
 .comment       0x0000003c       0x1f CMakeFiles/button_poc.dir/home/agr/EmbeddedDesign/RP2040/pico-sdk/src/rp2_common/hardware_timer/timer.c.obj
 .comment       0x0000003c       0x1f CMakeFiles/button_poc.dir/home/agr/EmbeddedDesign/RP2040/pico-sdk/src/common/pico_util/pheap.c.obj
 .comment       0x0000003c       0x1f CMakeFiles/button_poc.dir/home/agr/EmbeddedDesign/RP2040/pico-sdk/src/rp2_common/hardware_uart/uart.c.obj
 .comment       0x0000003c       0x1f CMakeFiles/button_poc.dir/home/agr/EmbeddedDesign/RP2040/pico-sdk/src/rp2_common/hardware_clocks/clocks.c.obj
 .comment       0x0000003c       0x1f CMakeFiles/button_poc.dir/home/agr/EmbeddedDesign/RP2040/pico-sdk/src/rp2_common/hardware_pll/pll.c.obj
 .comment       0x0000003c       0x1f CMakeFiles/button_poc.dir/home/agr/EmbeddedDesign/RP2040/pico-sdk/src/rp2_common/hardware_watchdog/watchdog.c.obj
 .comment       0x0000003c       0x1f CMakeFiles/button_poc.dir/home/agr/EmbeddedDesign/RP2040/pico-sdk/src/rp2_common/hardware_xosc/xosc.c.obj
 .comment       0x0000003c       0x1f CMakeFiles/button_poc.dir/home/agr/EmbeddedDesign/RP2040/pico-sdk/src/rp2_common/pico_runtime/runtime.c.obj
 .comment       0x0000003c       0x1f CMakeFiles/button_poc.dir/home/agr/EmbeddedDesign/RP2040/pico-sdk/src/rp2_common/pico_printf/printf.c.obj
 .comment       0x0000003c       0x1f CMakeFiles/button_poc.dir/home/agr/EmbeddedDesign/RP2040/pico-sdk/src/rp2_common/pico_bootrom/bootrom.c.obj
 .comment       0x0000003c       0x1f CMakeFiles/button_poc.dir/home/agr/EmbeddedDesign/RP2040/pico-sdk/src/rp2_common/pico_double/double_init_rom.c.obj
 .comment       0x0000003c       0x1f CMakeFiles/button_poc.dir/home/agr/EmbeddedDesign/RP2040/pico-sdk/src/rp2_common/pico_float/float_init_rom.c.obj
 .comment       0x0000003c       0x1f CMakeFiles/button_poc.dir/home/agr/EmbeddedDesign/RP2040/pico-sdk/src/rp2_common/pico_standard_link/binary_info.c.obj
 .comment       0x0000003c       0x1f CMakeFiles/button_poc.dir/home/agr/EmbeddedDesign/RP2040/pico-sdk/src/rp2_common/pico_stdio/stdio.c.obj
 .comment       0x0000003c       0x1f CMakeFiles/button_poc.dir/home/agr/EmbeddedDesign/RP2040/pico-sdk/src/rp2_common/pico_stdio_uart/stdio_uart.c.obj
 .comment       0x0000003c       0x1f lib/blinky/libblinky.a(blinky.c.obj)
 .comment       0x0000003c       0x1f lib/button/libbutton.a(button.c.obj)
 .comment       0x0000003c       0x1f lib/led/libled.a(led.c.obj)
 .comment       0x0000003c       0x1f /usr/lib/gcc/arm-none-eabi/13.2.0/../../../../arm-none-eabi/lib/thumb/v6-m/nofp/libg.a(libc_a-atexit.o)
 .comment       0x0000003c       0x1f /usr/lib/gcc/arm-none-eabi/13.2.0/../../../../arm-none-eabi/lib/thumb/v6-m/nofp/libg.a(libc_a-fini.o)
 .comment       0x0000003c       0x1f /usr/lib/gcc/arm-none-eabi/13.2.0/../../../../arm-none-eabi/lib/thumb/v6-m/nofp/libg.a(libc_a-lock.o)
 .comment       0x0000003c       0x1f /usr/lib/gcc/arm-none-eabi/13.2.0/../../../../arm-none-eabi/lib/thumb/v6-m/nofp/libg.a(libc_a-strlen-stub.o)
 .comment       0x0000003c       0x1f /usr/lib/gcc/arm-none-eabi/13.2.0/../../../../arm-none-eabi/lib/thumb/v6-m/nofp/libg.a(libc_a-__atexit.o)
 .comment       0x0000003c       0x1f /usr/lib/gcc/arm-none-eabi/13.2.0/../../../../arm-none-eabi/lib/thumb/v6-m/nofp/libg.a(libc_a-__call_atexit.o)

.debug_info     0x00000000    0x15bcf
 .debug_info    0x00000000      0x18d CMakeFiles/button_poc.dir/main.c.obj
 .debug_info    0x0000018d     0x184b CMakeFiles/button_poc.dir/home/agr/EmbeddedDesign/RP2040/pico-sdk/src/rp2_common/hardware_gpio/gpio.c.obj
 .debug_info    0x000019d8      0x1fb CMakeFiles/button_poc.dir/home/agr/EmbeddedDesign/RP2040/pico-sdk/src/rp2_common/pico_platform/platform.c.obj
 .debug_info    0x00001bd3      0x69a CMakeFiles/button_poc.dir/home/agr/EmbeddedDesign/RP2040/pico-sdk/src/rp2_common/hardware_claim/claim.c.obj
 .debug_info    0x0000226d      0x5fa CMakeFiles/button_poc.dir/home/agr/EmbeddedDesign/RP2040/pico-sdk/src/rp2_common/hardware_sync/sync.c.obj
 .debug_info    0x00002867     0x1c43 CMakeFiles/button_poc.dir/home/agr/EmbeddedDesign/RP2040/pico-sdk/src/rp2_common/hardware_irq/irq.c.obj
 .debug_info    0x000044aa      0x1a3 CMakeFiles/button_poc.dir/home/agr/EmbeddedDesign/RP2040/pico-sdk/src/common/pico_sync/lock_core.c.obj
 .debug_info    0x0000464d     0x1d29 CMakeFiles/button_poc.dir/home/agr/EmbeddedDesign/RP2040/pico-sdk/src/common/pico_sync/mutex.c.obj
 .debug_info    0x00006376     0x33f9 CMakeFiles/button_poc.dir/home/agr/EmbeddedDesign/RP2040/pico-sdk/src/common/pico_time/time.c.obj
 .debug_info    0x0000976f     0x145b CMakeFiles/button_poc.dir/home/agr/EmbeddedDesign/RP2040/pico-sdk/src/rp2_common/hardware_timer/timer.c.obj
 .debug_info    0x0000abca      0xe82 CMakeFiles/button_poc.dir/home/agr/EmbeddedDesign/RP2040/pico-sdk/src/common/pico_util/pheap.c.obj
 .debug_info    0x0000ba4c      0xd98 CMakeFiles/button_poc.dir/home/agr/EmbeddedDesign/RP2040/pico-sdk/src/rp2_common/hardware_uart/uart.c.obj
 .debug_info    0x0000c7e4      0xfe7 CMakeFiles/button_poc.dir/home/agr/EmbeddedDesign/RP2040/pico-sdk/src/rp2_common/hardware_clocks/clocks.c.obj
 .debug_info    0x0000d7cb      0x505 CMakeFiles/button_poc.dir/home/agr/EmbeddedDesign/RP2040/pico-sdk/src/rp2_common/hardware_pll/pll.c.obj
 .debug_info    0x0000dcd0      0x4d8 CMakeFiles/button_poc.dir/home/agr/EmbeddedDesign/RP2040/pico-sdk/src/rp2_common/hardware_watchdog/watchdog.c.obj
 .debug_info    0x0000e1a8      0x1c7 CMakeFiles/button_poc.dir/home/agr/EmbeddedDesign/RP2040/pico-sdk/src/rp2_common/hardware_xosc/xosc.c.obj
 .debug_info    0x0000e36f      0xf23 CMakeFiles/button_poc.dir/home/agr/EmbeddedDesign/RP2040/pico-sdk/src/rp2_common/pico_runtime/runtime.c.obj
 .debug_info    0x0000f292     0x19db CMakeFiles/button_poc.dir/home/agr/EmbeddedDesign/RP2040/pico-sdk/src/rp2_common/pico_printf/printf.c.obj
 .debug_info    0x00010c6d       0x23 CMakeFiles/button_poc.dir/home/agr/EmbeddedDesign/RP2040/pico-sdk/src/rp2_common/pico_bit_ops/bit_ops_aeabi.S.obj
 .debug_info    0x00010c90      0x331 CMakeFiles/button_poc.dir/home/agr/EmbeddedDesign/RP2040/pico-sdk/src/rp2_common/pico_bootrom/bootrom.c.obj
 .debug_info    0x00010fc1       0x23 CMakeFiles/button_poc.dir/home/agr/EmbeddedDesign/RP2040/pico-sdk/src/rp2_common/pico_divider/divider.S.obj
 .debug_info    0x00010fe4       0x23 CMakeFiles/button_poc.dir/home/agr/EmbeddedDesign/RP2040/pico-sdk/src/rp2_common/pico_double/double_aeabi.S.obj
 .debug_info    0x00011007      0x365 CMakeFiles/button_poc.dir/home/agr/EmbeddedDesign/RP2040/pico-sdk/src/rp2_common/pico_double/double_init_rom.c.obj
 .debug_info    0x0001136c       0x24 CMakeFiles/button_poc.dir/home/agr/EmbeddedDesign/RP2040/pico-sdk/src/rp2_common/pico_double/double_v1_rom_shim.S.obj