Archive member included to satisfy reference by file (symbol)

lib/blinky/libblinky.a(blinky.c.obj)
                              CMakeFiles/timer_poc.dir/main.c.obj (blinky_init)
lib/led/libled.a(led.c.obj)   lib/blinky/libblinky.a(blinky.c.obj) (led_init)
lib/timer/libtimer.a(timer.c.obj)
                              lib/blinky/libblinky.a(blinky.c.obj) (timer_init)
/usr/lib/gcc/arm-none-eabi/13.2.0/thumb/v6-m/nofp/libgcc.a(_dvmd_tls.o)
                              CMakeFiles/timer_poc.dir/home/agr/EmbeddedDesign/RP2040/pico-sdk/src/rp2_common/pico_divider/divider.S.obj (__aeabi_idiv0)
/usr/lib/gcc/arm-none-eabi/13.2.0/../../../../arm-none-eabi/lib/thumb/v6-m/nofp/libg.a(libc_a-atexit.o)
                              /usr/lib/gcc/arm-none-eabi/13.2.0/../../../../arm-none-eabi/lib/thumb/v6-m/nofp/crt0.o (atexit)
/usr/lib/gcc/arm-none-eabi/13.2.0/../../../../arm-none-eabi/lib/thumb/v6-m/nofp/libg.a(libc_a-calloc.o)
                              CMakeFiles/timer_poc.dir/home/agr/EmbeddedDesign/RP2040/pico-sdk/src/rp2_common/pico_malloc/pico_malloc.c.obj (calloc)
/usr/lib/gcc/arm-none-eabi/13.2.0/../../../../arm-none-eabi/lib/thumb/v6-m/nofp/libg.a(libc_a-callocr.o)
                              /usr/lib/gcc/arm-none-eabi/13.2.0/../../../../arm-none-eabi/lib/thumb/v6-m/nofp/libg.a(libc_a-calloc.o) (_calloc_r)
/usr/lib/gcc/arm-none-eabi/13.2.0/../../../../arm-none-eabi/lib/thumb/v6-m/nofp/libg.a(libc_a-malloc.o)
                              CMakeFiles/timer_poc.dir/home/agr/EmbeddedDesign/RP2040/pico-sdk/src/rp2_common/pico_malloc/pico_malloc.c.obj (malloc)
/usr/lib/gcc/arm-none-eabi/13.2.0/../../../../arm-none-eabi/lib/thumb/v6-m/nofp/libg.a(libc_a-mallocr.o)
                              /usr/lib/gcc/arm-none-eabi/13.2.0/../../../../arm-none-eabi/lib/thumb/v6-m/nofp/libg.a(libc_a-callocr.o) (_malloc_r)
/usr/lib/gcc/arm-none-eabi/13.2.0/../../../../arm-none-eabi/lib/thumb/v6-m/nofp/libg.a(libc_a-mlock.o)
                              /usr/lib/gcc/arm-none-eabi/13.2.0/../../../../arm-none-eabi/lib/thumb/v6-m/nofp/libg.a(libc_a-mallocr.o) (__malloc_lock)
/usr/lib/gcc/arm-none-eabi/13.2.0/../../../../arm-none-eabi/lib/thumb/v6-m/nofp/libg.a(libc_a-realloc.o)
                              CMakeFiles/timer_poc.dir/home/agr/EmbeddedDesign/RP2040/pico-sdk/src/rp2_common/pico_malloc/pico_malloc.c.obj (realloc)
/usr/lib/gcc/arm-none-eabi/13.2.0/../../../../arm-none-eabi/lib/thumb/v6-m/nofp/libg.a(libc_a-reallocr.o)
                              /usr/lib/gcc/arm-none-eabi/13.2.0/../../../../arm-none-eabi/lib/thumb/v6-m/nofp/libg.a(libc_a-realloc.o) (_realloc_r)
/usr/lib/gcc/arm-none-eabi/13.2.0/../../../../arm-none-eabi/lib/thumb/v6-m/nofp/libg.a(libc_a-memmove.o)
                              /usr/lib/gcc/arm-none-eabi/13.2.0/../../../../arm-none-eabi/lib/thumb/v6-m/nofp/libg.a(libc_a-reallocr.o) (memmove)
/usr/lib/gcc/arm-none-eabi/13.2.0/../../../../arm-none-eabi/lib/thumb/v6-m/nofp/libg.a(libc_a-impure.o)
                              /usr/lib/gcc/arm-none-eabi/13.2.0/../../../../arm-none-eabi/lib/thumb/v6-m/nofp/libg.a(libc_a-calloc.o) (_impure_ptr)
/usr/lib/gcc/arm-none-eabi/13.2.0/../../../../arm-none-eabi/lib/thumb/v6-m/nofp/libg.a(libc_a-sbrkr.o)
                              /usr/lib/gcc/arm-none-eabi/13.2.0/../../../../arm-none-eabi/lib/thumb/v6-m/nofp/libg.a(libc_a-mallocr.o) (_sbrk_r)
/usr/lib/gcc/arm-none-eabi/13.2.0/../../../../arm-none-eabi/lib/thumb/v6-m/nofp/libg.a(libc_a-errno.o)
                              /usr/lib/gcc/arm-none-eabi/13.2.0/../../../../arm-none-eabi/lib/thumb/v6-m/nofp/libg.a(libc_a-callocr.o) (__errno)
/usr/lib/gcc/arm-none-eabi/13.2.0/../../../../arm-none-eabi/lib/thumb/v6-m/nofp/libg.a(libc_a-init.o)
                              /usr/lib/gcc/arm-none-eabi/13.2.0/../../../../arm-none-eabi/lib/thumb/v6-m/nofp/crt0.o (__libc_init_array)
/usr/lib/gcc/arm-none-eabi/13.2.0/../../../../arm-none-eabi/lib/thumb/v6-m/nofp/libg.a(libc_a-fini.o)
                              /usr/lib/gcc/arm-none-eabi/13.2.0/../../../../arm-none-eabi/lib/thumb/v6-m/nofp/crt0.o (__libc_fini_array)
/usr/lib/gcc/arm-none-eabi/13.2.0/../../../../arm-none-eabi/lib/thumb/v6-m/nofp/libg.a(libc_a-lock.o)
                              /usr/lib/gcc/arm-none-eabi/13.2.0/../../../../arm-none-eabi/lib/thumb/v6-m/nofp/libg.a(libc_a-mlock.o) (__retarget_lock_acquire_recursive)
/usr/lib/gcc/arm-none-eabi/13.2.0/../../../../arm-none-eabi/lib/thumb/v6-m/nofp/libg.a(libc_a-sysconf.o)
                              /usr/lib/gcc/arm-none-eabi/13.2.0/../../../../arm-none-eabi/lib/thumb/v6-m/nofp/libg.a(libc_a-mallocr.o) (sysconf)
/usr/lib/gcc/arm-none-eabi/13.2.0/../../../../arm-none-eabi/lib/thumb/v6-m/nofp/libg.a(libc_a-strlen-stub.o)
                              CMakeFiles/timer_poc.dir/home/agr/EmbeddedDesign/RP2040/pico-sdk/src/rp2_common/pico_stdio/stdio.c.obj (strlen)
/usr/lib/gcc/arm-none-eabi/13.2.0/../../../../arm-none-eabi/lib/thumb/v6-m/nofp/libg.a(libc_a-__atexit.o)
[...]
Memory Configuration

Name             Origin             Length             Attributes
FLASH            0x10000000         0x00200000         xr
RAM              0x20000000         0x00040000         xrw
SCRATCH_X        0x20040000         0x00001000         xrw
SCRATCH_Y        0x20041000         0x00001000         xrw
*default*        0x00000000         0xffffffff

Linker script and memory map

LOAD /usr/lib/gcc/arm-none-eabi/13.2.0/thumb/v6-m/nofp/crti.o
LOAD /usr/lib/gcc/arm-none-eabi/13.2.0/thumb/v6-m/nofp/crtbegin.o
LOAD /usr/lib/gcc/arm-none-eabi/13.2.0/../../../../arm-none-eabi/lib/thumb/v6-m/nofp/crt0.o

.flash_begin    0x10000000        0x0
                0x10000000                        __flash_binary_start = .

.boot2          0x10000000      0x100
                0x10000000                        __boot2_start__ = .
 *(.boot2)
 .boot2         0x10000000      0x100 /tmp/ccBh3Alj.o
                0x10000100                        __boot2_end__ = .
                0x00000001                        ASSERT (((__boot2_end__ - __boot2_start__) == 0x100), ERROR: Pico second stage bootloader must be 256 bytes in size)

.text           0x10000100     0x3fb0
                0x10000100                        __logical_binary_start = .
 *(.vectors)
 .vectors       0x10000100       0xd4 CMakeFiles/timer_poc.dir/home/agr/EmbeddedDesign/RP2040/pico-sdk/src/rp2_common/pico_standard_link/crt0.S.obj
                0x10000100                __vectors
                0x10000100                __VECTOR_TABLE
                0x100001c0                isr_invalid
                0x100001c0                __default_isrs_start
                0x100001c2                isr_nmi
                0x100001c4                isr_hardfault
                0x100001c6                isr_svcall
                0x100001c8                isr_pendsv
                0x100001ca                isr_systick
                0x100001cc                isr_irq30
                0x100001cc                __unhandled_user_irq
                0x100001cc                isr_irq13
                0x100001cc                isr_irq27
                0x100001cc                isr_irq31
                0x100001cc                isr_irq5
                0x100001cc                isr_irq11
                0x100001cc                isr_irq23
                0x100001cc                isr_irq18
                0x100001cc                isr_irq28
                0x100001cc                isr_irq19
                0x100001cc                isr_irq0
                0x100001cc                isr_irq6
                0x100001cc                isr_irq22
                0x100001cc                isr_irq17
                0x100001cc                isr_irq14
                0x100001cc                isr_irq2
                0x100001cc                isr_irq10
                0x100001cc                isr_irq8
                0x100001cc                isr_irq24
                0x100001cc                isr_irq1
                0x100001cc                isr_irq7
                0x100001cc                isr_irq21
                0x100001cc                isr_irq20
                0x100001cc                isr_irq15
                0x100001cc                isr_irq25
                0x100001cc                isr_irq4
                0x100001cc                isr_irq16
                0x100001cc                isr_irq29
                0x100001cc                isr_irq26
                0x100001cc                __default_isrs_end
                0x100001cc                isr_irq3
                0x100001cc                isr_irq12
                0x100001cc                isr_irq9
                0x100001d2                unhandled_user_irq_num_in_r0
 *(.binary_info_header)
 .binary_info_header
                0x100001d4       0x14 CMakeFiles/timer_poc.dir/home/agr/EmbeddedDesign/RP2040/pico-sdk/src/rp2_common/pico_standard_link/crt0.S.obj
                0x100001e8                        __binary_info_header_end = .
 *(.reset)
 .reset         0x100001e8       0xa0 CMakeFiles/timer_poc.dir/home/agr/EmbeddedDesign/RP2040/pico-sdk/src/rp2_common/pico_standard_link/crt0.S.obj
                0x100001e8                _entry_point
 .reset         0x10000288       0x30 CMakeFiles/timer_poc.dir/home/agr/EmbeddedDesign/RP2040/pico-sdk/src/rp2_common/pico_standard_link/binary_info.c.obj
 *(.init)
 .init          0x100002b8        0x4 /usr/lib/gcc/arm-none-eabi/13.2.0/thumb/v6-m/nofp/crti.o
                0x100002b8                _init
 *(EXCLUDE_FILE(*libm.a: *libc.a:*lib_a-mem*.o *libgcc.a:) .text*)
 .text.frame_dummy
                0x100002bc       0x20 /usr/lib/gcc/arm-none-eabi/13.2.0/thumb/v6-m/nofp/crtbegin.o
 .text.main     0x100002dc       0x30 CMakeFiles/timer_poc.dir/main.c.obj
                0x100002dc                main
 .text.gpio_set_function
                0x1000030c       0x30 CMakeFiles/timer_poc.dir/home/agr/EmbeddedDesign/RP2040/pico-sdk/src/rp2_common/hardware_gpio/gpio.c.obj
                0x1000030c                gpio_set_function
 .text.gpio_init
                0x1000033c       0x16 CMakeFiles/timer_poc.dir/home/agr/EmbeddedDesign/RP2040/pico-sdk/src/rp2_common/hardware_gpio/gpio.c.obj
                0x1000033c                gpio_init
 *fill*         0x10000352        0x2 
 .text.running_on_fpga
                0x10000354       0x14 CMakeFiles/timer_poc.dir/home/agr/EmbeddedDesign/RP2040/pico-sdk/src/rp2_common/pico_platform/platform.c.obj
                0x10000354                running_on_fpga
 .text.hw_claim_lock
                0x10000368       0x18 CMakeFiles/timer_poc.dir/home/agr/EmbeddedDesign/RP2040/pico-sdk/src/rp2_common/hardware_claim/claim.c.obj
                0x10000368                hw_claim_lock
 .text.hw_claim_unlock
                0x10000380       0x14 CMakeFiles/timer_poc.dir/home/agr/EmbeddedDesign/RP2040/pico-sdk/src/rp2_common/hardware_claim/claim.c.obj
                0x10000380                hw_claim_unlock
 .text.hw_claim_or_assert
                0x10000394       0x32 CMakeFiles/timer_poc.dir/home/agr/EmbeddedDesign/RP2040/pico-sdk/src/rp2_common/hardware_claim/claim.c.obj
                0x10000394                hw_claim_or_assert
 *fill*         0x100003c6        0x2 
 .text.spin_locks_reset
                0x100003c8       0x20 CMakeFiles/timer_poc.dir/home/agr/EmbeddedDesign/RP2040/pico-sdk/src/rp2_common/hardware_sync/sync.c.obj
                0x100003c8                spin_locks_reset
 .text.next_striped_spin_lock_num
                0x100003e8       0x1c CMakeFiles/timer_poc.dir/home/agr/EmbeddedDesign/RP2040/pico-sdk/src/rp2_common/hardware_sync/sync.c.obj
                0x100003e8                next_striped_spin_lock_num
 .text.set_raw_irq_handler_and_unlock
                0x10000404       0x28 CMakeFiles/timer_poc.dir/home/agr/EmbeddedDesign/RP2040/pico-sdk/src/rp2_common/hardware_irq/irq.c.obj
 .text.resolve_branch
                0x1000042c       0x30 CMakeFiles/timer_poc.dir/home/agr/EmbeddedDesign/RP2040/pico-sdk/src/rp2_common/hardware_irq/irq.c.obj
 .text.make_branch
                0x1000045c       0x48 CMakeFiles/timer_poc.dir/home/agr/EmbeddedDesign/RP2040/pico-sdk/src/rp2_common/hardware_irq/irq.c.obj
 .text.insert_branch_and_link
                0x100004a4       0x40 CMakeFiles/timer_poc.dir/home/agr/EmbeddedDesign/RP2040/pico-sdk/src/rp2_common/hardware_irq/irq.c.obj
 .text.irq_is_enabled
                0x100004e4       0x18 CMakeFiles/timer_poc.dir/home/agr/EmbeddedDesign/RP2040/pico-sdk/src/rp2_common/hardware_irq/irq.c.obj
                0x100004e4                irq_is_enabled
 .text.irq_set_mask_enabled
                0x100004fc       0x20 CMakeFiles/timer_poc.dir/home/agr/EmbeddedDesign/RP2040/pico-sdk/src/rp2_common/hardware_irq/irq.c.obj
                0x100004fc                irq_set_mask_enabled
 .text.irq_set_enabled
                0x1000051c        0xe CMakeFiles/timer_poc.dir/home/agr/EmbeddedDesign/RP2040/pico-sdk/src/rp2_common/hardware_irq/irq.c.obj
                0x1000051c                irq_set_enabled
 *fill*         0x1000052a        0x2 
 .text.irq_get_vtable_handler
                0x1000052c       0x10 CMakeFiles/timer_poc.dir/home/agr/EmbeddedDesign/RP2040/pico-sdk/src/rp2_common/hardware_irq/irq.c.obj
                0x1000052c                irq_get_vtable_handler
 .text.irq_set_exclusive_handler
                0x1000053c       0x54 CMakeFiles/timer_poc.dir/home/agr/EmbeddedDesign/RP2040/pico-sdk/src/rp2_common/hardware_irq/irq.c.obj
                0x1000053c                irq_set_exclusive_handler
 .text.irq_remove_handler
                0x10000590      0x188 CMakeFiles/timer_poc.dir/home/agr/EmbeddedDesign/RP2040/pico-sdk/src/rp2_common/hardware_irq/irq.c.obj
                0x10000590                irq_remove_handler
 .text.irq_add_tail_to_free_list
                0x10000718       0xf0 CMakeFiles/timer_poc.dir/home/agr/EmbeddedDesign/RP2040/pico-sdk/src/rp2_common/hardware_irq/irq.c.obj
                0x10000718                irq_add_tail_to_free_list
 .text.irq_init_priorities
                0x10000808       0x1c CMakeFiles/timer_poc.dir/home/agr/EmbeddedDesign/RP2040/pico-sdk/src/rp2_common/hardware_irq/irq.c.obj
                0x10000808                irq_init_priorities
 .text.lock_init
                0x10000824       0x10 CMakeFiles/timer_poc.dir/home/agr/EmbeddedDesign/RP2040/pico-sdk/src/common/pico_sync/lock_core.c.obj
                0x10000824                lock_init
 .text.mutex_init
                0x10000834       0x1a CMakeFiles/timer_poc.dir/home/agr/EmbeddedDesign/RP2040/pico-sdk/src/common/pico_sync/mutex.c.obj
                0x10000834                mutex_init
 .text.recursive_mutex_init
                0x1000084e       0x1e CMakeFiles/timer_poc.dir/home/agr/EmbeddedDesign/RP2040/pico-sdk/src/common/pico_sync/mutex.c.obj
                0x1000084e                recursive_mutex_init
 .text.time_reached
                0x1000086c       0x28 CMakeFiles/timer_poc.dir/home/agr/EmbeddedDesign/RP2040/pico-sdk/src/common/pico_time/time.c.obj
 .text.get_entry
                0x10000894       0x38 CMakeFiles/timer_poc.dir/home/agr/EmbeddedDesign/RP2040/pico-sdk/src/common/pico_time/time.c.obj
 .text.timer_pool_entry_comparator
                0x100008cc       0x2e CMakeFiles/timer_poc.dir/home/agr/EmbeddedDesign/RP2040/pico-sdk/src/common/pico_time/time.c.obj
                0x100008cc                timer_pool_entry_comparator
 *fill*         0x100008fa        0x2 
 .text.update_us_since_boot
                0x100008fc       0x24 CMakeFiles/timer_poc.dir/home/agr/EmbeddedDesign/RP2040/pico-sdk/src/common/pico_time/time.c.obj
 .text.delayed_by_us
                0x10000920       0x34 CMakeFiles/timer_poc.dir/home/agr/EmbeddedDesign/RP2040/pico-sdk/src/common/pico_time/time.c.obj
 .text.ph_get_node
                0x10000954       0x30 CMakeFiles/timer_poc.dir/home/agr/EmbeddedDesign/RP2040/pico-sdk/src/common/pico_time/time.c.obj
 .text.ph_contains_node
                0x10000984       0x1e CMakeFiles/timer_poc.dir/home/agr/EmbeddedDesign/RP2040/pico-sdk/src/common/pico_time/time.c.obj
 .text.ph_new_node
                0x100009a2       0x28 CMakeFiles/timer_poc.dir/home/agr/EmbeddedDesign/RP2040/pico-sdk/src/common/pico_time/time.c.obj
 *fill*         0x100009ca        0x2 
 .text.ph_add_child_node
                0x100009cc       0x6c CMakeFiles/timer_poc.dir/home/agr/EmbeddedDesign/RP2040/pico-sdk/src/common/pico_time/time.c.obj
 .text.ph_merge_nodes
                0x10000a38       0x3e CMakeFiles/timer_poc.dir/home/agr/EmbeddedDesign/RP2040/pico-sdk/src/common/pico_time/time.c.obj
 *fill*         0x10000a76        0x2 
 .text.ph_insert_node
                0x10000a78       0x3c CMakeFiles/timer_poc.dir/home/agr/EmbeddedDesign/RP2040/pico-sdk/src/common/pico_time/time.c.obj
 .text.ph_free_node
                0x10000ab4       0x5c CMakeFiles/timer_poc.dir/home/agr/EmbeddedDesign/RP2040/pico-sdk/src/common/pico_time/time.c.obj
 .text.get_entry_id_high
                0x10000b10       0x30 CMakeFiles/timer_poc.dir/home/agr/EmbeddedDesign/RP2040/pico-sdk/src/common/pico_time/time.c.obj
 .text.repeating_timer_callback
                0x10000b40       0x40 CMakeFiles/timer_poc.dir/home/agr/EmbeddedDesign/RP2040/pico-sdk/src/common/pico_time/time.c.obj
 .text.alarm_pool_post_alloc_init
                0x10000b80       0x40 CMakeFiles/timer_poc.dir/home/agr/EmbeddedDesign/RP2040/pico-sdk/src/common/pico_time/time.c.obj
 .text.sleep_until_callback
                0x10000bc0       0x30 CMakeFiles/timer_poc.dir/home/agr/EmbeddedDesign/RP2040/pico-sdk/src/common/pico_time/time.c.obj
 .text.get_absolute_time
                0x10000bf0       0x22 CMakeFiles/timer_poc.dir/home/agr/EmbeddedDesign/RP2040/pico-sdk/src/common/pico_time/time.c.obj
 .text.make_timeout_time_us
                0x10000c12       0x24 CMakeFiles/timer_poc.dir/home/agr/EmbeddedDesign/RP2040/pico-sdk/src/common/pico_time/time.c.obj
 *fill*         0x10000c36        0x2 
 .text.add_alarm_under_lock
                0x10000c38       0x94 CMakeFiles/timer_poc.dir/home/agr/EmbeddedDesign/RP2040/pico-sdk/src/common/pico_time/time.c.obj
 .text.alarm_pool_alarm_callback
                0x10000ccc      0x210 CMakeFiles/timer_poc.dir/home/agr/EmbeddedDesign/RP2040/pico-sdk/src/common/pico_time/time.c.obj
 .text.alarm_pool_init_default
                0x10000edc       0x40 CMakeFiles/timer_poc.dir/home/agr/EmbeddedDesign/RP2040/pico-sdk/src/common/pico_time/time.c.obj
                0x10000edc                alarm_pool_init_default
 .text.alarm_pool_get_default
                0x10000f1c       0x2c CMakeFiles/timer_poc.dir/home/agr/EmbeddedDesign/RP2040/pico-sdk/src/common/pico_time/time.c.obj
                0x10000f1c                alarm_pool_get_default
 .text.alarm_pool_add_alarm_at
                0x10000f48      0x10e CMakeFiles/timer_poc.dir/home/agr/EmbeddedDesign/RP2040/pico-sdk/src/common/pico_time/time.c.obj
                0x10000f48                alarm_pool_add_alarm_at
 .text.add_alarm_at
                0x10001056       0x2e CMakeFiles/timer_poc.dir/home/agr/EmbeddedDesign/RP2040/pico-sdk/src/common/pico_time/time.c.obj
 .text.alarm_pool_cancel_alarm
                0x10001084       0xa8 CMakeFiles/timer_poc.dir/home/agr/EmbeddedDesign/RP2040/pico-sdk/src/common/pico_time/time.c.obj
                0x10001084                alarm_pool_cancel_alarm
 .text.cancel_alarm
                0x1000112c       0x10 CMakeFiles/timer_poc.dir/home/agr/EmbeddedDesign/RP2040/pico-sdk/src/common/pico_time/time.c.obj
 .text.alarm_pool_add_repeating_timer_us
                0x1000113c       0x5c CMakeFiles/timer_poc.dir/home/agr/EmbeddedDesign/RP2040/pico-sdk/src/common/pico_time/time.c.obj
                0x1000113c                alarm_pool_add_repeating_timer_us
 .text.best_effort_wfe_or_timeout
                0x10001198       0x44 CMakeFiles/timer_poc.dir/home/agr/EmbeddedDesign/RP2040/pico-sdk/src/common/pico_time/time.c.obj
                0x10001198                best_effort_wfe_or_timeout
 .text.update_us_since_boot
                0x100011dc       0x24 CMakeFiles/timer_poc.dir/home/agr/EmbeddedDesign/RP2040/pico-sdk/src/rp2_common/hardware_timer/timer.c.obj
 .text.hardware_alarm_irq_handler
                0x10001200       0x8c CMakeFiles/timer_poc.dir/home/agr/EmbeddedDesign/RP2040/pico-sdk/src/rp2_common/hardware_timer/timer.c.obj
 .text.hardware_alarm_claim
                0x1000128c       0x18 CMakeFiles/timer_poc.dir/home/agr/EmbeddedDesign/RP2040/pico-sdk/src/rp2_common/hardware_timer/timer.c.obj
                0x1000128c                hardware_alarm_claim
 .text.time_us_64
                0x100012a4       0x18 CMakeFiles/timer_poc.dir/home/agr/EmbeddedDesign/RP2040/pico-sdk/src/rp2_common/hardware_timer/timer.c.obj
                0x100012a4                time_us_64
 .text.busy_wait_until
                0x100012bc       0x28 CMakeFiles/timer_poc.dir/home/agr/EmbeddedDesign/RP2040/pico-sdk/src/rp2_common/hardware_timer/timer.c.obj
                0x100012bc                busy_wait_until
 .text.busy_wait_us
                0x100012e4       0x3a CMakeFiles/timer_poc.dir/home/agr/EmbeddedDesign/RP2040/pico-sdk/src/rp2_common/hardware_timer/timer.c.obj
                0x100012e4                busy_wait_us
 *fill*         0x1000131e        0x2 
 .text.hardware_alarm_set_callback
                0x10001320       0x90 CMakeFiles/timer_poc.dir/home/agr/EmbeddedDesign/RP2040/pico-sdk/src/rp2_common/hardware_timer/timer.c.obj
                0x10001320                hardware_alarm_set_callback
 .text.hardware_alarm_set_target
                0x100013b0       0xe8 CMakeFiles/timer_poc.dir/home/agr/EmbeddedDesign/RP2040/pico-sdk/src/rp2_common/hardware_timer/timer.c.obj
                0x100013b0                hardware_alarm_set_target
 .text.hardware_alarm_cancel
                0x10001498       0x40 CMakeFiles/timer_poc.dir/home/agr/EmbeddedDesign/RP2040/pico-sdk/src/rp2_common/hardware_timer/timer.c.obj
                0x10001498                hardware_alarm_cancel
 .text.ph_get_node
                0x100014d8       0x30 CMakeFiles/timer_poc.dir/home/agr/EmbeddedDesign/RP2040/pico-sdk/src/common/pico_util/pheap.c.obj
 .text.ph_add_child_node
                0x10001508       0x6c CMakeFiles/timer_poc.dir/home/agr/EmbeddedDesign/RP2040/pico-sdk/src/common/pico_util/pheap.c.obj
 .text.ph_merge_nodes
                0x10001574       0x3e CMakeFiles/timer_poc.dir/home/agr/EmbeddedDesign/RP2040/pico-sdk/src/common/pico_util/pheap.c.obj
 .text.ph_clear
                0x100015b2       0x34 CMakeFiles/timer_poc.dir/home/agr/EmbeddedDesign/RP2040/pico-sdk/src/common/pico_util/pheap.c.obj
                0x100015b2                ph_clear
 .text.ph_post_alloc_init
                0x100015e6        0xe CMakeFiles/timer_poc.dir/home/agr/EmbeddedDesign/RP2040/pico-sdk/src/common/pico_util/pheap.c.obj
                0x100015e6                ph_post_alloc_init
 .text.ph_merge_two_pass
                0x100015f4       0x5c CMakeFiles/timer_poc.dir/home/agr/EmbeddedDesign/RP2040/pico-sdk/src/common/pico_util/pheap.c.obj
                0x100015f4                ph_merge_two_pass
 .text.ph_remove_any_head
                0x10001650       0xc0 CMakeFiles/timer_poc.dir/home/agr/EmbeddedDesign/RP2040/pico-sdk/src/common/pico_util/pheap.c.obj
 .text.ph_remove_head
                0x10001710       0x14 CMakeFiles/timer_poc.dir/home/agr/EmbeddedDesign/RP2040/pico-sdk/src/common/pico_util/pheap.c.obj
                0x10001710                ph_remove_head
 .text.ph_remove_and_free_node
                0x10001724       0xa0 CMakeFiles/timer_poc.dir/home/agr/EmbeddedDesign/RP2040/pico-sdk/src/common/pico_util/pheap.c.obj
                0x10001724                ph_remove_and_free_node
 .text.uart_disable_before_lcr_write
                0x100017c4       0x48 CMakeFiles/timer_poc.dir/home/agr/EmbeddedDesign/RP2040/pico-sdk/src/rp2_common/hardware_uart/uart.c.obj
 .text.uart_write_lcr_bits_masked
                0x1000180c       0x22 CMakeFiles/timer_poc.dir/home/agr/EmbeddedDesign/RP2040/pico-sdk/src/rp2_common/hardware_uart/uart.c.obj
 *fill*         0x1000182e        0x2 
 .text.uart_set_baudrate
                0x10001830       0x5c CMakeFiles/timer_poc.dir/home/agr/EmbeddedDesign/RP2040/pico-sdk/src/rp2_common/hardware_uart/uart.c.obj
                0x10001830                uart_set_baudrate
 .text.uart_set_format
                0x1000188c       0x2c CMakeFiles/timer_poc.dir/home/agr/EmbeddedDesign/RP2040/pico-sdk/src/rp2_common/hardware_uart/uart.c.obj
                0x1000188c                uart_set_format
 .text.uart_set_translate_crlf
                0x100018b8       0x28 CMakeFiles/timer_poc.dir/home/agr/EmbeddedDesign/RP2040/pico-sdk/src/rp2_common/hardware_uart/uart.c.obj
                0x100018b8                uart_set_translate_crlf
 .text.uart_init
                0x100018e0       0x80 CMakeFiles/timer_poc.dir/home/agr/EmbeddedDesign/RP2040/pico-sdk/src/rp2_common/hardware_uart/uart.c.obj
                0x100018e0                uart_init
 .text.clock_configure
                0x10001960      0x108 CMakeFiles/timer_poc.dir/home/agr/EmbeddedDesign/RP2040/pico-sdk/src/rp2_common/hardware_clocks/clocks.c.obj
                0x10001960                clock_configure
 .text.clocks_init
                0x10001a68      0x100 CMakeFiles/timer_poc.dir/home/agr/EmbeddedDesign/RP2040/pico-sdk/src/rp2_common/hardware_clocks/clocks.c.obj
                0x10001a68                clocks_init
 .text.clock_get_hz
                0x10001b68        0xc CMakeFiles/timer_poc.dir/home/agr/EmbeddedDesign/RP2040/pico-sdk/src/rp2_common/hardware_clocks/clocks.c.obj
                0x10001b68                clock_get_hz
 .text.pll_init
                0x10001b74      0x120 CMakeFiles/timer_poc.dir/home/agr/EmbeddedDesign/RP2040/pico-sdk/src/rp2_common/hardware_pll/pll.c.obj
                0x10001b74                pll_init
 .text.watchdog_start_tick
                0x10001c94       0x10 CMakeFiles/timer_poc.dir/home/agr/EmbeddedDesign/RP2040/pico-sdk/src/rp2_common/hardware_watchdog/watchdog.c.obj
                0x10001c94                watchdog_start_tick
 .text.xosc_init
                0x10001ca4       0x2c CMakeFiles/timer_poc.dir/home/agr/EmbeddedDesign/RP2040/pico-sdk/src/rp2_common/hardware_xosc/xosc.c.obj
                0x10001ca4                xosc_init
 .text._exit    0x10001cd0        0x4 CMakeFiles/timer_poc.dir/home/agr/EmbeddedDesign/RP2040/pico-sdk/src/rp2_common/pico_runtime/runtime.c.obj
                0x10001cd0                _exit
 .text.exit     0x10001cd4        0x6 CMakeFiles/timer_poc.dir/home/agr/EmbeddedDesign/RP2040/pico-sdk/src/rp2_common/pico_runtime/runtime.c.obj
                0x10001cd4                exit
 *fill*         0x10001cda        0x2 
 .text.__assert_func
                0x10001cdc       0x38 CMakeFiles/timer_poc.dir/home/agr/EmbeddedDesign/RP2040/pico-sdk/src/rp2_common/pico_runtime/runtime.c.obj
                0x10001cdc                __assert_func
 .text.runtime_init
                0x10001d14       0xf8 CMakeFiles/timer_poc.dir/home/agr/EmbeddedDesign/RP2040/pico-sdk/src/rp2_common/pico_runtime/runtime.c.obj
                0x10001d14                runtime_init
 .text.panic    0x10001e0c       0x30 CMakeFiles/timer_poc.dir/home/agr/EmbeddedDesign/RP2040/pico-sdk/src/rp2_common/pico_runtime/runtime.c.obj
                0x10001e0c                panic
 .text._out_null
                0x10001e3c        0x2 CMakeFiles/timer_poc.dir/home/agr/EmbeddedDesign/RP2040/pico-sdk/src/rp2_common/pico_printf/printf.c.obj
 .text._out_fct
                0x10001e3e        0xe CMakeFiles/timer_poc.dir/home/agr/EmbeddedDesign/RP2040/pico-sdk/src/rp2_common/pico_printf/printf.c.obj
 .text._atoi    0x10001e4c       0x24 CMakeFiles/timer_poc.dir/home/agr/EmbeddedDesign/RP2040/pico-sdk/src/rp2_common/pico_printf/printf.c.obj
 .text._out_rev
                0x10001e70       0xae CMakeFiles/timer_poc.dir/home/agr/EmbeddedDesign/RP2040/pico-sdk/src/rp2_common/pico_printf/printf.c.obj
 .text._ntoa_format
                0x10001f1e      0x110 CMakeFiles/timer_poc.dir/home/agr/EmbeddedDesign/RP2040/pico-sdk/src/rp2_common/pico_printf/printf.c.obj
 .text._ntoa_long
                0x1000202e       0xbc CMakeFiles/timer_poc.dir/home/agr/EmbeddedDesign/RP2040/pico-sdk/src/rp2_common/pico_printf/printf.c.obj
 .text._ntoa_long_long
                0x100020ea      0x10e CMakeFiles/timer_poc.dir/home/agr/EmbeddedDesign/RP2040/pico-sdk/src/rp2_common/pico_printf/printf.c.obj
 .text._etoa    0x100021f8      0x420 CMakeFiles/timer_poc.dir/home/agr/EmbeddedDesign/RP2040/pico-sdk/src/rp2_common/pico_printf/printf.c.obj
 .text._ftoa    0x10002618      0x354 CMakeFiles/timer_poc.dir/home/agr/EmbeddedDesign/RP2040/pico-sdk/src/rp2_common/pico_printf/printf.c.obj
 .text._vsnprintf
                0x1000296c      0x668 CMakeFiles/timer_poc.dir/home/agr/EmbeddedDesign/RP2040/pico-sdk/src/rp2_common/pico_printf/printf.c.obj
 .text.vfctprintf
                0x10002fd4       0x20 CMakeFiles/timer_poc.dir/home/agr/EmbeddedDesign/RP2040/pico-sdk/src/rp2_common/pico_printf/printf.c.obj
                0x10002fd4                vfctprintf
 .text          0x10002ff4       0x10 CMakeFiles/timer_poc.dir/home/agr/EmbeddedDesign/RP2040/pico-sdk/src/rp2_common/pico_bit_ops/bit_ops_aeabi.S.obj
 .text.rom_func_lookup
                0x10003004       0x10 CMakeFiles/timer_poc.dir/home/agr/EmbeddedDesign/RP2040/pico-sdk/src/rp2_common/pico_bootrom/bootrom.c.obj
                0x10003004                rom_func_lookup
 .text.rom_data_lookup
                0x10003014       0x10 CMakeFiles/timer_poc.dir/home/agr/EmbeddedDesign/RP2040/pico-sdk/src/rp2_common/pico_bootrom/bootrom.c.obj
                0x10003014                rom_data_lookup
 .text.rom_funcs_lookup
                0x10003024       0x36 CMakeFiles/timer_poc.dir/home/agr/EmbeddedDesign/RP2040/pico-sdk/src/rp2_common/pico_bootrom/bootrom.c.obj
                0x10003024                rom_funcs_lookup
 *fill*         0x1000305a        0x2 
 .text.__wrap___aeabi_idiv
                0x1000305c       0x50 CMakeFiles/timer_poc.dir/home/agr/EmbeddedDesign/RP2040/pico-sdk/src/rp2_common/pico_divider/divider.S.obj
                0x1000305c                __wrap___aeabi_idivmod
                0x1000305c                divmod_s32s32
                0x1000305c                div_s32s32
                0x1000305c                __wrap___aeabi_idiv
                0x10003064                divmod_s32s32_unsafe
                0x10003090                divmod_s32s32_savestate
 .text.__wrap___aeabi_uidiv
                0x100030ac       0x4c CMakeFiles/timer_poc.dir/home/agr/EmbeddedDesign/RP2040/pico-sdk/src/rp2_common/pico_divider/divider.S.obj
                0x100030ac                __wrap___aeabi_uidiv
                0x100030ac                __wrap___aeabi_uidivmod
                0x100030ac                div_u32u32
                0x100030ac                divmod_u32u32
                0x100030b4                divmod_u32u32_unsafe
                0x100030dc                divmod_u32u32_savestate
 .text.__wrap___aeabi_ldiv
                0x100030f8      0x424 CMakeFiles/timer_poc.dir/home/agr/EmbeddedDesign/RP2040/pico-sdk/src/rp2_common/pico_divider/divider.S.obj
                0x100030f8                div_s64s64
                0x100030f8                divmod_s64s64
                0x100030f8                __wrap___aeabi_ldivmod
                0x10003128                div_u64u64
                0x10003128                divmod_u64u64
                0x10003128                __wrap___aeabi_uldivmod
                0x10003138                divmod_u64u64_savestate
                0x10003158                divmod_s64s64_unsafe
                0x100031e0                divmod_u64u64_unsafe
 .text.__wrap___aeabi_darithmetic
                0x1000351c       0x60 CMakeFiles/timer_poc.dir/home/agr/EmbeddedDesign/RP2040/pico-sdk/src/rp2_common/pico_double/double_aeabi.S.obj
                0x1000351c                __wrap___aeabi_drsub
                0x10003522                __wrap___aeabi_dsub
                0x1000352c                __wrap___aeabi_dadd
                0x10003536                __wrap___aeabi_ddiv
                0x1000356a                __wrap___aeabi_dmul
 .text.__wrap___aeabi_cdcmple
                0x1000357c       0x6c CMakeFiles/timer_poc.dir/home/agr/EmbeddedDesign/RP2040/pico-sdk/src/rp2_common/pico_double/double_aeabi.S.obj
                0x1000357c                __wrap___aeabi_cdrcmple
                0x1000358c                __wrap___aeabi_cdcmple
                0x1000358c                __wrap___aeabi_cdcmpeq
 .text.__wrap___aeabi_dcmplt
                0x100035e8        0xc CMakeFiles/timer_poc.dir/home/agr/EmbeddedDesign/RP2040/pico-sdk/src/rp2_common/pico_double/double_aeabi.S.obj
                0x100035e8                __wrap___aeabi_dcmplt
 .text.__wrap___aeabi_dcmple
                0x100035f4       0x10 CMakeFiles/timer_poc.dir/home/agr/EmbeddedDesign/RP2040/pico-sdk/src/rp2_common/pico_double/double_aeabi.S.obj
                0x100035f4                __wrap___aeabi_dcmple
 .text.__wrap___aeabi_dcmpge
                0x10003604       0x10 CMakeFiles/timer_poc.dir/home/agr/EmbeddedDesign/RP2040/pico-sdk/src/rp2_common/pico_double/double_aeabi.S.obj
                0x10003604                __wrap___aeabi_dcmpge
 .text.__wrap___aeabi_dcmpgt
                0x10003614        0xa CMakeFiles/timer_poc.dir/home/agr/EmbeddedDesign/RP2040/pico-sdk/src/rp2_common/pico_double/double_aeabi.S.obj
                0x10003614                __wrap___aeabi_dcmpgt
 .text.__wrap___aeabi_dcmpun
                0x1000361e       0x1c CMakeFiles/timer_poc.dir/home/agr/EmbeddedDesign/RP2040/pico-sdk/src/rp2_common/pico_double/double_aeabi.S.obj
                0x1000361e                __wrap___aeabi_dcmpun
 *fill*         0x1000363a        0x2 
 .text.__wrap___aeabi_i2d
                0x1000363c       0x38 CMakeFiles/timer_poc.dir/home/agr/EmbeddedDesign/RP2040/pico-sdk/src/rp2_common/pico_double/double_aeabi.S.obj
                0x1000363c                __wrap___aeabi_ui2d
                0x10003644                __wrap___aeabi_i2d
 .text.__wrap___aeabi_d2iz
                0x10003674       0x48 CMakeFiles/timer_poc.dir/home/agr/EmbeddedDesign/RP2040/pico-sdk/src/rp2_common/pico_double/double_aeabi.S.obj
                0x10003674                __wrap___aeabi_d2iz
                0x10003674                double2int_z
 .text.__wrap___aeabi_d2uiz
                0x100036bc       0x10 CMakeFiles/timer_poc.dir/home/agr/EmbeddedDesign/RP2040/pico-sdk/src/rp2_common/pico_double/double_aeabi.S.obj
                0x100036bc                double2uint
                0x100036bc                __wrap___aeabi_d2uiz
 .text.missing_double_func_shim
                0x100036cc        0xc CMakeFiles/timer_poc.dir/home/agr/EmbeddedDesign/RP2040/pico-sdk/src/rp2_common/pico_double/double_init_rom.c.obj
 .text.__aeabi_double_init
                0x100036d8       0xd0 CMakeFiles/timer_poc.dir/home/agr/EmbeddedDesign/RP2040/pico-sdk/src/rp2_common/pico_double/double_init_rom.c.obj
                0x100036d8                __aeabi_double_init
 .text.double_table_shim_on_use_helper
                0x100037a8       0x34 CMakeFiles/timer_poc.dir/home/agr/EmbeddedDesign/RP2040/pico-sdk/src/rp2_common/pico_double/double_v1_rom_shim.S.obj
                0x100037a8                double_table_shim_on_use_helper
 .text.__aeabi_lmul
                0x100037dc       0x32 CMakeFiles/timer_poc.dir/home/agr/EmbeddedDesign/RP2040/pico-sdk/src/rp2_common/pico_int64_ops/pico_int64_ops_aeabi.S.obj
                0x100037dc                __wrap___aeabi_lmul
 *fill*         0x1000380e        0x2 
 .text.missing_float_func_shim
                0x10003810        0xc CMakeFiles/timer_poc.dir/home/agr/EmbeddedDesign/RP2040/pico-sdk/src/rp2_common/pico_float/float_init_rom.c.obj
 .text.__aeabi_float_init
                0x1000381c       0x88 CMakeFiles/timer_poc.dir/home/agr/EmbeddedDesign/RP2040/pico-sdk/src/rp2_common/pico_float/float_init_rom.c.obj
                0x1000381c                __aeabi_float_init
 .text          0x100038a4       0x10 CMakeFiles/timer_poc.dir/home/agr/EmbeddedDesign/RP2040/pico-sdk/src/rp2_common/pico_mem_ops/mem_ops_aeabi.S.obj
                0x100038a4                __aeabi_mem_init
 .text.memset   0x100038b4        0xc CMakeFiles/timer_poc.dir/home/agr/EmbeddedDesign/RP2040/pico-sdk/src/rp2_common/pico_mem_ops/mem_ops_aeabi.S.obj
                0x100038b4                __wrap_memset
 .text.memcpy   0x100038c0        0xc CMakeFiles/timer_poc.dir/home/agr/EmbeddedDesign/RP2040/pico-sdk/src/rp2_common/pico_mem_ops/mem_ops_aeabi.S.obj
                0x100038c0                __wrap___aeabi_memcpy
                0x100038c0                __wrap_memcpy
 .text.stdio_out_chars_no_crlf
                0x100038cc        0xe CMakeFiles/timer_poc.dir/home/agr/EmbeddedDesign/RP2040/pico-sdk/src/rp2_common/pico_stdio/stdio.c.obj
 *fill*         0x100038da        0x2 
 .text.stdio_out_chars_crlf
                0x100038dc       0x80 CMakeFiles/timer_poc.dir/home/agr/EmbeddedDesign/RP2040/pico-sdk/src/rp2_common/pico_stdio/stdio.c.obj
 .text.stdio_stack_buffer_flush
                0x1000395c       0x44 CMakeFiles/timer_poc.dir/home/agr/EmbeddedDesign/RP2040/pico-sdk/src/rp2_common/pico_stdio/stdio.c.obj
 .text.stdio_buffered_printer
                0x100039a0       0x20 CMakeFiles/timer_poc.dir/home/agr/EmbeddedDesign/RP2040/pico-sdk/src/rp2_common/pico_stdio/stdio.c.obj
 .text.update_us_since_boot
                0x100039c0       0x24 CMakeFiles/timer_poc.dir/home/agr/EmbeddedDesign/RP2040/pico-sdk/src/rp2_common/pico_stdio/stdio.c.obj
 .text.get_absolute_time
                0x100039e4       0x22 CMakeFiles/timer_poc.dir/home/agr/EmbeddedDesign/RP2040/pico-sdk/src/rp2_common/pico_stdio/stdio.c.obj
 *fill*         0x10003a06        0x2 
 .text.delayed_by_ms
                0x10003a08       0x44 CMakeFiles/timer_poc.dir/home/agr/EmbeddedDesign/RP2040/pico-sdk/src/rp2_common/pico_stdio/stdio.c.obj
 .text.make_timeout_time_ms
                0x10003a4c       0x20 CMakeFiles/timer_poc.dir/home/agr/EmbeddedDesign/RP2040/pico-sdk/src/rp2_common/pico_stdio/stdio.c.obj
 .text.stdout_serialize_begin
                0x10003a6c       0x20 CMakeFiles/timer_poc.dir/home/agr/EmbeddedDesign/RP2040/pico-sdk/src/rp2_common/pico_stdio/stdio.c.obj
                0x10003a6c                stdout_serialize_begin
 .text.stdout_serialize_end
                0x10003a8c       0x10 CMakeFiles/timer_poc.dir/home/agr/EmbeddedDesign/RP2040/pico-sdk/src/rp2_common/pico_stdio/stdio.c.obj
                0x10003a8c                stdout_serialize_end
 .text.stdio_put_string
                0x10003a9c       0x98 CMakeFiles/timer_poc.dir/home/agr/EmbeddedDesign/RP2040/pico-sdk/src/rp2_common/pico_stdio/stdio.c.obj
 .text.stdio_set_driver_enabled
                0x10003b34       0x2c CMakeFiles/timer_poc.dir/home/agr/EmbeddedDesign/RP2040/pico-sdk/src/rp2_common/pico_stdio/stdio.c.obj
                0x10003b34                stdio_set_driver_enabled
 .text.stdio_flush
                0x10003b60       0x20 CMakeFiles/timer_poc.dir/home/agr/EmbeddedDesign/RP2040/pico-sdk/src/rp2_common/pico_stdio/stdio.c.obj
                0x10003b60                stdio_flush
 .text.__wrap_puts
                0x10003b80       0x1e CMakeFiles/timer_poc.dir/home/agr/EmbeddedDesign/RP2040/pico-sdk/src/rp2_common/pico_stdio/stdio.c.obj
                0x10003b80                __wrap_puts
 *fill*         0x10003b9e        0x2 
 .text.__wrap_vprintf
                0x10003ba0       0x40 CMakeFiles/timer_poc.dir/home/agr/EmbeddedDesign/RP2040/pico-sdk/src/rp2_common/pico_stdio/stdio.c.obj
                0x10003ba0                __wrap_vprintf
 .text.__wrap_printf
                0x10003be0       0x18 CMakeFiles/timer_poc.dir/home/agr/EmbeddedDesign/RP2040/pico-sdk/src/rp2_common/pico_stdio/stdio.c.obj
                0x10003be0                __wrap_printf
 .text.stdio_init_all
                0x10003bf8        0xa CMakeFiles/timer_poc.dir/home/agr/EmbeddedDesign/RP2040/pico-sdk/src/rp2_common/pico_stdio/stdio.c.obj
                0x10003bf8                stdio_init_all
 *fill*         0x10003c02        0x2 
 .text.uart_putc
                0x10003c04       0x60 CMakeFiles/timer_poc.dir/home/agr/EmbeddedDesign/RP2040/pico-sdk/src/rp2_common/pico_stdio_uart/stdio_uart.c.obj
 .text.uart_getc
                0x10003c64       0x24 CMakeFiles/timer_poc.dir/home/agr/EmbeddedDesign/RP2040/pico-sdk/src/rp2_common/pico_stdio_uart/stdio_uart.c.obj
 .text.stdio_uart_out_chars
                0x10003c88       0x20 CMakeFiles/timer_poc.dir/home/agr/EmbeddedDesign/RP2040/pico-sdk/src/rp2_common/pico_stdio_uart/stdio_uart.c.obj
 .text.stdio_uart_in_chars
                0x10003ca8       0x5c CMakeFiles/timer_poc.dir/home/agr/EmbeddedDesign/RP2040/pico-sdk/src/rp2_common/pico_stdio_uart/stdio_uart.c.obj
                0x10003ca8                stdio_uart_in_chars
 .text.on_uart_rx
                0x10003d04       0x28 CMakeFiles/timer_poc.dir/home/agr/EmbeddedDesign/RP2040/pico-sdk/src/rp2_common/pico_stdio_uart/stdio_uart.c.obj
 .text.stdio_uart_set_chars_available_callback
                0x10003d2c       0x8c CMakeFiles/timer_poc.dir/home/agr/EmbeddedDesign/RP2040/pico-sdk/src/rp2_common/pico_stdio_uart/stdio_uart.c.obj
 .text.stdio_uart_init_full
                0x10003db8       0x44 CMakeFiles/timer_poc.dir/home/agr/EmbeddedDesign/RP2040/pico-sdk/src/rp2_common/pico_stdio_uart/stdio_uart.c.obj
                0x10003db8                stdio_uart_init_full
 .text.stdio_uart_init
                0x10003dfc       0x28 CMakeFiles/timer_poc.dir/home/agr/EmbeddedDesign/RP2040/pico-sdk/src/rp2_common/pico_stdio_uart/stdio_uart.c.obj
                0x10003dfc                stdio_uart_init
 .text.blinky_callback
                0x10003e24        0xa lib/blinky/libblinky.a(blinky.c.obj)
                0x10003e24                blinky_callback
 *fill*         0x10003e2e        0x2 
 .text.blinky_init
                0x10003e30       0x28 lib/blinky/libblinky.a(blinky.c.obj)
                0x10003e30                blinky_init
 .text.blinky_loop
                0x10003e58        0x2 lib/blinky/libblinky.a(blinky.c.obj)
                0x10003e58                blinky_loop
 *fill*         0x10003e5a        0x2 
 .text.led_init
                0x10003e5c       0x24 lib/led/libled.a(led.c.obj)
                0x10003e5c                led_init
 .text.led_on   0x10003e80        0xc lib/led/libled.a(led.c.obj)
                0x10003e80                led_on
 .text.led_off  0x10003e8c        0xc lib/led/libled.a(led.c.obj)
                0x10003e8c                led_off
 .text.led_toggle
                0x10003e98       0x24 lib/led/libled.a(led.c.obj)
                0x10003e98                led_toggle
 .text.add_repeating_timer_ms
                0x10003ebc       0x3c lib/timer/libtimer.a(timer.c.obj)
 .text.timer_init
                0x10003ef8       0x14 lib/timer/libtimer.a(timer.c.obj)
                0x10003ef8                timer_init
 .text.atexit   0x10003f0c       0x10 /usr/lib/gcc/arm-none-eabi/13.2.0/../../../../arm-none-eabi/lib/thumb/v6-m/nofp/libg.a(libc_a-atexit.o)
                0x10003f0c                atexit
 .text.__libc_fini_array
                0x10003f1c       0x28 /usr/lib/gcc/arm-none-eabi/13.2.0/../../../../arm-none-eabi/lib/thumb/v6-m/nofp/libg.a(libc_a-fini.o)
                0x10003f1c                __libc_fini_array
 .text.__retarget_lock_acquire_recursive
                0x10003f44        0x4 /usr/lib/gcc/arm-none-eabi/13.2.0/../../../../arm-none-eabi/lib/thumb/v6-m/nofp/libg.a(libc_a-lock.o)
                0x10003f44                __retarget_lock_acquire_recursive
 .text.__retarget_lock_release_recursive
                0x10003f48        0x4 /usr/lib/gcc/arm-none-eabi/13.2.0/../../../../arm-none-eabi/lib/thumb/v6-m/nofp/libg.a(libc_a-lock.o)
                0x10003f48                __retarget_lock_release_recursive
 .text.strlen   0x10003f4c       0x5c /usr/lib/gcc/arm-none-eabi/13.2.0/../../../../arm-none-eabi/lib/thumb/v6-m/nofp/libg.a(libc_a-strlen-stub.o)
                0x10003f4c                strlen
 .text.__register_exitproc
                0x10003fa8       0xa8 /usr/lib/gcc/arm-none-eabi/13.2.0/../../../../arm-none-eabi/lib/thumb/v6-m/nofp/libg.a(libc_a-__atexit.o)
                0x10003fa8                __register_exitproc
 .text.startup.register_fini
                0x10004050       0x18 /usr/lib/gcc/arm-none-eabi/13.2.0/../../../../arm-none-eabi/lib/thumb/v6-m/nofp/libg.a(libc_a-__call_atexit.o)
 *(.fini)
 .fini          0x10004068        0x4 /usr/lib/gcc/arm-none-eabi/13.2.0/thumb/v6-m/nofp/crti.o
                0x10004068                _fini
 *fill*         0x1000406c        0x4 
 .fini.__stub   0x10004070       0x40 linker stubs
 *crtbegin.o(.ctors)
 *crtbegin?.o(.ctors)
 *(EXCLUDE_FILE(*crtend.o *crtend?.o) .ctors)
 *(SORT_BY_NAME(.ctors.*))
 *(.ctors)
 *crtbegin.o(.dtors)
 *crtbegin?.o(.dtors)
 *(EXCLUDE_FILE(*crtend.o *crtend?.o) .dtors)
 *(SORT_BY_NAME(.dtors.*))
 *(.dtors)
 *(.eh_frame*)
 .eh_frame      0x100040b0        0x0 /usr/lib/gcc/arm-none-eabi/13.2.0/thumb/v6-m/nofp/crtbegin.o
                0x100040b0                        . = ALIGN (0x4)

.glue_7         0x100040b0        0x0
 .glue_7        0x100040b0        0x0 linker stubs

.glue_7t        0x100040b0        0x0
 .glue_7t       0x100040b0        0x0 linker stubs

.vfp11_veneer   0x100040b0        0x0
 .vfp11_veneer  0x100040b0        0x0 linker stubs

.v4_bx          0x100040b0        0x0
 .v4_bx         0x100040b0        0x0 linker stubs

.iplt           0x100040b0        0x0
 .iplt          0x100040b0        0x0 /usr/lib/gcc/arm-none-eabi/13.2.0/thumb/v6-m/nofp/crtbegin.o

.rodata         0x100040b0      0xed4
 *(EXCLUDE_FILE(*libm.a: *libc.a:*lib_a-mem*.o *libgcc.a:) .rodata*)
 .rodata.resolve_branch.str1.4
                0x100040b0      0xa24 CMakeFiles/timer_poc.dir/home/agr/EmbeddedDesign/RP2040/pico-sdk/src/rp2_common/hardware_irq/irq.c.obj
                                 0x63 (size before relaxing)
 .rodata.make_branch.str1.4
                0x10004ad4       0x30 CMakeFiles/timer_poc.dir/home/agr/EmbeddedDesign/RP2040/pico-sdk/src/rp2_common/hardware_irq/irq.c.obj
 .rodata.insert_branch_and_link.str1.4
                0x10004ad4       0x10 CMakeFiles/timer_poc.dir/home/agr/EmbeddedDesign/RP2040/pico-sdk/src/rp2_common/hardware_irq/irq.c.obj
 .rodata.irq_set_exclusive_handler.str1.4
                0x10004ad4       0x36 CMakeFiles/timer_poc.dir/home/agr/EmbeddedDesign/RP2040/pico-sdk/src/rp2_common/hardware_irq/irq.c.obj
 .rodata.irq_remove_handler.str1.4
                0x10004ad4       0x3a CMakeFiles/timer_poc.dir/home/agr/EmbeddedDesign/RP2040/pico-sdk/src/rp2_common/hardware_irq/irq.c.obj
 .rodata.irq_add_tail_to_free_list.str1.4
                0x10004ad4       0x3a CMakeFiles/timer_poc.dir/home/agr/EmbeddedDesign/RP2040/pico-sdk/src/rp2_common/hardware_irq/irq.c.obj
 .rodata.__func__.0
                0x10004ad4       0x1a CMakeFiles/timer_poc.dir/home/agr/EmbeddedDesign/RP2040/pico-sdk/src/rp2_common/hardware_irq/irq.c.obj
 *fill*         0x10004aee        0x2 
 .rodata.__func__.1
                0x10004af0       0x17 CMakeFiles/timer_poc.dir/home/agr/EmbeddedDesign/RP2040/pico-sdk/src/rp2_common/hardware_irq/irq.c.obj
 *fill*         0x10004b07        0x1 
 .rodata.__func__.2
                0x10004b08       0x13 CMakeFiles/timer_poc.dir/home/agr/EmbeddedDesign/RP2040/pico-sdk/src/rp2_common/hardware_irq/irq.c.obj
 *fill*         0x10004b1b        0x1 
 .rodata.__func__.3
                0x10004b1c        0xc CMakeFiles/timer_poc.dir/home/agr/EmbeddedDesign/RP2040/pico-sdk/src/rp2_common/hardware_irq/irq.c.obj
 .rodata.__func__.4
                0x10004b28        0xf CMakeFiles/timer_poc.dir/home/agr/EmbeddedDesign/RP2040/pico-sdk/src/rp2_common/hardware_irq/irq.c.obj
 *fill*         0x10004b37        0x1 
 .rodata.__func__.6
                0x10004b38       0x1a CMakeFiles/timer_poc.dir/home/agr/EmbeddedDesign/RP2040/pico-sdk/src/rp2_common/hardware_irq/irq.c.obj
 .rodata.str1.4
                0x10004b52       0x99 CMakeFiles/timer_poc.dir/home/agr/EmbeddedDesign/RP2040/pico-sdk/src/common/pico_sync/mutex.c.obj
 *fill*         0x10004b52        0x2 
 .rodata.__func__.1
                0x10004b54        0xb CMakeFiles/timer_poc.dir/home/agr/EmbeddedDesign/RP2040/pico-sdk/src/common/pico_sync/mutex.c.obj
 *fill*         0x10004b5f        0x1 
 .rodata.__func__.3
                0x10004b60       0x18 CMakeFiles/timer_poc.dir/home/agr/EmbeddedDesign/RP2040/pico-sdk/src/common/pico_sync/mutex.c.obj
 .rodata.get_entry.str1.4
                0x10004b78       0x69 CMakeFiles/timer_poc.dir/home/agr/EmbeddedDesign/RP2040/pico-sdk/src/common/pico_time/time.c.obj
 .rodata.update_us_since_boot.str1.4
                0x10004b78       0x6f CMakeFiles/timer_poc.dir/home/agr/EmbeddedDesign/RP2040/pico-sdk/src/common/pico_time/time.c.obj
 .rodata.ph_get_node.str1.4
                0x10004b78       0x74 CMakeFiles/timer_poc.dir/home/agr/EmbeddedDesign/RP2040/pico-sdk/src/common/pico_time/time.c.obj
 .rodata.ph_add_child_node.str1.4
                0x10004b78       0x2e CMakeFiles/timer_poc.dir/home/agr/EmbeddedDesign/RP2040/pico-sdk/src/common/pico_time/time.c.obj
 .rodata.ph_insert_node.str1.4
                0x10004b78        0x3 CMakeFiles/timer_poc.dir/home/agr/EmbeddedDesign/RP2040/pico-sdk/src/common/pico_time/time.c.obj
 .rodata.ph_free_node.str1.4
                0x10004b78       0x38 CMakeFiles/timer_poc.dir/home/agr/EmbeddedDesign/RP2040/pico-sdk/src/common/pico_time/time.c.obj
 .rodata.repeating_timer_callback.str1.4
                0x10004b78       0x13 CMakeFiles/timer_poc.dir/home/agr/EmbeddedDesign/RP2040/pico-sdk/src/common/pico_time/time.c.obj
 .rodata.add_alarm_under_lock.str1.4
                0x10004b78       0x28 CMakeFiles/timer_poc.dir/home/agr/EmbeddedDesign/RP2040/pico-sdk/src/common/pico_time/time.c.obj
 .rodata.alarm_pool_alarm_callback.str1.4
                0x10004b78       0x60 CMakeFiles/timer_poc.dir/home/agr/EmbeddedDesign/RP2040/pico-sdk/src/common/pico_time/time.c.obj
 .rodata.alarm_pool_get_default.str1.4
                0x10004b78       0x21 CMakeFiles/timer_poc.dir/home/agr/EmbeddedDesign/RP2040/pico-sdk/src/common/pico_time/time.c.obj
 .rodata.alarm_pool_cancel_alarm.str1.4
                0x10004b78       0x27 CMakeFiles/timer_poc.dir/home/agr/EmbeddedDesign/RP2040/pico-sdk/src/common/pico_time/time.c.obj
 .rodata.__func__.0
                0x10004b78       0x19 CMakeFiles/timer_poc.dir/home/agr/EmbeddedDesign/RP2040/pico-sdk/src/common/pico_time/time.c.obj
 *fill*         0x10004b91        0x3 
 .rodata.__func__.1
                0x10004b94       0x18 CMakeFiles/timer_poc.dir/home/agr/EmbeddedDesign/RP2040/pico-sdk/src/common/pico_time/time.c.obj
 .rodata.__func__.3
                0x10004bac       0x17 CMakeFiles/timer_poc.dir/home/agr/EmbeddedDesign/RP2040/pico-sdk/src/common/pico_time/time.c.obj
 *fill*         0x10004bc3        0x1 
 .rodata.__func__.4
                0x10004bc4       0x12 CMakeFiles/timer_poc.dir/home/agr/EmbeddedDesign/RP2040/pico-sdk/src/common/pico_time/time.c.obj
 *fill*         0x10004bd6        0x2 
 .rodata.__func__.5
                0x10004bd8        0xd CMakeFiles/timer_poc.dir/home/agr/EmbeddedDesign/RP2040/pico-sdk/src/common/pico_time/time.c.obj
 *fill*         0x10004be5        0x3 
 .rodata.__func__.6
                0x10004be8       0x12 CMakeFiles/timer_poc.dir/home/agr/EmbeddedDesign/RP2040/pico-sdk/src/common/pico_time/time.c.obj
 *fill*         0x10004bfa        0x2 
 .rodata.__func__.7
                0x10004bfc        0xf CMakeFiles/timer_poc.dir/home/agr/EmbeddedDesign/RP2040/pico-sdk/src/common/pico_time/time.c.obj
 *fill*         0x10004c0b        0x1 
 .rodata.__func__.8
                0x10004c0c        0xc CMakeFiles/timer_poc.dir/home/agr/EmbeddedDesign/RP2040/pico-sdk/src/common/pico_time/time.c.obj
 .rodata.__func__.9
                0x10004c18       0x15 CMakeFiles/timer_poc.dir/home/agr/EmbeddedDesign/RP2040/pico-sdk/src/common/pico_time/time.c.obj
 *fill*         0x10004c2d        0x3 
 .rodata.__func__.10
                0x10004c30       0x15 CMakeFiles/timer_poc.dir/home/agr/EmbeddedDesign/RP2040/pico-sdk/src/common/pico_time/time.c.obj
 *fill*         0x10004c45        0x3 
 .rodata.__func__.11
                0x10004c48       0x1a CMakeFiles/timer_poc.dir/home/agr/EmbeddedDesign/RP2040/pico-sdk/src/common/pico_time/time.c.obj
 *fill*         0x10004c62        0x2 
 .rodata.__func__.12
                0x10004c64        0xa CMakeFiles/timer_poc.dir/home/agr/EmbeddedDesign/RP2040/pico-sdk/src/common/pico_time/time.c.obj
 .rodata.update_us_since_boot.str1.4
                0x10004c6e       0x6f CMakeFiles/timer_poc.dir/home/agr/EmbeddedDesign/RP2040/pico-sdk/src/rp2_common/hardware_timer/timer.c.obj
 .rodata.hardware_alarm_claim.str1.4
                0x10004c6e       0x22 CMakeFiles/timer_poc.dir/home/agr/EmbeddedDesign/RP2040/pico-sdk/src/rp2_common/hardware_timer/timer.c.obj
 .rodata.hardware_alarm_set_target.str1.4
                0x10004c6e       0x73 CMakeFiles/timer_poc.dir/home/agr/EmbeddedDesign/RP2040/pico-sdk/src/rp2_common/hardware_timer/timer.c.obj
 *fill*         0x10004c6e        0x2 
 .rodata.__func__.0
                0x10004c70       0x1a CMakeFiles/timer_poc.dir/home/agr/EmbeddedDesign/RP2040/pico-sdk/src/rp2_common/hardware_timer/timer.c.obj
 *fill*         0x10004c8a        0x2 
 .rodata.__func__.1
                0x10004c8c       0x15 CMakeFiles/timer_poc.dir/home/agr/EmbeddedDesign/RP2040/pico-sdk/src/rp2_common/hardware_timer/timer.c.obj
 .rodata.ph_get_node.str1.4
                0x10004ca1       0x74 CMakeFiles/timer_poc.dir/home/agr/EmbeddedDesign/RP2040/pico-sdk/src/common/pico_util/pheap.c.obj
 .rodata.ph_add_child_node.str1.4
                0x10004ca1       0x2e CMakeFiles/timer_poc.dir/home/agr/EmbeddedDesign/RP2040/pico-sdk/src/common/pico_util/pheap.c.obj
 .rodata.ph_remove_any_head.str1.4
                0x10004ca1       0xb0 CMakeFiles/timer_poc.dir/home/agr/EmbeddedDesign/RP2040/pico-sdk/src/common/pico_util/pheap.c.obj
 .rodata.ph_remove_and_free_node.str1.4
                0x10004ca1       0x26 CMakeFiles/timer_poc.dir/home/agr/EmbeddedDesign/RP2040/pico-sdk/src/common/pico_util/pheap.c.obj
 *fill*         0x10004ca1        0x3 
 .rodata.__func__.0
                0x10004ca4       0x18 CMakeFiles/timer_poc.dir/home/agr/EmbeddedDesign/RP2040/pico-sdk/src/common/pico_util/pheap.c.obj
 .rodata.__func__.1
                0x10004cbc       0x13 CMakeFiles/timer_poc.dir/home/agr/EmbeddedDesign/RP2040/pico-sdk/src/common/pico_util/pheap.c.obj
 *fill*         0x10004ccf        0x1 
 .rodata.__func__.2
                0x10004cd0       0x12 CMakeFiles/timer_poc.dir/home/agr/EmbeddedDesign/RP2040/pico-sdk/src/common/pico_util/pheap.c.obj
 *fill*         0x10004ce2        0x2 
 .rodata.__func__.3
                0x10004ce4        0xc CMakeFiles/timer_poc.dir/home/agr/EmbeddedDesign/RP2040/pico-sdk/src/common/pico_util/pheap.c.obj
 .rodata.clock_configure.str1.4
                0x10004cf0       0x65 CMakeFiles/timer_poc.dir/home/agr/EmbeddedDesign/RP2040/pico-sdk/src/rp2_common/hardware_clocks/clocks.c.obj
 .rodata.__func__.1
                0x10004cf0       0x10 CMakeFiles/timer_poc.dir/home/agr/EmbeddedDesign/RP2040/pico-sdk/src/rp2_common/hardware_clocks/clocks.c.obj
 .rodata.pll_init.str1.4
                0x10004d00      0x130 CMakeFiles/timer_poc.dir/home/agr/EmbeddedDesign/RP2040/pico-sdk/src/rp2_common/hardware_pll/pll.c.obj
 .rodata.__func__.0
                0x10004d00        0x9 CMakeFiles/timer_poc.dir/home/agr/EmbeddedDesign/RP2040/pico-sdk/src/rp2_common/hardware_pll/pll.c.obj
 .rodata.__assert_func.str1.4
                0x10004d09       0x43 CMakeFiles/timer_poc.dir/home/agr/EmbeddedDesign/RP2040/pico-sdk/src/rp2_common/pico_runtime/runtime.c.obj
 .rodata.runtime_init.str1.4
                0x10004d09       0x6f CMakeFiles/timer_poc.dir/home/agr/EmbeddedDesign/RP2040/pico-sdk/src/rp2_common/pico_runtime/runtime.c.obj
 .rodata.panic.str1.4
                0x10004d09       0x12 CMakeFiles/timer_poc.dir/home/agr/EmbeddedDesign/RP2040/pico-sdk/src/rp2_common/pico_runtime/runtime.c.obj
 *fill*         0x10004d09        0x3 
 .rodata.__func__.2
                0x10004d0c        0xd CMakeFiles/timer_poc.dir/home/agr/EmbeddedDesign/RP2040/pico-sdk/src/rp2_common/pico_runtime/runtime.c.obj
 .rodata._ftoa.str1.4
                0x10004d19       0x15 CMakeFiles/timer_poc.dir/home/agr/EmbeddedDesign/RP2040/pico-sdk/src/rp2_common/pico_printf/printf.c.obj
 *fill*         0x10004d19        0x3 
 .rodata._vsnprintf
                0x10004d1c      0x19c CMakeFiles/timer_poc.dir/home/agr/EmbeddedDesign/RP2040/pico-sdk/src/rp2_common/pico_printf/printf.c.obj
 .rodata.pow10.0
                0x10004eb8       0x50 CMakeFiles/timer_poc.dir/home/agr/EmbeddedDesign/RP2040/pico-sdk/src/rp2_common/pico_printf/printf.c.obj
 .rodata.missing_double_func_shim.str1.4
                0x10004f08       0x18 CMakeFiles/timer_poc.dir/home/agr/EmbeddedDesign/RP2040/pico-sdk/src/rp2_common/pico_double/double_init_rom.c.obj
 .rodata.__aeabi_double_init.str1.4
                0x10004f08       0xaa CMakeFiles/timer_poc.dir/home/agr/EmbeddedDesign/RP2040/pico-sdk/src/rp2_common/pico_double/double_init_rom.c.obj
 .rodata.__func__.0
                0x10004f08       0x14 CMakeFiles/timer_poc.dir/home/agr/EmbeddedDesign/RP2040/pico-sdk/src/rp2_common/pico_double/double_init_rom.c.obj
 .rodata.missing_float_func_shim.str1.4
                0x10004f1c        0x1 CMakeFiles/timer_poc.dir/home/agr/EmbeddedDesign/RP2040/pico-sdk/src/rp2_common/pico_float/float_init_rom.c.obj
 .rodata.__aeabi_float_init.str1.4
                0x10004f1c       0x88 CMakeFiles/timer_poc.dir/home/agr/EmbeddedDesign/RP2040/pico-sdk/src/rp2_common/pico_float/float_init_rom.c.obj
 .rodata.__func__.0
                0x10004f1c       0x13 CMakeFiles/timer_poc.dir/home/agr/EmbeddedDesign/RP2040/pico-sdk/src/rp2_common/pico_float/float_init_rom.c.obj
 .rodata.str1.4
                0x10004f2f       0x54 CMakeFiles/timer_poc.dir/home/agr/EmbeddedDesign/RP2040/pico-sdk/src/rp2_common/pico_standard_link/binary_info.c.obj
 *fill*         0x10004f2f        0x1 
 .rodata.__bi_81
                0x10004f30        0xc CMakeFiles/timer_poc.dir/home/agr/EmbeddedDesign/RP2040/pico-sdk/src/rp2_common/pico_standard_link/binary_info.c.obj
 .rodata.__bi_75
                0x10004f3c        0xc CMakeFiles/timer_poc.dir/home/agr/EmbeddedDesign/RP2040/pico-sdk/src/rp2_common/pico_standard_link/binary_info.c.obj
 .rodata.__bi_44
                0x10004f48        0xc CMakeFiles/timer_poc.dir/home/agr/EmbeddedDesign/RP2040/pico-sdk/src/rp2_common/pico_standard_link/binary_info.c.obj
 .rodata.update_us_since_boot.str1.4
                0x10004f54       0x6f CMakeFiles/timer_poc.dir/home/agr/EmbeddedDesign/RP2040/pico-sdk/src/rp2_common/pico_stdio/stdio.c.obj
 .rodata.crlf_str.2
                0x10004f54        0x2 CMakeFiles/timer_poc.dir/home/agr/EmbeddedDesign/RP2040/pico-sdk/src/rp2_common/pico_stdio/stdio.c.obj
 *fill*         0x10004f56        0x2 
 .rodata.__func__.3
                0x10004f58       0x15 CMakeFiles/timer_poc.dir/home/agr/EmbeddedDesign/RP2040/pico-sdk/src/rp2_common/pico_stdio/stdio.c.obj
 .rodata.str1.4
                0x10004f6d       0x2c CMakeFiles/timer_poc.dir/home/agr/EmbeddedDesign/RP2040/pico-sdk/src/rp2_common/pico_stdio_uart/stdio_uart.c.obj
 *fill*         0x10004f6d        0x3 
 .rodata.__bi_33.4
                0x10004f70        0xc CMakeFiles/timer_poc.dir/home/agr/EmbeddedDesign/RP2040/pico-sdk/src/rp2_common/pico_stdio_uart/stdio_uart.c.obj
 .rodata.__bi_34.5
                0x10004f7c        0x8 CMakeFiles/timer_poc.dir/home/agr/EmbeddedDesign/RP2040/pico-sdk/src/rp2_common/pico_stdio_uart/stdio_uart.c.obj
                0x10004f84                        . = ALIGN (0x4)
 *(SORT_BY_ALIGNMENT(SORT_BY_NAME(.flashdata*)))
                0x10004f84                        . = ALIGN (0x4)

.ARM.extab
 *(.ARM.extab* .gnu.linkonce.armextab.*)
                0x10004f84                        __exidx_start = .

.ARM.exidx
 *(.ARM.exidx* .gnu.linkonce.armexidx.*)
                0x10004f84                        __exidx_end = .
                0x10004f84                        . = ALIGN (0x4)
                0x10004f84                        __binary_info_start = .

.binary_info    0x10004f84       0x24
 *(.binary_info.keep.*)
 .binary_info.keep.__bi_ptr81
                0x10004f84        0x4 CMakeFiles/timer_poc.dir/home/agr/EmbeddedDesign/RP2040/pico-sdk/src/rp2_common/pico_standard_link/binary_info.c.obj
 .binary_info.keep.__bi_ptr75
                0x10004f88        0x4 CMakeFiles/timer_poc.dir/home/agr/EmbeddedDesign/RP2040/pico-sdk/src/rp2_common/pico_standard_link/binary_info.c.obj
 .binary_info.keep.__bi_ptr50
                0x10004f8c        0x4 CMakeFiles/timer_poc.dir/home/agr/EmbeddedDesign/RP2040/pico-sdk/src/rp2_common/pico_standard_link/binary_info.c.obj
 .binary_info.keep.__bi_ptr44
                0x10004f90        0x4 CMakeFiles/timer_poc.dir/home/agr/EmbeddedDesign/RP2040/pico-sdk/src/rp2_common/pico_standard_link/binary_info.c.obj
 .binary_info.keep.__bi_ptr38
                0x10004f94        0x4 CMakeFiles/timer_poc.dir/home/agr/EmbeddedDesign/RP2040/pico-sdk/src/rp2_common/pico_standard_link/binary_info.c.obj
 .binary_info.keep.__bi_ptr30
                0x10004f98        0x4 CMakeFiles/timer_poc.dir/home/agr/EmbeddedDesign/RP2040/pico-sdk/src/rp2_common/pico_standard_link/binary_info.c.obj
 .binary_info.keep.__bi_ptr22
                0x10004f9c        0x4 CMakeFiles/timer_poc.dir/home/agr/EmbeddedDesign/RP2040/pico-sdk/src/rp2_common/pico_standard_link/binary_info.c.obj
 *(.binary_info.*)
 .binary_info.__bi_ptr34
                0x10004fa0        0x4 CMakeFiles/timer_poc.dir/home/agr/EmbeddedDesign/RP2040/pico-sdk/src/rp2_common/pico_stdio_uart/stdio_uart.c.obj
 .binary_info.__bi_ptr33
                0x10004fa4        0x4 CMakeFiles/timer_poc.dir/home/agr/EmbeddedDesign/RP2040/pico-sdk/src/rp2_common/pico_stdio_uart/stdio_uart.c.obj
                0x10004fa8                        __binary_info_end = .

.rel.dyn        0x10004fa8        0x0
 .rel.iplt      0x10004fa8        0x0 /usr/lib/gcc/arm-none-eabi/13.2.0/thumb/v6-m/nofp/crtbegin.o
                0x10004fa8                        . = ALIGN (0x4)

.ram_vector_table
                0x20000000       0xc0
 *(.ram_vector_table)
 .ram_vector_table
                0x20000000       0xc0 CMakeFiles/timer_poc.dir/home/agr/EmbeddedDesign/RP2040/pico-sdk/src/rp2_common/pico_runtime/runtime.c.obj
                0x20000000                ram_vector_table

.data           0x200000c0      0x24c load address 0x10004fa8
                0x200000c0                        __data_start__ = .
 *(vtable)
 *(.time_critical*)
 .time_critical.mutex_try_enter
                0x200000c0       0x46 CMakeFiles/timer_poc.dir/home/agr/EmbeddedDesign/RP2040/pico-sdk/src/common/pico_sync/mutex.c.obj
                0x200000c0                mutex_try_enter
 *fill*         0x20000106        0x2 
 .time_critical.mutex_enter_block_until
                0x20000108       0x8c CMakeFiles/timer_poc.dir/home/agr/EmbeddedDesign/RP2040/pico-sdk/src/common/pico_sync/mutex.c.obj
                0x20000108                mutex_enter_block_until
 .time_critical.mutex_try_enter_block_until
                0x20000194       0x34 CMakeFiles/timer_poc.dir/home/agr/EmbeddedDesign/RP2040/pico-sdk/src/common/pico_sync/mutex.c.obj
                0x20000194                mutex_try_enter_block_until
 .time_critical.mutex_exit
                0x200001c8       0x4c CMakeFiles/timer_poc.dir/home/agr/EmbeddedDesign/RP2040/pico-sdk/src/common/pico_sync/mutex.c.obj
                0x200001c8                mutex_exit
 *(.text*)
 .text          0x20000214        0x4 /usr/lib/gcc/arm-none-eabi/13.2.0/thumb/v6-m/nofp/libgcc.a(_dvmd_tls.o)
                0x20000214                __aeabi_ldiv0
                0x20000214                __aeabi_idiv0
 .text.__stub   0x20000218       0x20 linker stubs
                0x20000238                        . = ALIGN (0x4)
 *(.rodata*)
                0x20000238                        . = ALIGN (0x4)
 *(.data*)
 .data.striped_spin_lock_num
                0x20000238        0x1 CMakeFiles/timer_poc.dir/home/agr/EmbeddedDesign/RP2040/pico-sdk/src/rp2_common/hardware_sync/sync.c.obj
 *fill*         0x20000239        0x3 
 .data          0x2000023c       0x48 CMakeFiles/timer_poc.dir/home/agr/EmbeddedDesign/RP2040/pico-sdk/src/rp2_common/hardware_irq/irq_handler_chain.S.obj
                0x2000023c                irq_handler_chain_slots
                0x2000026c                irq_handler_chain_first_slot
                0x20000276                irq_handler_chain_remove_tail
 .data.default_alarm_pool
                0x20000284       0x18 CMakeFiles/timer_poc.dir/home/agr/EmbeddedDesign/RP2040/pico-sdk/src/common/pico_time/time.c.obj
 .data.default_alarm_pool_heap
                0x2000029c       0x10 CMakeFiles/timer_poc.dir/home/agr/EmbeddedDesign/RP2040/pico-sdk/src/common/pico_time/time.c.obj
 *fill*         0x200002ac        0x4 
 .data.aeabi_bits_funcs
                0x200002b0       0x10 CMakeFiles/timer_poc.dir/home/agr/EmbeddedDesign/RP2040/pico-sdk/src/rp2_common/pico_bit_ops/bit_ops_aeabi.S.obj
                0x200002b0                aeabi_bits_funcs
                0x200002c0                aeabi_bits_funcs_end
 .data.aeabi_mem_funcs
                0x200002c0       0x10 CMakeFiles/timer_poc.dir/home/agr/EmbeddedDesign/RP2040/pico-sdk/src/rp2_common/pico_mem_ops/mem_ops_aeabi.S.obj
                0x200002c0                aeabi_mem_funcs
                0x200002d0                aeabi_mem_funcs_end
 .data.stdio_uart
                0x200002d0       0x18 CMakeFiles/timer_poc.dir/home/agr/EmbeddedDesign/RP2040/pico-sdk/src/rp2_common/pico_stdio_uart/stdio_uart.c.obj
                0x200002d0                stdio_uart
 .data.__atexit_recursive_mutex
                0x200002e8        0x4 /usr/lib/gcc/arm-none-eabi/13.2.0/../../../../arm-none-eabi/lib/thumb/v6-m/nofp/libg.a(libc_a-__call_atexit.o)
                0x200002e8                __atexit_recursive_mutex
                0x200002ec                        . = ALIGN (0x4)
 *(.after_data.*)
                0x200002ec                        . = ALIGN (0x4)
                0x200002ec                        PROVIDE (__mutex_array_start = .)
 *(SORT_BY_NAME(.mutex_array.*))
 *(.mutex_array)
 .mutex_array   0x200002ec        0x8 CMakeFiles/timer_poc.dir/home/agr/EmbeddedDesign/RP2040/pico-sdk/src/rp2_common/pico_stdio/stdio.c.obj
                0x200002f4                        PROVIDE (__mutex_array_end = .)
                0x200002f4                        . = ALIGN (0x4)
                0x200002f4                        PROVIDE (__preinit_array_start = .)
 *(SORT_BY_NAME(.preinit_array.*))
 .preinit_array.00001
                0x200002f4        0x4 CMakeFiles/timer_poc.dir/home/agr/EmbeddedDesign/RP2040/pico-sdk/src/rp2_common/pico_mem_ops/mem_ops_aeabi.S.obj
 .preinit_array.00010
                0x200002f8        0x4 CMakeFiles/timer_poc.dir/home/agr/EmbeddedDesign/RP2040/pico-sdk/src/rp2_common/pico_bit_ops/bit_ops_aeabi.S.obj
 .preinit_array.00020
                0x200002fc        0x4 CMakeFiles/timer_poc.dir/home/agr/EmbeddedDesign/RP2040/pico-sdk/src/rp2_common/pico_double/double_aeabi.S.obj
 .preinit_array.00020
                0x20000300        0x4 CMakeFiles/timer_poc.dir/home/agr/EmbeddedDesign/RP2040/pico-sdk/src/rp2_common/pico_float/float_aeabi.S.obj
 *(.preinit_array)
                0x20000304                        PROVIDE (__preinit_array_end = .)
                0x20000304                        . = ALIGN (0x4)
                0x20000304                        PROVIDE (__init_array_start = .)
 *(SORT_BY_NAME(.init_array.*))
 .init_array.00000
                0x20000304        0x4 /usr/lib/gcc/arm-none-eabi/13.2.0/../../../../arm-none-eabi/lib/thumb/v6-m/nofp/libg.a(libc_a-__call_atexit.o)
 *(.init_array)
 .init_array    0x20000308        0x4 /usr/lib/gcc/arm-none-eabi/13.2.0/thumb/v6-m/nofp/crtbegin.o
                0x2000030c                        PROVIDE (__init_array_end = .)
                0x2000030c                        . = ALIGN (0x4)
                0x2000030c                        PROVIDE (__fini_array_start = .)
 *(SORT_BY_NAME(.fini_array.*))
 *(.fini_array)
                0x2000030c                        PROVIDE (__fini_array_end = .)
 *(.jcr)
                0x2000030c                        . = ALIGN (0x4)
                0x2000030c                        __data_end__ = .
                0x10004fa8                        __etext = LOADADDR (.data)

.igot.plt       0x2000030c        0x0 load address 0x100051f4
 .igot.plt      0x2000030c        0x0 /usr/lib/gcc/arm-none-eabi/13.2.0/thumb/v6-m/nofp/crtbegin.o

.uninitialized_data
                0x2000030c        0x0 load address 0x100051f4
                0x2000030c                        . = ALIGN (0x4)
 *(.uninitialized_data*)

.scratch_x      0x20040000        0x0 load address 0x100051f4
                0x20040000                        __scratch_x_start__ = .
 *(.scratch_x.*)
                0x20040000                        . = ALIGN (0x4)
                0x20040000                        __scratch_x_end__ = .
                0x100051f4                        __scratch_x_source__ = LOADADDR (.scratch_x)

.scratch_y      0x20041000        0x0 load address 0x100051f4
                0x20041000                        __scratch_y_start__ = .
 *(.scratch_y.*)
                0x20041000                        . = ALIGN (0x4)
                0x20041000                        __scratch_y_end__ = .
                0x100051f4                        __scratch_y_source__ = LOADADDR (.scratch_y)

.bss            0x20000310      0x56c
                0x20000310                        . = ALIGN (0x4)
                0x20000310                        __bss_start__ = .
 *(SORT_BY_ALIGNMENT(SORT_BY_NAME(.bss*)))
 .bss.default_alarm_pool_entries
                0x20000310      0x100 CMakeFiles/timer_poc.dir/home/agr/EmbeddedDesign/RP2040/pico-sdk/src/common/pico_time/time.c.obj
 .bss.__atexit  0x20000410        0x4 /usr/lib/gcc/arm-none-eabi/13.2.0/../../../../arm-none-eabi/lib/thumb/v6-m/nofp/libg.a(libc_a-__call_atexit.o)
                0x20000410                __atexit
 .bss.__atexit0
                0x20000414      0x190 /usr/lib/gcc/arm-none-eabi/13.2.0/../../../../arm-none-eabi/lib/thumb/v6-m/nofp/libg.a(libc_a-__atexit.o)
                0x20000414                __atexit0
 .bss.__lock___atexit_recursive_mutex
                0x200005a4        0x1 /usr/lib/gcc/arm-none-eabi/13.2.0/../../../../arm-none-eabi/lib/thumb/v6-m/nofp/libg.a(libc_a-lock.o)
                0x200005a4                __lock___atexit_recursive_mutex
 *fill*         0x200005a5        0x3 
 .bss.alarm_callbacks
                0x200005a8       0x10 CMakeFiles/timer_poc.dir/home/agr/EmbeddedDesign/RP2040/pico-sdk/src/rp2_common/hardware_timer/timer.c.obj
 .bss.chars_available_callback
                0x200005b8        0x4 CMakeFiles/timer_poc.dir/home/agr/EmbeddedDesign/RP2040/pico-sdk/src/rp2_common/pico_stdio_uart/stdio_uart.c.obj
 .bss.chars_available_param
                0x200005bc        0x4 CMakeFiles/timer_poc.dir/home/agr/EmbeddedDesign/RP2040/pico-sdk/src/rp2_common/pico_stdio_uart/stdio_uart.c.obj
 .bss.configured_freq
                0x200005c0       0x28 CMakeFiles/timer_poc.dir/home/agr/EmbeddedDesign/RP2040/pico-sdk/src/rp2_common/hardware_clocks/clocks.c.obj
 .bss.default_alarm_pool_entry_ids_high
                0x200005e8       0x10 CMakeFiles/timer_poc.dir/home/agr/EmbeddedDesign/RP2040/pico-sdk/src/common/pico_time/time.c.obj
 .bss.default_alarm_pool_heap_nodes
                0x200005f8       0x30 CMakeFiles/timer_poc.dir/home/agr/EmbeddedDesign/RP2040/pico-sdk/src/common/pico_time/time.c.obj
 .bss.drivers   0x20000628        0x4 CMakeFiles/timer_poc.dir/home/agr/EmbeddedDesign/RP2040/pico-sdk/src/rp2_common/pico_stdio/stdio.c.obj
 .bss.filter    0x2000062c        0x4 CMakeFiles/timer_poc.dir/home/agr/EmbeddedDesign/RP2040/pico-sdk/src/rp2_common/pico_stdio/stdio.c.obj
 .bss.object.0  0x20000630       0x18 /usr/lib/gcc/arm-none-eabi/13.2.0/thumb/v6-m/nofp/crtbegin.o
 .bss.pools     0x20000648       0x10 CMakeFiles/timer_poc.dir/home/agr/EmbeddedDesign/RP2040/pico-sdk/src/common/pico_time/time.c.obj
 .bss.sd_table  0x20000658      0x100 CMakeFiles/timer_poc.dir/home/agr/EmbeddedDesign/RP2040/pico-sdk/src/rp2_common/pico_double/double_init_rom.c.obj
                0x20000658                sd_table
 .bss.sf_clz_func
                0x20000758        0x4 CMakeFiles/timer_poc.dir/home/agr/EmbeddedDesign/RP2040/pico-sdk/src/rp2_common/pico_double/double_init_rom.c.obj
                0x20000758                sf_clz_func
 .bss.sf_table  0x2000075c      0x100 CMakeFiles/timer_poc.dir/home/agr/EmbeddedDesign/RP2040/pico-sdk/src/rp2_common/pico_float/float_init_rom.c.obj
                0x2000075c                sf_table
 .bss.sleep_notifier
                0x2000085c        0x4 CMakeFiles/timer_poc.dir/home/agr/EmbeddedDesign/RP2040/pico-sdk/src/common/pico_time/time.c.obj
 .bss.target_hi
                0x20000860       0x10 CMakeFiles/timer_poc.dir/home/agr/EmbeddedDesign/RP2040/pico-sdk/src/rp2_common/hardware_timer/timer.c.obj
 .bss.uart_char_to_line_feed
                0x20000870        0x4 CMakeFiles/timer_poc.dir/home/agr/EmbeddedDesign/RP2040/pico-sdk/src/rp2_common/hardware_uart/uart.c.obj
                0x20000870                uart_char_to_line_feed
 .bss.uart_instance
                0x20000874        0x4 CMakeFiles/timer_poc.dir/home/agr/EmbeddedDesign/RP2040/pico-sdk/src/rp2_common/pico_stdio_uart/stdio_uart.c.obj
 .bss.chosen_led_pin
                0x20000878        0x1 lib/led/libled.a(led.c.obj)
                0x20000878                chosen_led_pin
 .bss.claimed   0x20000879        0x1 CMakeFiles/timer_poc.dir/home/agr/EmbeddedDesign/RP2040/pico-sdk/src/rp2_common/hardware_timer/timer.c.obj
 .bss.irq_hander_chain_free_slot_head
                0x2000087a        0x1 CMakeFiles/timer_poc.dir/home/agr/EmbeddedDesign/RP2040/pico-sdk/src/rp2_common/hardware_irq/irq.c.obj
 .bss.timer_callbacks_pending
                0x2000087b        0x1 CMakeFiles/timer_poc.dir/home/agr/EmbeddedDesign/RP2040/pico-sdk/src/rp2_common/hardware_timer/timer.c.obj
 *(COMMON)
                0x2000087c                        . = ALIGN (0x4)
                0x2000087c                        __bss_end__ = .

.heap           0x2000087c      0x800
                0x2000087c                        __end__ = .
                0x2000087c                        end = __end__
 *(.heap*)
 .heap          0x2000087c      0x800 CMakeFiles/timer_poc.dir/home/agr/EmbeddedDesign/RP2040/pico-sdk/src/rp2_common/pico_standard_link/crt0.S.obj
                0x2000107c                        __HeapLimit = .

.stack1_dummy
 *(.stack1*)

.stack_dummy    0x20041000      0x800
 *(.stack*)
 .stack         0x20041000      0x800 CMakeFiles/timer_poc.dir/home/agr/EmbeddedDesign/RP2040/pico-sdk/src/rp2_common/pico_standard_link/crt0.S.obj

.flash_end      0x100051f4        0x0
                0x100051f4                        PROVIDE (__flash_binary_end = .)
                0x20040000                        __StackLimit = (ORIGIN (RAM) + LENGTH (RAM))
                0x20041000                        __StackOneTop = (ORIGIN (SCRATCH_X) + LENGTH (SCRATCH_X))
                0x20042000                        __StackTop = (ORIGIN (SCRATCH_Y) + LENGTH (SCRATCH_Y))
                0x20041000                        __StackOneBottom = (__StackOneTop - SIZEOF (.stack1_dummy))
                0x20041800                        __StackBottom = (__StackTop - SIZEOF (.stack_dummy))
                0x20042000                        PROVIDE (__stack = __StackTop)
                0x00000001                        ASSERT ((__StackLimit >= __HeapLimit), region RAM overflowed)
                0x00000001                        ASSERT (((__binary_info_header_end - __logical_binary_start) <= 0x100), Binary info must be in first 256 bytes of the binary)
LOAD CMakeFiles/timer_poc.dir/main.c.obj
LOAD CMakeFiles/timer_poc.dir/home/agr/EmbeddedDesign/RP2040/pico-sdk/src/rp2_common/pico_stdlib/stdlib.c.obj
LOAD CMakeFiles/timer_poc.dir/home/agr/EmbeddedDesign/RP2040/pico-sdk/src/rp2_common/hardware_gpio/gpio.c.obj
LOAD CMakeFiles/timer_poc.dir/home/agr/EmbeddedDesign/RP2040/pico-sdk/src/rp2_common/pico_platform/platform.c.obj
LOAD CMakeFiles/timer_poc.dir/home/agr/EmbeddedDesign/RP2040/pico-sdk/src/rp2_common/hardware_claim/claim.c.obj
LOAD CMakeFiles/timer_poc.dir/home/agr/EmbeddedDesign/RP2040/pico-sdk/src/rp2_common/hardware_sync/sync.c.obj
LOAD CMakeFiles/timer_poc.dir/home/agr/EmbeddedDesign/RP2040/pico-sdk/src/rp2_common/hardware_irq/irq.c.obj
LOAD CMakeFiles/timer_poc.dir/home/agr/EmbeddedDesign/RP2040/pico-sdk/src/rp2_common/hardware_irq/irq_handler_chain.S.obj
LOAD CMakeFiles/timer_poc.dir/home/agr/EmbeddedDesign/RP2040/pico-sdk/src/common/pico_sync/sem.c.obj
LOAD CMakeFiles/timer_poc.dir/home/agr/EmbeddedDesign/RP2040/pico-sdk/src/common/pico_sync/lock_core.c.obj
LOAD CMakeFiles/timer_poc.dir/home/agr/EmbeddedDesign/RP2040/pico-sdk/src/common/pico_sync/mutex.c.obj
LOAD CMakeFiles/timer_poc.dir/home/agr/EmbeddedDesign/RP2040/pico-sdk/src/common/pico_sync/critical_section.c.obj
LOAD CMakeFiles/timer_poc.dir/home/agr/EmbeddedDesign/RP2040/pico-sdk/src/common/pico_time/time.c.obj
LOAD CMakeFiles/timer_poc.dir/home/agr/EmbeddedDesign/RP2040/pico-sdk/src/common/pico_time/timeout_helper.c.obj
LOAD CMakeFiles/timer_poc.dir/home/agr/EmbeddedDesign/RP2040/pico-sdk/src/rp2_common/hardware_timer/timer.c.obj
LOAD CMakeFiles/timer_poc.dir/home/agr/EmbeddedDesign/RP2040/pico-sdk/src/common/pico_util/datetime.c.obj
LOAD CMakeFiles/timer_poc.dir/home/agr/EmbeddedDesign/RP2040/pico-sdk/src/common/pico_util/pheap.c.obj
LOAD CMakeFiles/timer_poc.dir/home/agr/EmbeddedDesign/RP2040/pico-sdk/src/common/pico_util/queue.c.obj
LOAD CMakeFiles/timer_poc.dir/home/agr/EmbeddedDesign/RP2040/pico-sdk/src/rp2_common/hardware_uart/uart.c.obj
LOAD CMakeFiles/timer_poc.dir/home/agr/EmbeddedDesign/RP2040/pico-sdk/src/rp2_common/hardware_clocks/clocks.c.obj
LOAD CMakeFiles/timer_poc.dir/home/agr/EmbeddedDesign/RP2040/pico-sdk/src/rp2_common/hardware_pll/pll.c.obj
LOAD CMakeFiles/timer_poc.dir/home/agr/EmbeddedDesign/RP2040/pico-sdk/src/rp2_common/hardware_vreg/vreg.c.obj
LOAD CMakeFiles/timer_poc.dir/home/agr/EmbeddedDesign/RP2040/pico-sdk/src/rp2_common/hardware_watchdog/watchdog.c.obj
LOAD CMakeFiles/timer_poc.dir/home/agr/EmbeddedDesign/RP2040/pico-sdk/src/rp2_common/hardware_xosc/xosc.c.obj
LOAD CMakeFiles/timer_poc.dir/home/agr/EmbeddedDesign/RP2040/pico-sdk/src/rp2_common/hardware_divider/divider.S.obj
LOAD CMakeFiles/timer_poc.dir/home/agr/EmbeddedDesign/RP2040/pico-sdk/src/rp2_common/pico_runtime/runtime.c.obj
LOAD CMakeFiles/timer_poc.dir/home/agr/EmbeddedDesign/RP2040/pico-sdk/src/rp2_common/pico_printf/printf.c.obj
LOAD CMakeFiles/timer_poc.dir/home/agr/EmbeddedDesign/RP2040/pico-sdk/src/rp2_common/pico_bit_ops/bit_ops_aeabi.S.obj
LOAD CMakeFiles/timer_poc.dir/home/agr/EmbeddedDesign/RP2040/pico-sdk/src/rp2_common/pico_bootrom/bootrom.c.obj
LOAD CMakeFiles/timer_poc.dir/home/agr/EmbeddedDesign/RP2040/pico-sdk/src/rp2_common/pico_divider/divider.S.obj
LOAD CMakeFiles/timer_poc.dir/home/agr/EmbeddedDesign/RP2040/pico-sdk/src/rp2_common/pico_double/double_aeabi.S.obj
LOAD CMakeFiles/timer_poc.dir/home/agr/EmbeddedDesign/RP2040/pico-sdk/src/rp2_common/pico_double/double_init_rom.c.obj
LOAD CMakeFiles/timer_poc.dir/home/agr/EmbeddedDesign/RP2040/pico-sdk/src/rp2_common/pico_double/double_math.c.obj
LOAD CMakeFiles/timer_poc.dir/home/agr/EmbeddedDesign/RP2040/pico-sdk/src/rp2_common/pico_double/double_v1_rom_shim.S.obj
LOAD CMakeFiles/timer_poc.dir/home/agr/EmbeddedDesign/RP2040/pico-sdk/src/rp2_common/pico_int64_ops/pico_int64_ops_aeabi.S.obj
LOAD CMakeFiles/timer_poc.dir/home/agr/EmbeddedDesign/RP2040/pico-sdk/src/rp2_common/pico_float/float_aeabi.S.obj
LOAD CMakeFiles/timer_poc.dir/home/agr/EmbeddedDesign/RP2040/pico-sdk/src/rp2_common/pico_float/float_init_rom.c.obj
LOAD CMakeFiles/timer_poc.dir/home/agr/EmbeddedDesign/RP2040/pico-sdk/src/rp2_common/pico_float/float_math.c.obj
LOAD CMakeFiles/timer_poc.dir/home/agr/EmbeddedDesign/RP2040/pico-sdk/src/rp2_common/pico_float/float_v1_rom_shim.S.obj
LOAD CMakeFiles/timer_poc.dir/home/agr/EmbeddedDesign/RP2040/pico-sdk/src/rp2_common/pico_malloc/pico_malloc.c.obj
LOAD CMakeFiles/timer_poc.dir/home/agr/EmbeddedDesign/RP2040/pico-sdk/src/rp2_common/pico_mem_ops/mem_ops_aeabi.S.obj
LOAD CMakeFiles/timer_poc.dir/home/agr/EmbeddedDesign/RP2040/pico-sdk/src/rp2_common/pico_standard_link/crt0.S.obj
LOAD CMakeFiles/timer_poc.dir/home/agr/EmbeddedDesign/RP2040/pico-sdk/src/rp2_common/pico_standard_link/new_delete.cpp.obj
LOAD CMakeFiles/timer_poc.dir/home/agr/EmbeddedDesign/RP2040/pico-sdk/src/rp2_common/pico_standard_link/binary_info.c.obj
LOAD CMakeFiles/timer_poc.dir/home/agr/EmbeddedDesign/RP2040/pico-sdk/src/rp2_common/pico_stdio/stdio.c.obj
LOAD CMakeFiles/timer_poc.dir/home/agr/EmbeddedDesign/RP2040/pico-sdk/src/rp2_common/pico_stdio_uart/stdio_uart.c.obj
LOAD lib/blinky/libblinky.a
LOAD lib/led/libled.a
LOAD lib/timer/libtimer.a
LOAD /tmp/ccBh3Alj.o
LOAD /usr/lib/gcc/arm-none-eabi/13.2.0/../../../../arm-none-eabi/lib/thumb/v6-m/nofp/libstdc++.a
LOAD /usr/lib/gcc/arm-none-eabi/13.2.0/../../../../arm-none-eabi/lib/thumb/v6-m/nofp/libm.a
START GROUP
LOAD /usr/lib/gcc/arm-none-eabi/13.2.0/thumb/v6-m/nofp/libgcc.a
LOAD /usr/lib/gcc/arm-none-eabi/13.2.0/../../../../arm-none-eabi/lib/thumb/v6-m/nofp/libg.a
LOAD /usr/lib/gcc/arm-none-eabi/13.2.0/../../../../arm-none-eabi/lib/thumb/v6-m/nofp/libc.a
END GROUP
START GROUP
LOAD /usr/lib/gcc/arm-none-eabi/13.2.0/thumb/v6-m/nofp/libgcc.a
LOAD /usr/lib/gcc/arm-none-eabi/13.2.0/../../../../arm-none-eabi/lib/thumb/v6-m/nofp/libc.a
LOAD /usr/lib/gcc/arm-none-eabi/13.2.0/../../../../arm-none-eabi/lib/thumb/v6-m/nofp/libnosys.a
END GROUP
LOAD /usr/lib/gcc/arm-none-eabi/13.2.0/thumb/v6-m/nofp/crtend.o
LOAD /usr/lib/gcc/arm-none-eabi/13.2.0/thumb/v6-m/nofp/crtn.o
OUTPUT(timer_poc.elf elf32-littlearm)
LOAD linker stubs

.ARM.attributes
                0x00000000       0x28
 .ARM.attributes
                0x00000000       0x1e /usr/lib/gcc/arm-none-eabi/13.2.0/thumb/v6-m/nofp/crti.o
 .ARM.attributes
                0x0000001e       0x2c /usr/lib/gcc/arm-none-eabi/13.2.0/thumb/v6-m/nofp/crtbegin.o
 .ARM.attributes
                0x0000004a       0x2c CMakeFiles/timer_poc.dir/main.c.obj
 .ARM.attributes
                0x00000076       0x2c CMakeFiles/timer_poc.dir/home/agr/EmbeddedDesign/RP2040/pico-sdk/src/rp2_common/hardware_gpio/gpio.c.obj
 .ARM.attributes
                0x000000a2       0x2c CMakeFiles/timer_poc.dir/home/agr/EmbeddedDesign/RP2040/pico-sdk/src/rp2_common/pico_platform/platform.c.obj
 .ARM.attributes
                0x000000ce       0x2c CMakeFiles/timer_poc.dir/home/agr/EmbeddedDesign/RP2040/pico-sdk/src/rp2_common/hardware_claim/claim.c.obj
 .ARM.attributes
                0x000000fa       0x2c CMakeFiles/timer_poc.dir/home/agr/EmbeddedDesign/RP2040/pico-sdk/src/rp2_common/hardware_sync/sync.c.obj
 .ARM.attributes
                0x00000126       0x2c CMakeFiles/timer_poc.dir/home/agr/EmbeddedDesign/RP2040/pico-sdk/src/rp2_common/hardware_irq/irq.c.obj
 .ARM.attributes
                0x00000152       0x22 CMakeFiles/timer_poc.dir/home/agr/EmbeddedDesign/RP2040/pico-sdk/src/rp2_common/hardware_irq/irq_handler_chain.S.obj
 .ARM.attributes
                0x00000174       0x2c CMakeFiles/timer_poc.dir/home/agr/EmbeddedDesign/RP2040/pico-sdk/src/common/pico_sync/lock_core.c.obj
 .ARM.attributes
                0x000001a0       0x2c CMakeFiles/timer_poc.dir/home/agr/EmbeddedDesign/RP2040/pico-sdk/src/common/pico_sync/mutex.c.obj
 .ARM.attributes
                0x000001cc       0x2c CMakeFiles/timer_poc.dir/home/agr/EmbeddedDesign/RP2040/pico-sdk/src/common/pico_time/time.c.obj
 .ARM.attributes
                0x000001f8       0x2c CMakeFiles/timer_poc.dir/home/agr/EmbeddedDesign/RP2040/pico-sdk/src/rp2_common/hardware_timer/timer.c.obj
 .ARM.attributes
                0x00000224       0x2c CMakeFiles/timer_poc.dir/home/agr/EmbeddedDesign/RP2040/pico-sdk/src/common/pico_util/pheap.c.obj
 .ARM.attributes
                0x00000250       0x2c CMakeFiles/timer_poc.dir/home/agr/EmbeddedDesign/RP2040/pico-sdk/src/rp2_common/hardware_uart/uart.c.obj
 .ARM.attributes
                0x0000027c       0x2c CMakeFiles/timer_poc.dir/home/agr/EmbeddedDesign/RP2040/pico-sdk/src/rp2_common/hardware_clocks/clocks.c.obj
 .ARM.attributes
                0x000002a8       0x2c CMakeFiles/timer_poc.dir/home/agr/EmbeddedDesign/RP2040/pico-sdk/src/rp2_common/hardware_pll/pll.c.obj
 .ARM.attributes
                0x000002d4       0x2c CMakeFiles/timer_poc.dir/home/agr/EmbeddedDesign/RP2040/pico-sdk/src/rp2_common/hardware_watchdog/watchdog.c.obj
 .ARM.attributes
                0x00000300       0x2c CMakeFiles/timer_poc.dir/home/agr/EmbeddedDesign/RP2040/pico-sdk/src/rp2_common/hardware_xosc/xosc.c.obj
 .ARM.attributes
                0x0000032c       0x2c CMakeFiles/timer_poc.dir/home/agr/EmbeddedDesign/RP2040/pico-sdk/src/rp2_common/pico_runtime/runtime.c.obj
 .ARM.attributes
                0x00000358       0x2c CMakeFiles/timer_poc.dir/home/agr/EmbeddedDesign/RP2040/pico-sdk/src/rp2_common/pico_printf/printf.c.obj
 .ARM.attributes
                0x00000384       0x22 CMakeFiles/timer_poc.dir/home/agr/EmbeddedDesign/RP2040/pico-sdk/src/rp2_common/pico_bit_ops/bit_ops_aeabi.S.obj
 .ARM.attributes
                0x000003a6       0x2c CMakeFiles/timer_poc.dir/home/agr/EmbeddedDesign/RP2040/pico-sdk/src/rp2_common/pico_bootrom/bootrom.c.obj
 .ARM.attributes
                0x000003d2       0x22 CMakeFiles/timer_poc.dir/home/agr/EmbeddedDesign/RP2040/pico-sdk/src/rp2_common/pico_divider/divider.S.obj
 .ARM.attributes
                0x000003f4       0x22 CMakeFiles/timer_poc.dir/home/agr/EmbeddedDesign/RP2040/pico-sdk/src/rp2_common/pico_double/double_aeabi.S.obj
 .ARM.attributes
                0x00000416       0x2c CMakeFiles/timer_poc.dir/home/agr/EmbeddedDesign/RP2040/pico-sdk/src/rp2_common/pico_double/double_init_rom.c.obj
 .ARM.attributes
                0x00000442       0x22 CMakeFiles/timer_poc.dir/home/agr/EmbeddedDesign/RP2040/pico-sdk/src/rp2_common/pico_double/double_v1_rom_shim.S.obj
 .ARM.attributes
                0x00000464       0x22 CMakeFiles/timer_poc.dir/home/agr/EmbeddedDesign/RP2040/pico-sdk/src/rp2_common/pico_int64_ops/pico_int64_ops_aeabi.S.obj
 .ARM.attributes
                0x00000486       0x22 CMakeFiles/timer_poc.dir/home/agr/EmbeddedDesign/RP2040/pico-sdk/src/rp2_common/pico_float/float_aeabi.S.obj
 .ARM.attributes
                0x000004a8       0x2c CMakeFiles/timer_poc.dir/home/agr/EmbeddedDesign/RP2040/pico-sdk/src/rp2_common/pico_float/float_init_rom.c.obj
 .ARM.attributes
                0x000004d4       0x22 CMakeFiles/timer_poc.dir/home/agr/EmbeddedDesign/RP2040/pico-sdk/src/rp2_common/pico_mem_ops/mem_ops_aeabi.S.obj
 .ARM.attributes
                0x000004f6       0x22 CMakeFiles/timer_poc.dir/home/agr/EmbeddedDesign/RP2040/pico-sdk/src/rp2_common/pico_standard_link/crt0.S.obj
 .ARM.attributes
                0x00000518       0x2c CMakeFiles/timer_poc.dir/home/agr/EmbeddedDesign/RP2040/pico-sdk/src/rp2_common/pico_standard_link/binary_info.c.obj
 .ARM.attributes
                0x00000544       0x2c CMakeFiles/timer_poc.dir/home/agr/EmbeddedDesign/RP2040/pico-sdk/src/rp2_common/pico_stdio/stdio.c.obj
 .ARM.attributes
                0x00000570       0x2c CMakeFiles/timer_poc.dir/home/agr/EmbeddedDesign/RP2040/pico-sdk/src/rp2_common/pico_stdio_uart/stdio_uart.c.obj
 .ARM.attributes
                0x0000059c       0x2c lib/blinky/libblinky.a(blinky.c.obj)
 .ARM.attributes
                0x000005c8       0x2c lib/led/libled.a(led.c.obj)
 .ARM.attributes
                0x000005f4       0x2c lib/timer/libtimer.a(timer.c.obj)
 .ARM.attributes
                0x00000620       0x22 /tmp/ccBh3Alj.o
 .ARM.attributes
                0x00000642       0x1e /usr/lib/gcc/arm-none-eabi/13.2.0/thumb/v6-m/nofp/libgcc.a(_dvmd_tls.o)
 .ARM.attributes
                0x00000660       0x2c /usr/lib/gcc/arm-none-eabi/13.2.0/../../../../arm-none-eabi/lib/thumb/v6-m/nofp/libg.a(libc_a-atexit.o)
 .ARM.attributes
                0x0000068c       0x2c /usr/lib/gcc/arm-none-eabi/13.2.0/../../../../arm-none-eabi/lib/thumb/v6-m/nofp/libg.a(libc_a-fini.o)
 .ARM.attributes
                0x000006b8       0x2c /usr/lib/gcc/arm-none-eabi/13.2.0/../../../../arm-none-eabi/lib/thumb/v6-m/nofp/libg.a(libc_a-lock.o)
 .ARM.attributes
                0x000006e4       0x2c /usr/lib/gcc/arm-none-eabi/13.2.0/../../../../arm-none-eabi/lib/thumb/v6-m/nofp/libg.a(libc_a-strlen-stub.o)
 .ARM.attributes
                0x00000710       0x2c /usr/lib/gcc/arm-none-eabi/13.2.0/../../../../arm-none-eabi/lib/thumb/v6-m/nofp/libg.a(libc_a-__atexit.o)
 .ARM.attributes
                0x0000073c       0x2c /usr/lib/gcc/arm-none-eabi/13.2.0/../../../../arm-none-eabi/lib/thumb/v6-m/nofp/libg.a(libc_a-__call_atexit.o)

.comment        0x00000000       0x3c
 .comment       0x00000000       0x3c CMakeFiles/timer_poc.dir/main.c.obj
                                 0x1f (size before relaxing)
 .comment       0x0000003c       0x1f CMakeFiles/timer_poc.dir/home/agr/EmbeddedDesign/RP2040/pico-sdk/src/rp2_common/hardware_gpio/gpio.c.obj
 .comment       0x0000003c       0x1f CMakeFiles/timer_poc.dir/home/agr/EmbeddedDesign/RP2040/pico-sdk/src/rp2_common/pico_platform/platform.c.obj
 .comment       0x0000003c       0x1f CMakeFiles/timer_poc.dir/home/agr/EmbeddedDesign/RP2040/pico-sdk/src/rp2_common/hardware_claim/claim.c.obj
 .comment       0x0000003c       0x1f CMakeFiles/timer_poc.dir/home/agr/EmbeddedDesign/RP2040/pico-sdk/src/rp2_common/hardware_sync/sync.c.obj
 .comment       0x0000003c       0x1f CMakeFiles/timer_poc.dir/home/agr/EmbeddedDesign/RP2040/pico-sdk/src/rp2_common/hardware_irq/irq.c.obj
 .comment       0x0000003c       0x1f CMakeFiles/timer_poc.dir/home/agr/EmbeddedDesign/RP2040/pico-sdk/src/common/pico_sync/lock_core.c.obj
 .comment       0x0000003c       0x1f CMakeFiles/timer_poc.dir/home/agr/EmbeddedDesign/RP2040/pico-sdk/src/common/pico_sync/mutex.c.obj
 .comment       0x0000003c       0x1f CMakeFiles/timer_poc.dir/home/agr/EmbeddedDesign/RP2040/pico-sdk/src/common/pico_time/time.c.obj
 .comment       0x0000003c       0x1f CMakeFiles/timer_poc.dir/home/agr/EmbeddedDesign/RP2040/pico-sdk/src/rp2_common/hardware_timer/timer.c.obj
 .comment       0x0000003c       0x1f CMakeFiles/timer_poc.dir/home/agr/EmbeddedDesign/RP2040/pico-sdk/src/common/pico_util/pheap.c.obj
 .comment       0x0000003c       0x1f CMakeFiles/timer_poc.dir/home/agr/EmbeddedDesign/RP2040/pico-sdk/src/rp2_common/hardware_uart/uart.c.obj
 .comment       0x0000003c       0x1f CMakeFiles/timer_poc.dir/home/agr/EmbeddedDesign/RP2040/pico-sdk/src/rp2_common/hardware_clocks/clocks.c.obj
 .comment       0x0000003c       0x1f CMakeFiles/timer_poc.dir/home/agr/EmbeddedDesign/RP2040/pico-sdk/src/rp2_common/hardware_pll/pll.c.obj
 .comment       0x0000003c       0x1f CMakeFiles/timer_poc.dir/home/agr/EmbeddedDesign/RP2040/pico-sdk/src/rp2_common/hardware_watchdog/watchdog.c.obj
 .comment       0x0000003c       0x1f CMakeFiles/timer_poc.dir/home/agr/EmbeddedDesign/RP2040/pico-sdk/src/rp2_common/hardware_xosc/xosc.c.obj
 .comment       0x0000003c       0x1f CMakeFiles/timer_poc.dir/home/agr/EmbeddedDesign/RP2040/pico-sdk/src/rp2_common/pico_runtime/runtime.c.obj
 .comment       0x0000003c       0x1f CMakeFiles/timer_poc.dir/home/agr/EmbeddedDesign/RP2040/pico-sdk/src/rp2_common/pico_printf/printf.c.obj
 .comment       0x0000003c       0x1f CMakeFiles/timer_poc.dir/home/agr/EmbeddedDesign/RP2040/pico-sdk/src/rp2_common/pico_bootrom/bootrom.c.obj
 .comment       0x0000003c       0x1f CMakeFiles/timer_poc.dir/home/agr/EmbeddedDesign/RP2040/pico-sdk/src/rp2_common/pico_double/double_init_rom.c.obj
 .comment       0x0000003c       0x1f CMakeFiles/timer_poc.dir/home/agr/EmbeddedDesign/RP2040/pico-sdk/src/rp2_common/pico_float/float_init_rom.c.obj
 .comment       0x0000003c       0x1f CMakeFiles/timer_poc.dir/home/agr/EmbeddedDesign/RP2040/pico-sdk/src/rp2_common/pico_standard_link/binary_info.c.obj
 .comment       0x0000003c       0x1f CMakeFiles/timer_poc.dir/home/agr/EmbeddedDesign/RP2040/pico-sdk/src/rp2_common/pico_stdio/stdio.c.obj
 .comment       0x0000003c       0x1f CMakeFiles/timer_poc.dir/home/agr/EmbeddedDesign/RP2040/pico-sdk/src/rp2_common/pico_stdio_uart/stdio_uart.c.obj
 .comment       0x0000003c       0x1f lib/blinky/libblinky.a(blinky.c.obj)
 .comment       0x0000003c       0x1f lib/led/libled.a(led.c.obj)
 .comment       0x0000003c       0x1f lib/timer/libtimer.a(timer.c.obj)
 .comment       0x0000003c       0x1f /usr/lib/gcc/arm-none-eabi/13.2.0/../../../../arm-none-eabi/lib/thumb/v6-m/nofp/libg.a(libc_a-atexit.o)
 .comment       0x0000003c       0x1f /usr/lib/gcc/arm-none-eabi/13.2.0/../../../../arm-none-eabi/lib/thumb/v6-m/nofp/libg.a(libc_a-fini.o)
 .comment       0x0000003c       0x1f /usr/lib/gcc/arm-none-eabi/13.2.0/../../../../arm-none-eabi/lib/thumb/v6-m/nofp/libg.a(libc_a-lock.o)
 .comment       0x0000003c       0x1f /usr/lib/gcc/arm-none-eabi/13.2.0/../../../../arm-none-eabi/lib/thumb/v6-m/nofp/libg.a(libc_a-strlen-stub.o)
 .comment       0x0000003c       0x1f /usr/lib/gcc/arm-none-eabi/13.2.0/../../../../arm-none-eabi/lib/thumb/v6-m/nofp/libg.a(libc_a-__atexit.o)
 .comment       0x0000003c       0x1f /usr/lib/gcc/arm-none-eabi/13.2.0/../../../../arm-none-eabi/lib/thumb/v6-m/nofp/libg.a(libc_a-__call_atexit.o)

.debug_info     0x00000000    0x15aa4
 .debug_info    0x00000000      0x2ae CMakeFiles/timer_poc.dir/main.c.obj
 .debug_info    0x000002ae     0x184b CMakeFiles/timer_poc.dir/home/agr/EmbeddedDesign/RP2040/pico-sdk/src/rp2_common/hardware_gpio/gpio.c.obj
 .debug_info    0x00001af9      0x1fb CMakeFiles/timer_poc.dir/home/agr/EmbeddedDesign/RP2040/pico-sdk/src/rp2_common/pico_platform/platform.c.obj
 .debug_info    0x00001cf4      0x69a CMakeFiles/timer_poc.dir/home/agr/EmbeddedDesign/RP2040/pico-sdk/src/rp2_common/hardware_claim/claim.c.obj
 .debug_info    0x0000238e      0x5fa CMakeFiles/timer_poc.dir/home/agr/EmbeddedDesign/RP2040/pico-sdk/src/rp2_common/hardware_sync/sync.c.obj
 .debug_info    0x00002988     0x1c43 CMakeFiles/timer_poc.dir/home/agr/EmbeddedDesign/RP2040/pico-sdk/src/rp2_common/hardware_irq/irq.c.obj
 .debug_info    0x000045cb      0x1a3 CMakeFiles/timer_poc.dir/home/agr/EmbeddedDesign/RP2040/pico-sdk/src/common/pico_sync/lock_core.c.obj
 .debug_info    0x0000476e     0x1d29 CMakeFiles/timer_poc.dir/home/agr/EmbeddedDesign/RP2040/pico-sdk/src/common/pico_sync/mutex.c.obj
 .debug_info    0x00006497     0x33f9 CMakeFiles/timer_poc.dir/home/agr/EmbeddedDesign/RP2040/pico-sdk/src/common/pico_time/time.c.obj
 .debug_info    0x00009890     0x145b CMakeFiles/timer_poc.dir/home/agr/EmbeddedDesign/RP2040/pico-sdk/src/rp2_common/hardware_timer/timer.c.obj
 .debug_info    0x0000aceb      0xe82 CMakeFiles/timer_poc.dir/home/agr/EmbeddedDesign/RP2040/pico-sdk/src/common/pico_util/pheap.c.obj
 .debug_info    0x0000bb6d      0xd98 CMakeFiles/timer_poc.dir/home/agr/EmbeddedDesign/RP2040/pico-sdk/src/rp2_common/hardware_uart/uart.c.obj
 .debug_info    0x0000c905      0xfe7 CMakeFiles/timer_poc.dir/home/agr/EmbeddedDesign/RP2040/pico-sdk/src/rp2_common/hardware_clocks/clocks.c.obj
 .debug_info    0x0000d8ec      0x505 CMakeFiles/timer_poc.dir/home/agr/EmbeddedDesign/RP2040/pico-sdk/src/rp2_common/hardware_pll/pll.c.obj
 .debug_info    0x0000ddf1      0x4d8 CMakeFiles/timer_poc.dir/home/agr/EmbeddedDesign/RP2040/pico-sdk/src/rp2_common/hardware_watchdog/watchdog.c.obj
 .debug_info    0x0000e2c9      0x1c7 CMakeFiles/timer_poc.dir/home/agr/EmbeddedDesign/RP2040/pico-sdk/src/rp2_common/hardware_xosc/xosc.c.obj
 .debug_info    0x0000e490      0xf23 CMakeFiles/timer_poc.dir/home/agr/EmbeddedDesign/RP2040/pico-sdk/src/rp2_common/pico_runtime/runtime.c.obj
 .debug_info    0x0000f3b3     0x19db CMakeFiles/timer_poc.dir/home/agr/EmbeddedDesign/RP2040/pico-sdk/src/rp2_common/pico_printf/printf.c.obj
 .debug_info    0x00010d8e       0x23 CMakeFiles/timer_poc.dir/home/agr/EmbeddedDesign/RP2040/pico-sdk/src/rp2_common/pico_bit_ops/bit_ops_aeabi.S.obj
 .debug_info    0x00010db1      0x331 CMakeFiles/timer_poc.dir/home/agr/EmbeddedDesign/RP2040/pico-sdk/src/rp2_common/pico_bootrom/bootrom.c.obj
 .debug_info    0x000110e2       0x23 CMakeFiles/timer_poc.dir/home/agr/EmbeddedDesign/RP2040/pico-sdk/src/rp2_common/pico_divider/divider.S.obj
 .debug_info    0x00011105       0x23 CMakeFiles/timer_poc.dir/home/agr/EmbeddedDesign/RP2040/pico-sdk/src/rp2_common/pico_double/double_aeabi.S.obj
 .debug_info    0x00011128      0x365 CMakeFiles/timer_poc.dir/home/agr/EmbeddedDesign/RP2040/pico-sdk/src/rp2_common/pico_double/double_init_rom.c.obj
 .debug_info    0x0001148d       0x24 CMakeFiles/timer_poc.dir/home/agr/EmbeddedDesign/RP2040/pico-sdk/src/rp2_common/pico_double/double_v1_rom_shim.S.obj
 .debug_info    0x000114b1       0x24 CMakeFiles/timer_poc.dir/home/agr/EmbeddedDesign/RP2040/pico-sdk/src/rp2_common/pico_int64_ops/pico_int64_ops_aeabi.S.obj
 .debug_info    0x000114d5       0x23 CMakeFiles/timer_poc.dir/home/agr/EmbeddedDesign/RP2040/pico-sdk/src/rp2_common/pico_float/float_aeabi.S.obj
 .debug_info    0x000114f8      0x33a CMakeFiles/timer_poc.dir/home/agr/EmbeddedDesign/RP2040/pico-sdk/src/rp2_common/pico_float/float_init_rom.c.obj
 .debug_info    0x00011832       0x23 CMakeFiles/timer_poc.dir/home/agr/EmbeddedDesign/RP2040/pico-sdk/src/rp2_common/pico_mem_ops/mem_ops_aeabi.S.obj
 .debug_info    0x00011855       0x23 CMakeFiles/timer_poc.dir/home/agr/EmbeddedDesign/RP2040/pico-sdk/src/rp2_common/pico_standard_link/crt0.S.obj
 .debug_info    0x00011878      0x2b8 CMakeFiles/timer_poc.dir/home/agr/EmbeddedDesign/RP2040/pico-sdk/src/rp2_common/pico_standard_link/binary_info.c.obj
 .debug_info    0x00011b30     0x1743 CMakeFiles/timer_poc.dir/home/agr/EmbeddedDesign/RP2040/pico-sdk/src/rp2_common/pico_stdio/stdio.c.obj
 .debug_info    0x00013273     0x1035 CMakeFiles/timer_poc.dir/home/agr/EmbeddedDesign/RP2040/pico-sdk/src/rp2_common/pico_stdio_uart/stdio_uart.c.obj
 .debug_info    0x000142a8      0x311 lib/blinky/libblinky.a(blinky.c.obj)
 .debug_info    0x000145b9      0x7b4 lib/led/libled.a(led.c.obj)
 .debug_info    0x00014d6d      0x2bb lib/timer/libtimer.a(timer.c.obj)
 .debug_info    0x00015028       0x3c /usr/lib/gcc/arm-none-eabi/13.2.0/thumb/v6-m/nofp/libgcc.a(_dvmd_tls.o)
 .debug_info    0x00015064      0x118 /usr/lib/gcc/arm-none-eabi/13.2.0/../../../../arm-none-eabi/lib/thumb/v6-m/nofp/libg.a(libc_a-atexit.o)
 .debug_info    0x0001517c       0xf7 /usr/lib/gcc/arm-none-eabi/13.2.0/../../../../arm-none-eabi/lib/thumb/v6-m/nofp/libg.a(libc_a-fini.o)
 .debug_info    0x00015273      0x20a /usr/lib/gcc/arm-none-eabi/13.2.0/../../../../arm-none-eabi/lib/thumb/v6-m/nofp/libg.a(libc_a-lock.o)